Archive member included to satisfy reference by file (symbol)

/home/ben/Documents/ECE4140/gcc-arm-none-eabi-10.3-2021.10/bin/../lib/gcc/arm-none-eabi/10.3.1/../../../../arm-none-eabi/lib/thumb/v7e-m+fp/hard/libc_nano.a(lib_a-toupper.o)
                              build/cipher.o (toupper)
/home/ben/Documents/ECE4140/gcc-arm-none-eabi-10.3-2021.10/bin/../lib/gcc/arm-none-eabi/10.3.1/../../../../arm-none-eabi/lib/thumb/v7e-m+fp/hard/libc_nano.a(lib_a-ctype_.o)
                              /home/ben/Documents/ECE4140/gcc-arm-none-eabi-10.3-2021.10/bin/../lib/gcc/arm-none-eabi/10.3.1/../../../../arm-none-eabi/lib/thumb/v7e-m+fp/hard/libc_nano.a(lib_a-toupper.o) (_ctype_)
/home/ben/libopencm3/lib/libopencm3_stm32l4.a(flash_common_all.o)
                              build/esos_stm32l4_tick.o (flash_prefetch_enable)
/home/ben/libopencm3/lib/libopencm3_stm32l4.a(flash_common_idcache.o)
                              build/esos_stm32l4_tick.o (flash_dcache_enable)
/home/ben/libopencm3/lib/libopencm3_stm32l4.a(gpio_common_all.o)
                              build/m4_app.o (gpio_get)
/home/ben/libopencm3/lib/libopencm3_stm32l4.a(gpio_common_f0234.o)
                              build/m4_app.o (gpio_mode_setup)
/home/ben/libopencm3/lib/libopencm3_stm32l4.a(rcc.o)
                              build/esos_stm32l4_tick.o (rcc_wait_for_sysclk_status)
/home/ben/libopencm3/lib/libopencm3_stm32l4.a(rcc_common_all.o)
                              build/m4_app.o (rcc_periph_clock_enable)
/home/ben/libopencm3/lib/libopencm3_stm32l4.a(rng_common_v1.o)
                              build/esos_stm32l4_utils.o (rng_enable)
/home/ben/libopencm3/lib/libopencm3_stm32l4.a(usart_common_all.o)
                              build/esos_stm32l4_rs232.o (usart_set_baudrate)
/home/ben/libopencm3/lib/libopencm3_stm32l4.a(usart_common_v2.o)
                              build/esos_stm32l4_rs232.o (usart_send)
/home/ben/libopencm3/lib/libopencm3_stm32l4.a(vector.o)
                              (reset_handler)
/home/ben/libopencm3/lib/libopencm3_stm32l4.a(systick.o)
                              build/esos_stm32l4_tick.o (systick_set_reload)
/home/ben/libopencm3/lib/libopencm3_stm32l4.a(nvic.o)
                              build/esos_stm32l4_rs232.o (nvic_enable_irq)
/home/ben/libopencm3/lib/libopencm3_stm32l4.a(pwr.o)
                              /home/ben/libopencm3/lib/libopencm3_stm32l4.a(rcc.o) (pwr_set_vos_scale)

Discarded input sections

 .text          0x0000000000000000        0x0 build/m4_app.o
 .data          0x0000000000000000        0x0 build/m4_app.o
 .bss           0x0000000000000000        0x0 build/m4_app.o
 .text.circular_buffer_size
                0x0000000000000000       0x26 build/m4_app.o
 .bss.state     0x0000000000000000        0x1 build/m4_app.o
 .text          0x0000000000000000        0x0 build/cipher.o
 .data          0x0000000000000000        0x0 build/cipher.o
 .bss           0x0000000000000000        0x0 build/cipher.o
 .text.ascii_to_integer
                0x0000000000000000       0x24 build/cipher.o
 .text.rotate_key_left_by
                0x0000000000000000       0x14 build/cipher.o
 .rodata.reset_key.str1.4
                0x0000000000000000       0x16 build/cipher.o
 .text.reset_key
                0x0000000000000000       0x60 build/cipher.o
 .text          0x0000000000000000        0x0 build/esos.o
 .data          0x0000000000000000        0x0 build/esos.o
 .bss           0x0000000000000000        0x0 build/esos.o
 .text.esos_GetTaskHandle
                0x0000000000000000       0x40 build/esos.o
 .text.esos_GetTaskHandleFromID
                0x0000000000000000       0x40 build/esos.o
 .text.esos_GetFreeChildTaskStruct
                0x0000000000000000       0x2c build/esos.o
 .text.esos_GetMaxNumberTasks
                0x0000000000000000        0x4 build/esos.o
 .text.esos_RegisterTimer
                0x0000000000000000       0x60 build/esos.o
 .text.esos_UnregisterTimer
                0x0000000000000000       0x44 build/esos.o
 .text.esos_GetTimerHandle
                0x0000000000000000       0x40 build/esos.o
 .text.esos_ChangeTimerPeriod
                0x0000000000000000       0x28 build/esos.o
 .bss.__esos_u32UserFlags
                0x0000000000000000        0x4 build/esos.o
 .text          0x0000000000000000        0x0 build/esos_cb.o
 .data          0x0000000000000000        0x0 build/esos_cb.o
 .bss           0x0000000000000000        0x0 build/esos_cb.o
 .text.__esos_CB_WriteUINT16
                0x0000000000000000       0x52 build/esos_cb.o
 .text.__esos_CB_WriteUINT32
                0x0000000000000000       0xa2 build/esos_cb.o
 .text.__esos_CB_WriteUINT8Buffer
                0x0000000000000000       0x44 build/esos_cb.o
 .text.__esos_CB_ReadUINT16
                0x0000000000000000       0x3c build/esos_cb.o
 .text.__esos_CB_ReadUINT32
                0x0000000000000000       0x70 build/esos_cb.o
 .text.__esos_CB_ReadUINT8Buffer
[...]
Memory Configuration

Name             Origin             Length             Attributes
rom              0x0000000008000000 0x000000000003e800 xr
ram              0x0000000020000000 0x0000000000028000 xrw
*default*        0x0000000000000000 0xffffffffffffffff

Linker script and memory map

LOAD build/m4_app.o
LOAD build/cipher.o
LOAD build/esos.o
LOAD build/esos_cb.o
LOAD build/esos_utils.o
LOAD build/esos_comm.o
LOAD build/esos_mail.o
LOAD build/esos_stm32l4_tick.o
LOAD build/esos_stm32l4_utils.o
LOAD build/esos_stm32l4_rs232.o
LOAD /home/ben/Documents/ECE4140/gcc-arm-none-eabi-10.3-2021.10/bin/../lib/gcc/arm-none-eabi/10.3.1/../../../../arm-none-eabi/lib/thumb/v7e-m+fp/hard/libc_nano.a
LOAD /home/ben/Documents/ECE4140/gcc-arm-none-eabi-10.3-2021.10/bin/../lib/gcc/arm-none-eabi/10.3.1/../../../../arm-none-eabi/lib/thumb/v7e-m+fp/hard/libm.a
LOAD /home/ben/Documents/ECE4140/gcc-arm-none-eabi-10.3-2021.10/bin/../lib/gcc/arm-none-eabi/10.3.1/../../../../arm-none-eabi/lib/thumb/v7e-m+fp/hard/libnosys.a
LOAD /home/ben/libopencm3/lib/libopencm3_stm32l4.a
START GROUP
LOAD /home/ben/Documents/ECE4140/gcc-arm-none-eabi-10.3-2021.10/bin/../lib/gcc/arm-none-eabi/10.3.1/thumb/v7e-m+fp/hard/libgcc.a
LOAD /home/ben/Documents/ECE4140/gcc-arm-none-eabi-10.3-2021.10/bin/../lib/gcc/arm-none-eabi/10.3.1/../../../../arm-none-eabi/lib/thumb/v7e-m+fp/hard/libc_nano.a
END GROUP
START GROUP
LOAD /home/ben/Documents/ECE4140/gcc-arm-none-eabi-10.3-2021.10/bin/../lib/gcc/arm-none-eabi/10.3.1/thumb/v7e-m+fp/hard/libgcc.a
LOAD /home/ben/Documents/ECE4140/gcc-arm-none-eabi-10.3-2021.10/bin/../lib/gcc/arm-none-eabi/10.3.1/../../../../arm-none-eabi/lib/thumb/v7e-m+fp/hard/libc_nano.a
LOAD /home/ben/Documents/ECE4140/gcc-arm-none-eabi-10.3-2021.10/bin/../lib/gcc/arm-none-eabi/10.3.1/../../../../arm-none-eabi/lib/thumb/v7e-m+fp/hard/libnosys.a
END GROUP
START GROUP
LOAD /home/ben/Documents/ECE4140/gcc-arm-none-eabi-10.3-2021.10/bin/../lib/gcc/arm-none-eabi/10.3.1/thumb/v7e-m+fp/hard/libgcc.a
LOAD /home/ben/Documents/ECE4140/gcc-arm-none-eabi-10.3-2021.10/bin/../lib/gcc/arm-none-eabi/10.3.1/../../../../arm-none-eabi/lib/thumb/v7e-m+fp/hard/libc_nano.a
LOAD /home/ben/Documents/ECE4140/gcc-arm-none-eabi-10.3-2021.10/bin/../lib/gcc/arm-none-eabi/10.3.1/../../../../arm-none-eabi/lib/thumb/v7e-m+fp/hard/libnosys.a
END GROUP

.text           0x0000000008000000     0x152c
 *(.vectors)
 .vectors       0x0000000008000000      0x1ac /home/ben/libopencm3/lib/libopencm3_stm32l4.a(vector.o)
                0x0000000008000000                vector_table
 *(.text*)
 .text.flash_LED
                0x00000000080001ac       0x78 build/m4_app.o
                0x00000000080001ac                flash_LED
 .text.circular_buffer_init
                0x0000000008000224       0x10 build/m4_app.o
                0x0000000008000224                circular_buffer_init
 .text.circular_buffer_is_empty
                0x0000000008000234       0x1e build/m4_app.o
                0x0000000008000234                circular_buffer_is_empty
 .text.circular_buffer_is_full
                0x0000000008000252        0x6 build/m4_app.o
                0x0000000008000252                circular_buffer_is_full
 .text.circular_buffer_write
                0x0000000008000258       0x48 build/m4_app.o
                0x0000000008000258                circular_buffer_write
 .text.usart_receive
                0x00000000080002a0      0x110 build/m4_app.o
                0x00000000080002a0                usart_receive
 .text.circular_buffer_read
                0x00000000080003b0       0x22 build/m4_app.o
                0x00000000080003b0                circular_buffer_read
 *fill*         0x00000000080003d2        0x2 
 .text.usart_sender
                0x00000000080003d4      0x160 build/m4_app.o
                0x00000000080003d4                usart_sender
 .text.receivToSender
                0x0000000008000534      0x114 build/m4_app.o
                0x0000000008000534                receivToSender
 .text.__user_init_hw
                0x0000000008000648       0x34 build/m4_app.o
                0x0000000008000648                __user_init_hw
 .text.user_init
                0x000000000800067c       0x50 build/m4_app.o
                0x000000000800067c                user_init
 .text.rotate_key
                0x00000000080006cc       0x24 build/cipher.o
                0x00000000080006cc                rotate_key
 .text.rotate_key2
                0x00000000080006f0       0x24 build/cipher.o
                0x00000000080006f0                rotate_key2
 .text.encypher
                0x0000000008000714       0x34 build/cipher.o
                0x0000000008000714                encypher
 .text.decypher
                0x0000000008000748       0x38 build/cipher.o
                0x0000000008000748                decypher
 .text.esos_RegisterTask
                0x0000000008000780       0xe0 build/esos.o
                0x0000000008000780                esos_RegisterTask
 .text.esos_UnregisterTask
                0x0000000008000860       0x54 build/esos.o
                0x0000000008000860                esos_UnregisterTask
 .text.__esos_hasTickDurationPassed
                0x00000000080008b4       0x1e build/esos.o
                0x00000000080008b4                __esos_hasTickDurationPassed
 *fill*         0x00000000080008d2        0x2 
 .text.__esos_tmrSvcsExecute
                0x00000000080008d4       0x5c build/esos.o
                0x00000000080008d4                __esos_tmrSvcsExecute
 .text.__esosInit
                0x0000000008000930       0xc0 build/esos.o
                0x0000000008000930                __esosInit
 .text.main     0x00000000080009f0       0xa8 build/esos.o
                0x00000000080009f0                main
 .text.__esos_CB_Init
                0x0000000008000a98        0xc build/esos_cb.o
                0x0000000008000a98                __esos_CB_Init
 .text.__esos_CB_WriteUINT8
                0x0000000008000aa4       0x24 build/esos_cb.o
                0x0000000008000aa4                __esos_CB_WriteUINT8
 .text.__esos_CB_OverwriteUINT8
                0x0000000008000ac8       0x34 build/esos_cb.o
                0x0000000008000ac8                __esos_CB_OverwriteUINT8
 .text.__esos_CB_ReadUINT8
                0x0000000008000afc       0x1e build/esos_cb.o
                0x0000000008000afc                __esos_CB_ReadUINT8
 *fill*         0x0000000008000b1a        0x2 
 .text.__esos_set_PRNG_U32Seed
                0x0000000008000b1c        0xc build/esos_utils.o
                0x0000000008000b1c                __esos_set_PRNG_U32Seed
 .text.__esos_InitCommSystem
                0x0000000008000b28       0x40 build/esos_comm.o
                0x0000000008000b28                __esos_InitCommSystem
 .text.__esos_OutChar
                0x0000000008000b68       0x74 build/esos_comm.o
                0x0000000008000b68                __esos_OutChar
 .text.__esos_getBuffer
                0x0000000008000bdc       0x98 build/esos_comm.o
                0x0000000008000bdc                __esos_getBuffer
 .text.__esos_unsafe_PutString
                0x0000000008000c74       0x28 build/esos_comm.o
                0x0000000008000c74                __esos_unsafe_PutString
 .text.__esos_InitMailbox
                0x0000000008000c9c        0xc build/esos_mail.o
                0x0000000008000c9c                __esos_InitMailbox
 .text.__esos_hw_InitSystemTick
                0x0000000008000ca8       0xb4 build/esos_stm32l4_tick.o
                0x0000000008000ca8                __esos_hw_InitSystemTick
 .text.__esos_hw_GetSystemTickCount
                0x0000000008000d5c        0xc build/esos_stm32l4_tick.o
                0x0000000008000d5c                __esos_hw_GetSystemTickCount
 .text.sys_tick_handler
                0x0000000008000d68       0x14 build/esos_stm32l4_tick.o
                0x0000000008000d68                sys_tick_handler
 .text.__esos_hw_config_PRNG
                0x0000000008000d7c        0x8 build/esos_stm32l4_utils.o
                0x0000000008000d7c                __esos_hw_config_PRNG
 .text.__esos_hw_signal_start_tx
                0x0000000008000d84       0x44 build/esos_stm32l4_rs232.o
                0x0000000008000d84                __esos_hw_signal_start_tx
 .text.usart2_isr
                0x0000000008000dc8       0x9c build/esos_stm32l4_rs232.o
                0x0000000008000dc8                usart2_isr
 .text.__esos_configUART1
                0x0000000008000e64       0xa0 build/esos_stm32l4_rs232.o
                0x0000000008000e64                __esos_configUART1
 .text.__esos_hw_InitCommSystem
                0x0000000008000f04        0xc build/esos_stm32l4_rs232.o
                0x0000000008000f04                __esos_hw_InitCommSystem
 .text.toupper  0x0000000008000f10       0x14 /home/ben/Documents/ECE4140/gcc-arm-none-eabi-10.3-2021.10/bin/../lib/gcc/arm-none-eabi/10.3.1/../../../../arm-none-eabi/lib/thumb/v7e-m+fp/hard/libc_nano.a(lib_a-toupper.o)
                0x0000000008000f10                toupper
 .text.flash_prefetch_enable
                0x0000000008000f24       0x10 /home/ben/libopencm3/lib/libopencm3_stm32l4.a(flash_common_all.o)
                0x0000000008000f24                flash_prefetch_enable
 .text.flash_set_ws
                0x0000000008000f34       0x14 /home/ben/libopencm3/lib/libopencm3_stm32l4.a(flash_common_all.o)
                0x0000000008000f34                flash_set_ws
 .text.flash_dcache_enable
                0x0000000008000f48       0x10 /home/ben/libopencm3/lib/libopencm3_stm32l4.a(flash_common_idcache.o)
                0x0000000008000f48                flash_dcache_enable
 .text.flash_icache_enable
                0x0000000008000f58       0x10 /home/ben/libopencm3/lib/libopencm3_stm32l4.a(flash_common_idcache.o)
                0x0000000008000f58                flash_icache_enable
 .text.gpio_get
                0x0000000008000f68        0x6 /home/ben/libopencm3/lib/libopencm3_stm32l4.a(gpio_common_all.o)
                0x0000000008000f68                gpio_get
 .text.gpio_toggle
                0x0000000008000f6e       0x12 /home/ben/libopencm3/lib/libopencm3_stm32l4.a(gpio_common_all.o)
                0x0000000008000f6e                gpio_toggle
 .text.gpio_mode_setup
                0x0000000008000f80       0x40 /home/ben/libopencm3/lib/libopencm3_stm32l4.a(gpio_common_f0234.o)
                0x0000000008000f80                gpio_mode_setup
 .text.gpio_set_output_options
                0x0000000008000fc0       0x36 /home/ben/libopencm3/lib/libopencm3_stm32l4.a(gpio_common_f0234.o)
                0x0000000008000fc0                gpio_set_output_options
 .text.gpio_set_af
                0x0000000008000ff6       0x58 /home/ben/libopencm3/lib/libopencm3_stm32l4.a(gpio_common_f0234.o)
                0x0000000008000ff6                gpio_set_af
 *fill*         0x000000000800104e        0x2 
 .text.rcc_uart_i2c_clksel_freq_hz
                0x0000000008001050       0x40 /home/ben/libopencm3/lib/libopencm3_stm32l4.a(rcc.o)
 .text.rcc_wait_for_sysclk_status
                0x0000000008001090       0x48 /home/ben/libopencm3/lib/libopencm3_stm32l4.a(rcc.o)
                0x0000000008001090                rcc_wait_for_sysclk_status
 .text.rcc_osc_on
                0x00000000080010d8       0x70 /home/ben/libopencm3/lib/libopencm3_stm32l4.a(rcc.o)
                0x00000000080010d8                rcc_osc_on
 .text.rcc_set_sysclk_source
                0x0000000008001148       0x14 /home/ben/libopencm3/lib/libopencm3_stm32l4.a(rcc.o)
                0x0000000008001148                rcc_set_sysclk_source
 .text.rcc_set_main_pll
                0x000000000800115c       0x28 /home/ben/libopencm3/lib/libopencm3_stm32l4.a(rcc.o)
                0x000000000800115c                rcc_set_main_pll
 .text.rcc_get_usart_clk_freq
                0x0000000008001184       0x78 /home/ben/libopencm3/lib/libopencm3_stm32l4.a(rcc.o)
                0x0000000008001184                rcc_get_usart_clk_freq
 .text.rcc_periph_clock_enable
                0x00000000080011fc       0x1c /home/ben/libopencm3/lib/libopencm3_stm32l4.a(rcc_common_all.o)
                0x00000000080011fc                rcc_periph_clock_enable
 .text.rcc_get_div_from_hpre
                0x0000000008001218       0x1c /home/ben/libopencm3/lib/libopencm3_stm32l4.a(rcc_common_all.o)
                0x0000000008001218                rcc_get_div_from_hpre
 .text.rng_enable
                0x0000000008001234       0x14 /home/ben/libopencm3/lib/libopencm3_stm32l4.a(rng_common_v1.o)
                0x0000000008001234                rng_enable
 .text.usart_set_baudrate
                0x0000000008001248       0x38 /home/ben/libopencm3/lib/libopencm3_stm32l4.a(usart_common_all.o)
                0x0000000008001248                usart_set_baudrate
 .text.usart_set_databits
                0x0000000008001280       0x12 /home/ben/libopencm3/lib/libopencm3_stm32l4.a(usart_common_all.o)
                0x0000000008001280                usart_set_databits
 .text.usart_set_stopbits
                0x0000000008001292        0xc /home/ben/libopencm3/lib/libopencm3_stm32l4.a(usart_common_all.o)
                0x0000000008001292                usart_set_stopbits
 .text.usart_set_parity
                0x000000000800129e        0xc /home/ben/libopencm3/lib/libopencm3_stm32l4.a(usart_common_all.o)
                0x000000000800129e                usart_set_parity
 .text.usart_set_mode
                0x00000000080012aa        0xc /home/ben/libopencm3/lib/libopencm3_stm32l4.a(usart_common_all.o)
                0x00000000080012aa                usart_set_mode
 .text.usart_set_flow_control
                0x00000000080012b6        0xc /home/ben/libopencm3/lib/libopencm3_stm32l4.a(usart_common_all.o)
                0x00000000080012b6                usart_set_flow_control
 .text.usart_enable
                0x00000000080012c2        0xa /home/ben/libopencm3/lib/libopencm3_stm32l4.a(usart_common_all.o)
                0x00000000080012c2                usart_enable
 .text.usart_enable_rx_interrupt
                0x00000000080012cc        0xa /home/ben/libopencm3/lib/libopencm3_stm32l4.a(usart_common_all.o)
                0x00000000080012cc                usart_enable_rx_interrupt
 .text.usart_enable_tx_interrupt
                0x00000000080012d6        0xa /home/ben/libopencm3/lib/libopencm3_stm32l4.a(usart_common_all.o)
                0x00000000080012d6                usart_enable_tx_interrupt
 .text.usart_disable_tx_interrupt
                0x00000000080012e0        0xa /home/ben/libopencm3/lib/libopencm3_stm32l4.a(usart_common_all.o)
                0x00000000080012e0                usart_disable_tx_interrupt
 .text.usart_send
                0x00000000080012ea        0x8 /home/ben/libopencm3/lib/libopencm3_stm32l4.a(usart_common_v2.o)
                0x00000000080012ea                usart_send
 .text.usart_recv
                0x00000000080012f2        0x8 /home/ben/libopencm3/lib/libopencm3_stm32l4.a(usart_common_v2.o)
                0x00000000080012f2                usart_recv
 .text.blocking_handler
                0x00000000080012fa        0x2 /home/ben/libopencm3/lib/libopencm3_stm32l4.a(vector.o)
                0x00000000080012fa                i2c4_ev_isr
                0x00000000080012fa                usart3_isr
                0x00000000080012fa                swpmi1_isr
                0x00000000080012fa                tim7_isr
                0x00000000080012fa                dma2d_isr
                0x00000000080012fa                rng_isr
                0x00000000080012fa                adc1_2_isr
                0x00000000080012fa                i2c4_er_isr
                0x00000000080012fa                blocking_handler
                0x00000000080012fa                tsc_isr
                0x00000000080012fa                tim5_isr
                0x00000000080012fa                rtc_wkup_isr
                0x00000000080012fa                otg_fs_isr
                0x00000000080012fa                tim1_up_tim16_isr
                0x00000000080012fa                spi1_isr
                0x00000000080012fa                i2c3_er_isr
                0x00000000080012fa                dma2_channel7_isr
                0x00000000080012fa                exti2_isr
                0x00000000080012fa                dma1_channel6_isr
                0x00000000080012fa                dma1_channel5_isr
                0x00000000080012fa                dma2_channel5_isr
                0x00000000080012fa                tamp_stamp_isr
                0x00000000080012fa                fmc_isr
                0x00000000080012fa                can1_rx1_isr
                0x00000000080012fa                usart1_isr
                0x00000000080012fa                i2c3_ev_isr
                0x00000000080012fa                usage_fault_handler
                0x00000000080012fa                tim8_trg_com_isr
                0x00000000080012fa                can2_rx0_isr
                0x00000000080012fa                tim1_trg_com_tim17_isr
                0x00000000080012fa                can2_rx1_isr
                0x00000000080012fa                can1_sce_isr
                0x00000000080012fa                tim1_cc_isr
                0x00000000080012fa                can1_tx_isr
                0x00000000080012fa                dma1_channel4_isr
                0x00000000080012fa                tim8_brk_isr
                0x00000000080012fa                dma2_channel4_isr
                0x00000000080012fa                lptim1_isr
                0x00000000080012fa                lpuart1_isr
                0x00000000080012fa                can1_rx0_isr
                0x00000000080012fa                rcc_isr
                0x00000000080012fa                flash_isr
                0x00000000080012fa                uart4_isr
                0x00000000080012fa                rtc_alarm_isr
                0x00000000080012fa                exti15_10_isr
                0x00000000080012fa                hard_fault_handler
                0x00000000080012fa                exti1_isr
                0x00000000080012fa                i2c1_ev_isr
                0x00000000080012fa                dma2_channel1_isr
                0x00000000080012fa                dfsdm2_isr
                0x00000000080012fa                spi2_isr
                0x00000000080012fa                aes_isr
                0x00000000080012fa                tim8_up_isr
                0x00000000080012fa                tim6_dacunder_isr
                0x00000000080012fa                dma2_channel6_isr
                0x00000000080012fa                dma2_channel2_isr
                0x00000000080012fa                exti3_isr
                0x00000000080012fa                adc3_isr
                0x00000000080012fa                tim3_isr
                0x00000000080012fa                sai1_isr
                0x00000000080012fa                fpu_isr
                0x00000000080012fa                i2c2_er_isr
                0x00000000080012fa                i2c2_ev_isr
                0x00000000080012fa                uart5_isr
                0x00000000080012fa                dma1_channel1_isr
                0x00000000080012fa                exti4_isr
                0x00000000080012fa                dfsdm3_isr
                0x00000000080012fa                comp_isr
                0x00000000080012fa                mem_manage_handler
                0x00000000080012fa                can2_tx_isr
                0x00000000080012fa                lptim2_isr
                0x00000000080012fa                lcd_isr
                0x00000000080012fa                exti9_5_isr
                0x00000000080012fa                dma2_channel3_isr
                0x00000000080012fa                dfsdm1_isr
                0x00000000080012fa                dma1_channel7_isr
                0x00000000080012fa                pvd_pvm_isr
                0x00000000080012fa                can2_sce_isr
                0x00000000080012fa                tim4_isr
                0x00000000080012fa                sai2_isr
                0x00000000080012fa                dma1_channel2_isr
                0x00000000080012fa                i2c1_er_isr
                0x00000000080012fa                tim8_cc_isr
                0x00000000080012fa                dcmi_isr
                0x00000000080012fa                hash_crs_isr
                0x00000000080012fa                bus_fault_handler
                0x00000000080012fa                wwdg_isr
                0x00000000080012fa                tim1_brk_tim15_isr
                0x00000000080012fa                dma1_channel3_isr
                0x00000000080012fa                sdmmc1_isr
                0x00000000080012fa                spi3_isr
                0x00000000080012fa                quadspi_isr
                0x00000000080012fa                dfsdm0_isr
                0x00000000080012fa                tim2_isr
                0x00000000080012fa                exti0_isr
 .text.null_handler
                0x00000000080012fc        0x2 /home/ben/libopencm3/lib/libopencm3_stm32l4.a(vector.o)
                0x00000000080012fc                null_handler
                0x00000000080012fc                sv_call_handler
                0x00000000080012fc                pend_sv_handler
                0x00000000080012fc                debug_monitor_handler
                0x00000000080012fc                nmi_handler
 *fill*         0x00000000080012fe        0x2 
 .text.reset_handler
                0x0000000008001300       0xa0 /home/ben/libopencm3/lib/libopencm3_stm32l4.a(vector.o)
                0x0000000008001300                reset_handler
 .text.systick_set_reload
                0x00000000080013a0        0xc /home/ben/libopencm3/lib/libopencm3_stm32l4.a(systick.o)
                0x00000000080013a0                systick_set_reload
 .text.systick_set_clocksource
                0x00000000080013ac       0x14 /home/ben/libopencm3/lib/libopencm3_stm32l4.a(systick.o)
                0x00000000080013ac                systick_set_clocksource
 .text.systick_interrupt_enable
                0x00000000080013c0        0xe /home/ben/libopencm3/lib/libopencm3_stm32l4.a(systick.o)
                0x00000000080013c0                systick_interrupt_enable
 .text.systick_counter_enable
                0x00000000080013ce        0xe /home/ben/libopencm3/lib/libopencm3_stm32l4.a(systick.o)
                0x00000000080013ce                systick_counter_enable
 .text.nvic_enable_irq
                0x00000000080013dc       0x1c /home/ben/libopencm3/lib/libopencm3_stm32l4.a(nvic.o)
                0x00000000080013dc                nvic_enable_irq
                0x00000000080013f8                . = ALIGN (0x4)
 *(.rodata*)
 .rodata.user_init.str1.4
                0x00000000080013f8       0x31 build/m4_app.o
 .rodata._ctype_
                0x0000000008001429      0x101 /home/ben/Documents/ECE4140/gcc-arm-none-eabi-10.3-2021.10/bin/../lib/gcc/arm-none-eabi/10.3.1/../../../../arm-none-eabi/lib/thumb/v7e-m+fp/hard/libc_nano.a(lib_a-ctype_.o)
                0x0000000008001429                _ctype_
                0x000000000800152c                . = ALIGN (0x4)
 *fill*         0x000000000800152a        0x2 

.glue_7         0x000000000800152c        0x0
 .glue_7        0x000000000800152c        0x0 linker stubs

.glue_7t        0x000000000800152c        0x0
 .glue_7t       0x000000000800152c        0x0 linker stubs

.vfp11_veneer   0x000000000800152c        0x0
 .vfp11_veneer  0x000000000800152c        0x0 linker stubs

.v4_bx          0x000000000800152c        0x0
 .v4_bx         0x000000000800152c        0x0 linker stubs

.iplt           0x000000000800152c        0x0
 .iplt          0x000000000800152c        0x0 build/m4_app.o

.rel.dyn        0x000000000800152c        0x0
 .rel.iplt      0x000000000800152c        0x0 build/m4_app.o

.preinit_array  0x000000000800152c        0x0
                0x000000000800152c                . = ALIGN (0x4)
                0x000000000800152c                __preinit_array_start = .
 *(.preinit_array)
                0x000000000800152c                __preinit_array_end = .

.init_array     0x000000000800152c        0x0
                0x000000000800152c                . = ALIGN (0x4)
                0x000000000800152c                __init_array_start = .
 *(SORT_BY_NAME(.init_array.*))
 *(.init_array)
                0x000000000800152c                __init_array_end = .

.fini_array     0x000000000800152c        0x0
                0x000000000800152c                . = ALIGN (0x4)
                0x000000000800152c                __fini_array_start = .
 *(.fini_array)
 *(SORT_BY_NAME(.fini_array.*))
                0x000000000800152c                __fini_array_end = .

.ARM.extab
 *(.ARM.extab*)

.ARM.exidx      0x000000000800152c        0x0
                0x000000000800152c                __exidx_start = .
 *(.ARM.exidx*)
                0x000000000800152c                __exidx_end = .
                0x000000000800152c                . = ALIGN (0x4)
                0x000000000800152c                _etext = .

.noinit
 *(.noinit)
                0x000000000800152c                . = ALIGN (0x4)

.data           0x0000000020000000       0x40 load address 0x000000000800152c
                0x0000000020000000                _data = .
 *(.data*)
 .data.key      0x0000000020000000       0x16 build/m4_app.o
                0x0000000020000000                key
 *fill*         0x0000000020000016        0x2 
 .data.key2     0x0000000020000018       0x16 build/m4_app.o
                0x0000000020000018                key2
 *fill*         0x000000002000002e        0x2 
 .data.timer2Period
                0x0000000020000030        0x4 build/m4_app.o
                0x0000000020000030                timer2Period
 .data.rcc_ahb_frequency
                0x0000000020000034        0x4 /home/ben/libopencm3/lib/libopencm3_stm32l4.a(rcc.o)
                0x0000000020000034                rcc_ahb_frequency
 .data.rcc_apb1_frequency
                0x0000000020000038        0x4 /home/ben/libopencm3/lib/libopencm3_stm32l4.a(rcc.o)
                0x0000000020000038                rcc_apb1_frequency
 .data.rcc_apb2_frequency
                0x000000002000003c        0x4 /home/ben/libopencm3/lib/libopencm3_stm32l4.a(rcc.o)
                0x000000002000003c                rcc_apb2_frequency
                0x0000000020000040                . = ALIGN (0x4)
 *(.ramfunctions)
                0x0000000020000040                _edata = .
                0x000000000800152c                _data_loadaddr = LOADADDR (.data)

.igot.plt       0x0000000020000040        0x0 load address 0x000000000800156c
 .igot.plt      0x0000000020000040        0x0 build/m4_app.o

.bss            0x0000000020000040     0x2174 load address 0x000000000800156c
 *(.bss*)
 .bss.bufferReceiver
                0x0000000020000040      0x40c build/m4_app.o
                0x0000000020000040                bufferReceiver
 .bss.bufferSender
                0x000000002000044c      0x40c build/m4_app.o
                0x000000002000044c                bufferSender
 .bss.decrypt.2
                0x0000000020000858        0x1 build/m4_app.o
 .bss.encrypt.0
                0x0000000020000859        0x1 build/m4_app.o
 .bss.r2s.1     0x000000002000085a        0x1 build/m4_app.o
 .bss.recvUSART.5
                0x000000002000085b        0x1 build/m4_app.o
 .bss.s2r.3     0x000000002000085c        0x1 build/m4_app.o
 .bss.sendUSART.4
                0x000000002000085d        0x1 build/m4_app.o
 *fill*         0x000000002000085e        0x2 
 .bss.__astChildTaskPool
                0x0000000020000860      0x300 build/esos.o
                0x0000000020000860                __astChildTaskPool
 .bss.__astCircularBuffers
                0x0000000020000b60      0x180 build/esos.o
                0x0000000020000b60                __astCircularBuffers
 .bss.__astMailbox
                0x0000000020000ce0      0x100 build/esos.o
                0x0000000020000ce0                __astMailbox
 .bss.__astTmrSvcs
                0x0000000020000de0       0xc0 build/esos.o
                0x0000000020000de0                __astTmrSvcs
 .bss.__astUserTaskPool
                0x0000000020000ea0      0x300 build/esos.o
                0x0000000020000ea0                __astUserTaskPool
 .bss.__au8UserTaskStructIndex
                0x00000000200011a0       0x20 build/esos.o
                0x00000000200011a0                __au8UserTaskStructIndex
 .bss.__au8_MBData
                0x00000000200011c0      0xf00 build/esos.o
                0x00000000200011c0                __au8_MBData
 .bss.__esos_u32SystemFlags
                0x00000000200020c0        0x4 build/esos.o
                0x00000000200020c0                __esos_u32SystemFlags
 .bss.__esos_u32TmrActiveFlags
                0x00000000200020c4        0x4 build/esos.o
                0x00000000200020c4                __esos_u32TmrActiveFlags
 .bss.__esos_u8TmrSvcsRegistered
                0x00000000200020c8        0x1 build/esos.o
                0x00000000200020c8                __esos_u8TmrSvcsRegistered
 *fill*         0x00000000200020c9        0x1 
 .bss.__u16NumTasksEverCreated
                0x00000000200020ca        0x2 build/esos.o
                0x00000000200020ca                __u16NumTasksEverCreated
 .bss.__u8ChildTasksRegistered
                0x00000000200020cc        0x1 build/esos.o
                0x00000000200020cc                __u8ChildTasksRegistered
 .bss.__u8UserTasksRegistered
                0x00000000200020cd        0x1 build/esos.o
                0x00000000200020cd                __u8UserTasksRegistered
 *fill*         0x00000000200020ce        0x2 
 .bss.__u32_esos_PRNG_Seed
                0x00000000200020d0        0x4 build/esos_utils.o
                0x00000000200020d0                __u32_esos_PRNG_Seed
 .bss.__esos_comm_rx_buff
                0x00000000200020d4       0x40 build/esos_comm.o
                0x00000000200020d4                __esos_comm_rx_buff
 .bss.__esos_comm_tx_buff
                0x0000000020002114       0x40 build/esos_comm.o
                0x0000000020002114                __esos_comm_tx_buff
 .bss.__pst_CB_Rx
                0x0000000020002154        0x4 build/esos_comm.o
                0x0000000020002154                __pst_CB_Rx
 .bss.__pst_CB_Tx
                0x0000000020002158        0x4 build/esos_comm.o
                0x0000000020002158                __pst_CB_Tx
 .bss.__stChildTaskRx
                0x000000002000215c       0x18 build/esos_comm.o
                0x000000002000215c                __stChildTaskRx
 .bss.__stChildTaskTx
                0x0000000020002174       0x18 build/esos_comm.o
                0x0000000020002174                __stChildTaskTx
 .bss.__st_CB_Rx
                0x000000002000218c        0xc build/esos_comm.o
                0x000000002000218c                __st_CB_Rx
 .bss.__st_CB_Tx
                0x0000000020002198        0xc build/esos_comm.o
                0x0000000020002198                __st_CB_Tx
 .bss.pau8_LocalPtr.2
                0x00000000200021a4        0x4 build/esos_comm.o
 .bss.u8_LocalSize.3
                0x00000000200021a8        0x1 build/esos_comm.o
 .bss.u8_i.1    0x00000000200021a9        0x1 build/esos_comm.o
 .bss.u8_localChar.11
                0x00000000200021aa        0x1 build/esos_comm.o
 *fill*         0x00000000200021ab        0x1 
 .bss.esos_tick_count
                0x00000000200021ac        0x4 build/esos_stm32l4_tick.o
                0x00000000200021ac                esos_tick_count
 .bss.u8_uartRXbuf
                0x00000000200021b0        0x1 build/esos_stm32l4_rs232.o
                0x00000000200021b0                u8_uartRXbuf
 .bss.u8_uartTXbuf
                0x00000000200021b1        0x1 build/esos_stm32l4_rs232.o
                0x00000000200021b1                u8_uartTXbuf
 *(COMMON)
                0x00000000200021b4                . = ALIGN (0x4)
 *fill*         0x00000000200021b2        0x2 
                0x00000000200021b4                _ebss = .

/DISCARD/
 *(.eh_frame)
                0x00000000200021b4                . = ALIGN (0x4)
                0x00000000200021b4                end = .
                0x0000000020028000                PROVIDE (_stack = (ORIGIN (ram) + LENGTH (ram)))
OUTPUT(build/m4_app.elf elf32-littlearm)
LOAD linker stubs

.debug_info     0x0000000000000000     0x702f
 .debug_info    0x0000000000000000      0x9a7 build/m4_app.o
 .debug_info    0x00000000000009a7      0x3ba build/cipher.o
 .debug_info    0x0000000000000d61      0xa5b build/esos.o
 .debug_info    0x00000000000017bc      0x491 build/esos_cb.o
 .debug_info    0x0000000000001c4d      0x2f2 build/esos_utils.o
 .debug_info    0x0000000000001f3f      0x9b6 build/esos_comm.o
 .debug_info    0x00000000000028f5      0x52c build/esos_mail.o
 .debug_info    0x0000000000002e21      0x75b build/esos_stm32l4_tick.o
 .debug_info    0x000000000000357c      0x129 build/esos_stm32l4_utils.o
 .debug_info    0x00000000000036a5      0x94b build/esos_stm32l4_rs232.o
 .debug_info    0x0000000000003ff0       0xfc /home/ben/libopencm3/lib/libopencm3_stm32l4.a(flash_common_all.o)
 .debug_info    0x00000000000040ec       0xf4 /home/ben/libopencm3/lib/libopencm3_stm32l4.a(flash_common_idcache.o)
 .debug_info    0x00000000000041e0      0x266 /home/ben/libopencm3/lib/libopencm3_stm32l4.a(gpio_common_all.o)
 .debug_info    0x0000000000004446      0x233 /home/ben/libopencm3/lib/libopencm3_stm32l4.a(gpio_common_f0234.o)
 .debug_info    0x0000000000004679      0xe89 /home/ben/libopencm3/lib/libopencm3_stm32l4.a(rcc.o)
 .debug_info    0x0000000000005502      0x847 /home/ben/libopencm3/lib/libopencm3_stm32l4.a(rcc_common_all.o)
 .debug_info    0x0000000000005d49      0x1a4 /home/ben/libopencm3/lib/libopencm3_stm32l4.a(rng_common_v1.o)
 .debug_info    0x0000000000005eed      0x5d1 /home/ben/libopencm3/lib/libopencm3_stm32l4.a(usart_common_all.o)
 .debug_info    0x00000000000064be      0x3ae /home/ben/libopencm3/lib/libopencm3_stm32l4.a(usart_common_v2.o)
 .debug_info    0x000000000000686c      0x2f2 /home/ben/libopencm3/lib/libopencm3_stm32l4.a(vector.o)
 .debug_info    0x0000000000006b5e      0x280 /home/ben/libopencm3/lib/libopencm3_stm32l4.a(systick.o)
 .debug_info    0x0000000000006dde      0x251 /home/ben/libopencm3/lib/libopencm3_stm32l4.a(nvic.o)

.debug_abbrev   0x0000000000000000     0x1ef3
 .debug_abbrev  0x0000000000000000      0x29f build/m4_app.o
 .debug_abbrev  0x000000000000029f      0x1b0 build/cipher.o
 .debug_abbrev  0x000000000000044f      0x2c9 build/esos.o
 .debug_abbrev  0x0000000000000718      0x12d build/esos_cb.o
 .debug_abbrev  0x0000000000000845      0x158 build/esos_utils.o
 .debug_abbrev  0x000000000000099d      0x202 build/esos_comm.o
 .debug_abbrev  0x0000000000000b9f      0x17f build/esos_mail.o
 .debug_abbrev  0x0000000000000d1e      0x150 build/esos_stm32l4_tick.o
 .debug_abbrev  0x0000000000000e6e       0xc1 build/esos_stm32l4_utils.o
 .debug_abbrev  0x0000000000000f2f      0x1be build/esos_stm32l4_rs232.o
 .debug_abbrev  0x00000000000010ed       0x9a /home/ben/libopencm3/lib/libopencm3_stm32l4.a(flash_common_all.o)
 .debug_abbrev  0x0000000000001187       0x56 /home/ben/libopencm3/lib/libopencm3_stm32l4.a(flash_common_idcache.o)
 .debug_abbrev  0x00000000000011dd      0x116 /home/ben/libopencm3/lib/libopencm3_stm32l4.a(gpio_common_all.o)
 .debug_abbrev  0x00000000000012f3       0xbf /home/ben/libopencm3/lib/libopencm3_stm32l4.a(gpio_common_f0234.o)
 .debug_abbrev  0x00000000000013b2      0x2db /home/ben/libopencm3/lib/libopencm3_stm32l4.a(rcc.o)
 .debug_abbrev  0x000000000000168d      0x177 /home/ben/libopencm3/lib/libopencm3_stm32l4.a(rcc_common_all.o)
 .debug_abbrev  0x0000000000001804      0x12e /home/ben/libopencm3/lib/libopencm3_stm32l4.a(rng_common_v1.o)
 .debug_abbrev  0x0000000000001932      0x134 /home/ben/libopencm3/lib/libopencm3_stm32l4.a(usart_common_all.o)
 .debug_abbrev  0x0000000000001a66      0x128 /home/ben/libopencm3/lib/libopencm3_stm32l4.a(usart_common_v2.o)
 .debug_abbrev  0x0000000000001b8e      0x15b /home/ben/libopencm3/lib/libopencm3_stm32l4.a(vector.o)
 .debug_abbrev  0x0000000000001ce9      0x155 /home/ben/libopencm3/lib/libopencm3_stm32l4.a(systick.o)
 .debug_abbrev  0x0000000000001e3e       0xb5 /home/ben/libopencm3/lib/libopencm3_stm32l4.a(nvic.o)

.debug_loc      0x0000000000000000     0x34c5
 .debug_loc     0x0000000000000000      0x31a build/m4_app.o
 .debug_loc     0x000000000000031a      0x309 build/cipher.o
 .debug_loc     0x0000000000000623      0xa8c build/esos.o
 .debug_loc     0x00000000000010af      0x3bf build/esos_cb.o
 .debug_loc     0x000000000000146e      0x24d build/esos_utils.o
 .debug_loc     0x00000000000016bb      0x72c build/esos_comm.o
 .debug_loc     0x0000000000001de7      0x20d build/esos_mail.o
 .debug_loc     0x0000000000001ff4       0x58 build/esos_stm32l4_tick.o
 .debug_loc     0x000000000000204c       0x40 build/esos_stm32l4_utils.o
 .debug_loc     0x000000000000208c       0xb2 build/esos_stm32l4_rs232.o
 .debug_loc     0x000000000000213e       0x47 /home/ben/libopencm3/lib/libopencm3_stm32l4.a(flash_common_all.o)
 .debug_loc     0x0000000000002185       0xbe /home/ben/libopencm3/lib/libopencm3_stm32l4.a(gpio_common_all.o)
 .debug_loc     0x0000000000002243      0x14f /home/ben/libopencm3/lib/libopencm3_stm32l4.a(gpio_common_f0234.o)
 .debug_loc     0x0000000000002392      0x839 /home/ben/libopencm3/lib/libopencm3_stm32l4.a(rcc.o)
 .debug_loc     0x0000000000002bcb      0x120 /home/ben/libopencm3/lib/libopencm3_stm32l4.a(rcc_common_all.o)
 .debug_loc     0x0000000000002ceb       0xbb /home/ben/libopencm3/lib/libopencm3_stm32l4.a(rng_common_v1.o)
 .debug_loc     0x0000000000002da6      0x238 /home/ben/libopencm3/lib/libopencm3_stm32l4.a(usart_common_all.o)
 .debug_loc     0x0000000000002fde       0xe0 /home/ben/libopencm3/lib/libopencm3_stm32l4.a(usart_common_v2.o)
 .debug_loc     0x00000000000030be      0x128 /home/ben/libopencm3/lib/libopencm3_stm32l4.a(vector.o)
 .debug_loc     0x00000000000031e6      0x192 /home/ben/libopencm3/lib/libopencm3_stm32l4.a(systick.o)
 .debug_loc     0x0000000000003378      0x14d /home/ben/libopencm3/lib/libopencm3_stm32l4.a(nvic.o)

.debug_aranges  0x0000000000000000      0x8d8
 .debug_aranges
                0x0000000000000000       0x78 build/m4_app.o
 .debug_aranges
                0x0000000000000078       0x50 build/cipher.o
 .debug_aranges
                0x00000000000000c8       0x88 build/esos.o
 .debug_aranges
                0x0000000000000150       0x68 build/esos_cb.o
 .debug_aranges
                0x00000000000001b8       0x50 build/esos_utils.o
 .debug_aranges
                0x0000000000000208       0x88 build/esos_comm.o
 .debug_aranges
                0x0000000000000290       0x30 build/esos_mail.o
 .debug_aranges
                0x00000000000002c0       0x40 build/esos_stm32l4_tick.o
 .debug_aranges
                0x0000000000000300       0x30 build/esos_stm32l4_utils.o
 .debug_aranges
                0x0000000000000330       0x58 build/esos_stm32l4_rs232.o
 .debug_aranges
                0x0000000000000388       0x38 /home/ben/libopencm3/lib/libopencm3_stm32l4.a(flash_common_all.o)
 .debug_aranges
                0x00000000000003c0       0x48 /home/ben/libopencm3/lib/libopencm3_stm32l4.a(flash_common_idcache.o)
 .debug_aranges
                0x0000000000000408       0x50 /home/ben/libopencm3/lib/libopencm3_stm32l4.a(gpio_common_all.o)
 .debug_aranges
                0x0000000000000458       0x30 /home/ben/libopencm3/lib/libopencm3_stm32l4.a(gpio_common_f0234.o)
 .debug_aranges
                0x0000000000000488      0x120 /home/ben/libopencm3/lib/libopencm3_stm32l4.a(rcc.o)
 .debug_aranges
                0x00000000000005a8       0x60 /home/ben/libopencm3/lib/libopencm3_stm32l4.a(rcc_common_all.o)
 .debug_aranges
                0x0000000000000608       0x48 /home/ben/libopencm3/lib/libopencm3_stm32l4.a(rng_common_v1.o)
 .debug_aranges
                0x0000000000000650       0xd8 /home/ben/libopencm3/lib/libopencm3_stm32l4.a(usart_common_all.o)
 .debug_aranges
                0x0000000000000728       0xa8 /home/ben/libopencm3/lib/libopencm3_stm32l4.a(usart_common_v2.o)
 .debug_aranges
                0x00000000000007d0       0x30 /home/ben/libopencm3/lib/libopencm3_stm32l4.a(vector.o)
 .debug_aranges
                0x0000000000000800       0x78 /home/ben/libopencm3/lib/libopencm3_stm32l4.a(systick.o)
 .debug_aranges
                0x0000000000000878       0x60 /home/ben/libopencm3/lib/libopencm3_stm32l4.a(nvic.o)

.debug_ranges   0x0000000000000000      0x7d8
 .debug_ranges  0x0000000000000000       0x68 build/m4_app.o
 .debug_ranges  0x0000000000000068       0x40 build/cipher.o
 .debug_ranges  0x00000000000000a8       0x78 build/esos.o
 .debug_ranges  0x0000000000000120       0x58 build/esos_cb.o
 .debug_ranges  0x0000000000000178       0x40 build/esos_utils.o
 .debug_ranges  0x00000000000001b8       0x78 build/esos_comm.o
 .debug_ranges  0x0000000000000230       0x20 build/esos_mail.o
 .debug_ranges  0x0000000000000250       0x30 build/esos_stm32l4_tick.o
 .debug_ranges  0x0000000000000280       0x20 build/esos_stm32l4_utils.o
 .debug_ranges  0x00000000000002a0       0x48 build/esos_stm32l4_rs232.o
 .debug_ranges  0x00000000000002e8       0x28 /home/ben/libopencm3/lib/libopencm3_stm32l4.a(flash_common_all.o)
 .debug_ranges  0x0000000000000310       0x38 /home/ben/libopencm3/lib/libopencm3_stm32l4.a(flash_common_idcache.o)
 .debug_ranges  0x0000000000000348       0x40 /home/ben/libopencm3/lib/libopencm3_stm32l4.a(gpio_common_all.o)
 .debug_ranges  0x0000000000000388       0x20 /home/ben/libopencm3/lib/libopencm3_stm32l4.a(gpio_common_f0234.o)
 .debug_ranges  0x00000000000003a8      0x140 /home/ben/libopencm3/lib/libopencm3_stm32l4.a(rcc.o)
 .debug_ranges  0x00000000000004e8       0x50 /home/ben/libopencm3/lib/libopencm3_stm32l4.a(rcc_common_all.o)
 .debug_ranges  0x0000000000000538       0x50 /home/ben/libopencm3/lib/libopencm3_stm32l4.a(rng_common_v1.o)
 .debug_ranges  0x0000000000000588       0xc8 /home/ben/libopencm3/lib/libopencm3_stm32l4.a(usart_common_all.o)
 .debug_ranges  0x0000000000000650       0x98 /home/ben/libopencm3/lib/libopencm3_stm32l4.a(usart_common_v2.o)
 .debug_ranges  0x00000000000006e8       0x20 /home/ben/libopencm3/lib/libopencm3_stm32l4.a(vector.o)
 .debug_ranges  0x0000000000000708       0x80 /home/ben/libopencm3/lib/libopencm3_stm32l4.a(systick.o)
 .debug_ranges  0x0000000000000788       0x50 /home/ben/libopencm3/lib/libopencm3_stm32l4.a(nvic.o)

.debug_line     0x0000000000000000     0x724b
 .debug_line    0x0000000000000000      0x7f0 build/m4_app.o
 .debug_line    0x00000000000007f0      0x3e4 build/cipher.o
 .debug_line    0x0000000000000bd4      0x8f3 build/esos.o
 .debug_line    0x00000000000014c7      0x4cd build/esos_cb.o
 .debug_line    0x0000000000001994      0x2ff build/esos_utils.o
 .debug_line    0x0000000000001c93      0xa2c build/esos_comm.o
 .debug_line    0x00000000000026bf      0x440 build/esos_mail.o
 .debug_line    0x0000000000002aff      0x2e2 build/esos_stm32l4_tick.o
 .debug_line    0x0000000000002de1      0x1e5 build/esos_stm32l4_utils.o
 .debug_line    0x0000000000002fc6      0x3f1 build/esos_stm32l4_rs232.o
 .debug_line    0x00000000000033b7      0x3c2 /home/ben/libopencm3/lib/libopencm3_stm32l4.a(flash_common_all.o)
 .debug_line    0x0000000000003779      0x3db /home/ben/libopencm3/lib/libopencm3_stm32l4.a(flash_common_idcache.o)
 .debug_line    0x0000000000003b54      0x438 /home/ben/libopencm3/lib/libopencm3_stm32l4.a(gpio_common_all.o)
 .debug_line    0x0000000000003f8c      0x520 /home/ben/libopencm3/lib/libopencm3_stm32l4.a(gpio_common_f0234.o)
 .debug_line    0x00000000000044ac      0xbff /home/ben/libopencm3/lib/libopencm3_stm32l4.a(rcc.o)
 .debug_line    0x00000000000050ab      0x484 /home/ben/libopencm3/lib/libopencm3_stm32l4.a(rcc_common_all.o)
 .debug_line    0x000000000000552f      0x462 /home/ben/libopencm3/lib/libopencm3_stm32l4.a(rng_common_v1.o)
 .debug_line    0x0000000000005991      0x69a /home/ben/libopencm3/lib/libopencm3_stm32l4.a(usart_common_all.o)
 .debug_line    0x000000000000602b      0x55b /home/ben/libopencm3/lib/libopencm3_stm32l4.a(usart_common_v2.o)
 .debug_line    0x0000000000006586      0x4b4 /home/ben/libopencm3/lib/libopencm3_stm32l4.a(vector.o)
 .debug_line    0x0000000000006a3a      0x400 /home/ben/libopencm3/lib/libopencm3_stm32l4.a(systick.o)
 .debug_line    0x0000000000006e3a      0x411 /home/ben/libopencm3/lib/libopencm3_stm32l4.a(nvic.o)

.debug_str      0x0000000000000000    0x1248d
 .debug_str     0x0000000000000000      0x45d build/m4_app.o
                                        0x52c (size before relaxing)
 .debug_str     0x000000000000045d       0x97 build/cipher.o
                                        0x25f (size before relaxing)
 .debug_str     0x00000000000004f4      0x3b1 build/esos.o
                                        0x682 (size before relaxing)
 .debug_str     0x00000000000008a5      0x157 build/esos_cb.o
                                        0x340 (size before relaxing)
 .debug_str     0x00000000000009fc      0x10c build/esos_utils.o
                                        0x2a6 (size before relaxing)
 .debug_str     0x0000000000000b08      0x21e build/esos_comm.o
                                        0x548 (size before relaxing)
 .debug_str     0x0000000000000d26      0x116 build/esos_mail.o
                                        0x456 (size before relaxing)
 .debug_str     0x0000000000000e3c      0x663 build/esos_stm32l4_tick.o
                                        0x88b (size before relaxing)
 .debug_str     0x000000000000149f       0x5a build/esos_stm32l4_utils.o
                                        0x223 (size before relaxing)
 .debug_str     0x00000000000014f9      0x208 build/esos_stm32l4_rs232.o
                                        0x95f (size before relaxing)
 .debug_str     0x0000000000001701     0x5cbd /home/ben/libopencm3/lib/libopencm3_stm32l4.a(flash_common_all.o)
                                       0x5e4f (size before relaxing)
 .debug_str     0x00000000000073be       0x71 /home/ben/libopencm3/lib/libopencm3_stm32l4.a(flash_common_idcache.o)
                                       0x5e71 (size before relaxing)
 .debug_str     0x000000000000742f     0x165b /home/ben/libopencm3/lib/libopencm3_stm32l4.a(gpio_common_all.o)
                                       0x653e (size before relaxing)
 .debug_str     0x0000000000008a8a       0x61 /home/ben/libopencm3/lib/libopencm3_stm32l4.a(gpio_common_f0234.o)
                                       0x6560 (size before relaxing)
 .debug_str     0x0000000000008aeb     0x43e8 /home/ben/libopencm3/lib/libopencm3_stm32l4.a(rcc.o)
                                       0xa85a (size before relaxing)
 .debug_str     0x000000000000ced3      0x3c3 /home/ben/libopencm3/lib/libopencm3_stm32l4.a(rcc_common_all.o)
                                       0x977e (size before relaxing)
 .debug_str     0x000000000000d296      0x19b /home/ben/libopencm3/lib/libopencm3_stm32l4.a(rng_common_v1.o)
                                       0x5056 (size before relaxing)
 .debug_str     0x000000000000d431     0x1e91 /home/ben/libopencm3/lib/libopencm3_stm32l4.a(usart_common_all.o)
                                       0xae5b (size before relaxing)
 .debug_str     0x000000000000f2c2      0x190 /home/ben/libopencm3/lib/libopencm3_stm32l4.a(usart_common_v2.o)
                                       0x6d85 (size before relaxing)
 .debug_str     0x000000000000f452     0x2c8c /home/ben/libopencm3/lib/libopencm3_stm32l4.a(vector.o)
                                       0x6da0 (size before relaxing)
 .debug_str     0x00000000000120de      0x2eb /home/ben/libopencm3/lib/libopencm3_stm32l4.a(systick.o)
                                       0x447e (size before relaxing)
 .debug_str     0x00000000000123c9       0xc4 /home/ben/libopencm3/lib/libopencm3_stm32l4.a(nvic.o)
                                       0x6072 (size before relaxing)

.comment        0x0000000000000000       0x49
 .comment       0x0000000000000000       0x49 build/m4_app.o
                                         0x4a (size before relaxing)
 .comment       0x0000000000000049       0x4a build/cipher.o
 .comment       0x0000000000000049       0x4a build/esos.o
 .comment       0x0000000000000049       0x4a build/esos_cb.o
 .comment       0x0000000000000049       0x4a build/esos_utils.o
 .comment       0x0000000000000049       0x4a build/esos_comm.o
 .comment       0x0000000000000049       0x4a build/esos_mail.o
 .comment       0x0000000000000049       0x4a build/esos_stm32l4_tick.o
 .comment       0x0000000000000049       0x4a build/esos_stm32l4_utils.o
 .comment       0x0000000000000049       0x4a build/esos_stm32l4_rs232.o
 .comment       0x0000000000000049       0x4a /home/ben/libopencm3/lib/libopencm3_stm32l4.a(flash_common_all.o)
 .comment       0x0000000000000049       0x4a /home/ben/libopencm3/lib/libopencm3_stm32l4.a(flash_common_idcache.o)
 .comment       0x0000000000000049       0x4a /home/ben/libopencm3/lib/libopencm3_stm32l4.a(gpio_common_all.o)
 .comment       0x0000000000000049       0x4a /home/ben/libopencm3/lib/libopencm3_stm32l4.a(gpio_common_f0234.o)
 .comment       0x0000000000000049       0x4a /home/ben/libopencm3/lib/libopencm3_stm32l4.a(rcc.o)
 .comment       0x0000000000000049       0x4a /home/ben/libopencm3/lib/libopencm3_stm32l4.a(rcc_common_all.o)
 .comment       0x0000000000000049       0x4a /home/ben/libopencm3/lib/libopencm3_stm32l4.a(rng_common_v1.o)
 .comment       0x0000000000000049       0x4a /home/ben/libopencm3/lib/libopencm3_stm32l4.a(usart_common_all.o)
 .comment       0x0000000000000049       0x4a /home/ben/libopencm3/lib/libopencm3_stm32l4.a(usart_common_v2.o)
 .comment       0x0000000000000049       0x4a /home/ben/libopencm3/lib/libopencm3_stm32l4.a(vector.o)
 .comment       0x0000000000000049       0x4a /home/ben/libopencm3/lib/libopencm3_stm32l4.a(systick.o)
 .comment       0x0000000000000049       0x4a /home/ben/libopencm3/lib/libopencm3_stm32l4.a(nvic.o)

.ARM.attributes
                0x0000000000000000       0x34
 .ARM.attributes
                0x0000000000000000       0x34 build/m4_app.o
 .ARM.attributes
                0x0000000000000034       0x34 build/cipher.o
 .ARM.attributes
                0x0000000000000068       0x34 build/esos.o
 .ARM.attributes
                0x000000000000009c       0x34 build/esos_cb.o
 .ARM.attributes
                0x00000000000000d0       0x34 build/esos_utils.o
 .ARM.attributes
                0x0000000000000104       0x34 build/esos_comm.o
 .ARM.attributes
                0x0000000000000138       0x34 build/esos_mail.o
 .ARM.attributes
                0x000000000000016c       0x34 build/esos_stm32l4_tick.o
 .ARM.attributes
                0x00000000000001a0       0x34 build/esos_stm32l4_utils.o
 .ARM.attributes
                0x00000000000001d4       0x34 build/esos_stm32l4_rs232.o
 .ARM.attributes
                0x0000000000000208       0x34 /home/ben/Documents/ECE4140/gcc-arm-none-eabi-10.3-2021.10/bin/../lib/gcc/arm-none-eabi/10.3.1/../../../../arm-none-eabi/lib/thumb/v7e-m+fp/hard/libc_nano.a(lib_a-toupper.o)
 .ARM.attributes
                0x000000000000023c       0x34 /home/ben/Documents/ECE4140/gcc-arm-none-eabi-10.3-2021.10/bin/../lib/gcc/arm-none-eabi/10.3.1/../../../../arm-none-eabi/lib/thumb/v7e-m+fp/hard/libc_nano.a(lib_a-ctype_.o)
 .ARM.attributes
                0x0000000000000270       0x34 /home/ben/libopencm3/lib/libopencm3_stm32l4.a(flash_common_all.o)
 .ARM.attributes
                0x00000000000002a4       0x34 /home/ben/libopencm3/lib/libopencm3_stm32l4.a(flash_common_idcache.o)
 .ARM.attributes
                0x00000000000002d8       0x34 /home/ben/libopencm3/lib/libopencm3_stm32l4.a(gpio_common_all.o)
 .ARM.attributes
                0x000000000000030c       0x34 /home/ben/libopencm3/lib/libopencm3_stm32l4.a(gpio_common_f0234.o)
 .ARM.attributes
                0x0000000000000340       0x34 /home/ben/libopencm3/lib/libopencm3_stm32l4.a(rcc.o)
 .ARM.attributes
                0x0000000000000374       0x34 /home/ben/libopencm3/lib/libopencm3_stm32l4.a(rcc_common_all.o)
 .ARM.attributes
                0x00000000000003a8       0x34 /home/ben/libopencm3/lib/libopencm3_stm32l4.a(rng_common_v1.o)
 .ARM.attributes
                0x00000000000003dc       0x34 /home/ben/libopencm3/lib/libopencm3_stm32l4.a(usart_common_all.o)
 .ARM.attributes
                0x0000000000000410       0x34 /home/ben/libopencm3/lib/libopencm3_stm32l4.a(usart_common_v2.o)
 .ARM.attributes
                0x0000000000000444       0x34 /home/ben/libopencm3/lib/libopencm3_stm32l4.a(vector.o)
 .ARM.attributes
                0x0000000000000478       0x34 /home/ben/libopencm3/lib/libopencm3_stm32l4.a(systick.o)
 .ARM.attributes
                0x00000000000004ac       0x34 /home/ben/libopencm3/lib/libopencm3_stm32l4.a(nvic.o)

.debug_frame    0x0000000000000000     0x1204
 .debug_frame   0x0000000000000000      0x118 build/m4_app.o
 .debug_frame   0x0000000000000118       0xac build/cipher.o
 .debug_frame   0x00000000000001c4      0x154 build/esos.o
 .debug_frame   0x0000000000000318       0xec build/esos_cb.o
 .debug_frame   0x0000000000000404       0x88 build/esos_utils.o
 .debug_frame   0x000000000000048c      0x170 build/esos_comm.o
 .debug_frame   0x00000000000005fc       0x68 build/esos_mail.o
 .debug_frame   0x0000000000000664       0x78 build/esos_stm32l4_tick.o
 .debug_frame   0x00000000000006dc       0x50 build/esos_stm32l4_utils.o
 .debug_frame   0x000000000000072c       0xb4 build/esos_stm32l4_rs232.o
 .debug_frame   0x00000000000007e0       0x20 /home/ben/Documents/ECE4140/gcc-arm-none-eabi-10.3-2021.10/bin/../lib/gcc/arm-none-eabi/10.3.1/../../../../arm-none-eabi/lib/thumb/v7e-m+fp/hard/libc_nano.a(lib_a-toupper.o)
 .debug_frame   0x0000000000000800       0x50 /home/ben/libopencm3/lib/libopencm3_stm32l4.a(flash_common_all.o)
 .debug_frame   0x0000000000000850       0x70 /home/ben/libopencm3/lib/libopencm3_stm32l4.a(flash_common_idcache.o)
 .debug_frame   0x00000000000008c0       0x80 /home/ben/libopencm3/lib/libopencm3_stm32l4.a(gpio_common_all.o)
 .debug_frame   0x0000000000000940       0x70 /home/ben/libopencm3/lib/libopencm3_stm32l4.a(gpio_common_f0234.o)
 .debug_frame   0x00000000000009b0      0x250 /home/ben/libopencm3/lib/libopencm3_stm32l4.a(rcc.o)
 .debug_frame   0x0000000000000c00       0xe0 /home/ben/libopencm3/lib/libopencm3_stm32l4.a(rcc_common_all.o)
 .debug_frame   0x0000000000000ce0       0x78 /home/ben/libopencm3/lib/libopencm3_stm32l4.a(rng_common_v1.o)
 .debug_frame   0x0000000000000d58      0x1b8 /home/ben/libopencm3/lib/libopencm3_stm32l4.a(usart_common_all.o)
 .debug_frame   0x0000000000000f10      0x130 /home/ben/libopencm3/lib/libopencm3_stm32l4.a(usart_common_v2.o)
 .debug_frame   0x0000000000001040       0x4c /home/ben/libopencm3/lib/libopencm3_stm32l4.a(vector.o)
 .debug_frame   0x000000000000108c       0xd8 /home/ben/libopencm3/lib/libopencm3_stm32l4.a(systick.o)
 .debug_frame   0x0000000000001164       0xa0 /home/ben/libopencm3/lib/libopencm3_stm32l4.a(nvic.o)

.debug_macro    0x0000000000000000     0x4582
 .debug_macro   0x0000000000000000       0xc8 /home/ben/libopencm3/lib/libopencm3_stm32l4.a(flash_common_all.o)
 .debug_macro   0x00000000000000c8      0xa6c /home/ben/libopencm3/lib/libopencm3_stm32l4.a(flash_common_all.o)
 .debug_macro   0x0000000000000b34       0x1c /home/ben/libopencm3/lib/libopencm3_stm32l4.a(flash_common_all.o)
 .debug_macro   0x0000000000000b50       0x22 /home/ben/libopencm3/lib/libopencm3_stm32l4.a(flash_common_all.o)
 .debug_macro   0x0000000000000b72       0x56 /home/ben/libopencm3/lib/libopencm3_stm32l4.a(flash_common_all.o)
 .debug_macro   0x0000000000000bc8       0x51 /home/ben/libopencm3/lib/libopencm3_stm32l4.a(flash_common_all.o)
 .debug_macro   0x0000000000000c19      0x103 /home/ben/libopencm3/lib/libopencm3_stm32l4.a(flash_common_all.o)
 .debug_macro   0x0000000000000d1c       0x6a /home/ben/libopencm3/lib/libopencm3_stm32l4.a(flash_common_all.o)
 .debug_macro   0x0000000000000d86      0x1df /home/ben/libopencm3/lib/libopencm3_stm32l4.a(flash_common_all.o)
 .debug_macro   0x0000000000000f65       0x22 /home/ben/libopencm3/lib/libopencm3_stm32l4.a(flash_common_all.o)
 .debug_macro   0x0000000000000f87       0xe8 /home/ben/libopencm3/lib/libopencm3_stm32l4.a(flash_common_all.o)
 .debug_macro   0x000000000000106f       0x76 /home/ben/libopencm3/lib/libopencm3_stm32l4.a(flash_common_all.o)
 .debug_macro   0x00000000000010e5      0x217 /home/ben/libopencm3/lib/libopencm3_stm32l4.a(flash_common_all.o)
 .debug_macro   0x00000000000012fc       0x1c /home/ben/libopencm3/lib/libopencm3_stm32l4.a(flash_common_all.o)
 .debug_macro   0x0000000000001318      0x2f3 /home/ben/libopencm3/lib/libopencm3_stm32l4.a(flash_common_all.o)
 .debug_macro   0x000000000000160b       0xc8 /home/ben/libopencm3/lib/libopencm3_stm32l4.a(flash_common_idcache.o)
 .debug_macro   0x00000000000016d3       0xd6 /home/ben/libopencm3/lib/libopencm3_stm32l4.a(gpio_common_all.o)
 .debug_macro   0x00000000000017a9       0x76 /home/ben/libopencm3/lib/libopencm3_stm32l4.a(gpio_common_all.o)
 .debug_macro   0x000000000000181f      0x37e /home/ben/libopencm3/lib/libopencm3_stm32l4.a(gpio_common_all.o)
 .debug_macro   0x0000000000001b9d       0xca /home/ben/libopencm3/lib/libopencm3_stm32l4.a(gpio_common_all.o)
 .debug_macro   0x0000000000001c67       0x88 /home/ben/libopencm3/lib/libopencm3_stm32l4.a(gpio_common_all.o)
 .debug_macro   0x0000000000001cef       0xd6 /home/ben/libopencm3/lib/libopencm3_stm32l4.a(gpio_common_f0234.o)
 .debug_macro   0x0000000000001dc5      0x106 /home/ben/libopencm3/lib/libopencm3_stm32l4.a(rcc.o)
 .debug_macro   0x0000000000001ecb       0x16 /home/ben/libopencm3/lib/libopencm3_stm32l4.a(rcc.o)
 .debug_macro   0x0000000000001ee1      0x215 /home/ben/libopencm3/lib/libopencm3_stm32l4.a(rcc.o)
 .debug_macro   0x00000000000020f6      0xcc1 /home/ben/libopencm3/lib/libopencm3_stm32l4.a(rcc.o)
 .debug_macro   0x0000000000002db7       0xe1 /home/ben/libopencm3/lib/libopencm3_stm32l4.a(rcc_common_all.o)
 .debug_macro   0x0000000000002e98       0xb3 /home/ben/libopencm3/lib/libopencm3_stm32l4.a(rng_common_v1.o)
 .debug_macro   0x0000000000002f4b       0x46 /home/ben/libopencm3/lib/libopencm3_stm32l4.a(rng_common_v1.o)
 .debug_macro   0x0000000000002f91       0xec /home/ben/libopencm3/lib/libopencm3_stm32l4.a(usart_common_all.o)
 .debug_macro   0x000000000000307d       0x94 /home/ben/libopencm3/lib/libopencm3_stm32l4.a(usart_common_all.o)
 .debug_macro   0x0000000000003111      0x55b /home/ben/libopencm3/lib/libopencm3_stm32l4.a(usart_common_all.o)
 .debug_macro   0x000000000000366c       0x28 /home/ben/libopencm3/lib/libopencm3_stm32l4.a(usart_common_all.o)
 .debug_macro   0x0000000000003694       0xc1 /home/ben/libopencm3/lib/libopencm3_stm32l4.a(usart_common_v2.o)
 .debug_macro   0x0000000000003755       0xd3 /home/ben/libopencm3/lib/libopencm3_stm32l4.a(vector.o)
 .debug_macro   0x0000000000003828      0x452 /home/ben/libopencm3/lib/libopencm3_stm32l4.a(vector.o)
 .debug_macro   0x0000000000003c7a       0x6e /home/ben/libopencm3/lib/libopencm3_stm32l4.a(vector.o)
 .debug_macro   0x0000000000003ce8      0x22c /home/ben/libopencm3/lib/libopencm3_stm32l4.a(vector.o)
 .debug_macro   0x0000000000003f14       0x92 /home/ben/libopencm3/lib/libopencm3_stm32l4.a(systick.o)
 .debug_macro   0x0000000000003fa6       0x69 /home/ben/libopencm3/lib/libopencm3_stm32l4.a(systick.o)
 .debug_macro   0x000000000000400f       0xb3 /home/ben/libopencm3/lib/libopencm3_stm32l4.a(nvic.o)
 .debug_macro   0x00000000000040c2       0x68 /home/ben/libopencm3/lib/libopencm3_stm32l4.a(nvic.o)
 .debug_macro   0x000000000000412a      0x458 /home/ben/libopencm3/lib/libopencm3_stm32l4.a(nvic.o)

Cross Reference Table

Symbol                                            File
Default_Handler                                   build/esos_stm32l4_tick.o
Error_Handler                                     build/esos_stm32l4_tick.o
__astChildTaskPool                                build/esos.o
__astCircularBuffers                              build/esos.o
__astMailbox                                      build/esos.o
__astTmrSvcs                                      build/esos.o
__astUserTaskPool                                 build/esos.o
__au8UserTaskStructIndex                          build/esos.o
__au8_MBData                                      build/esos.o
__esosInit                                        build/esos.o
__esos_CB_Init                                    build/esos_cb.o
                                                  build/esos_mail.o
                                                  build/esos_comm.o
__esos_CB_OverwriteUINT8                          build/esos_cb.o
                                                  build/esos_stm32l4_rs232.o
__esos_CB_ReadUINT16                              build/esos_cb.o
                                                  build/esos_mail.o
__esos_CB_ReadUINT32                              build/esos_cb.o
                                                  build/esos_mail.o
__esos_CB_ReadUINT8                               build/esos_cb.o
                                                  build/esos_stm32l4_rs232.o
                                                  build/esos_mail.o
                                                  build/esos_comm.o
__esos_CB_ReadUINT8Buffer                         build/esos_cb.o
__esos_CB_WriteUINT16                             build/esos_cb.o
                                                  build/esos_mail.o
__esos_CB_WriteUINT32                             build/esos_cb.o
                                                  build/esos_mail.o
__esos_CB_WriteUINT8                              build/esos_cb.o
                                                  build/esos_mail.o
                                                  build/esos_comm.o
__esos_CB_WriteUINT8Buffer                        build/esos_cb.o
                                                  build/esos_comm.o
__esos_InitCommSystem                             build/esos_comm.o
                                                  build/esos.o
__esos_InitMailbox                                build/esos_mail.o
                                                  build/esos.o
__esos_OutChar                                    build/esos_comm.o
                                                  build/m4_app.o
__esos_OutCharBuffer                              build/esos_comm.o
__esos_OutString                                  build/esos_comm.o
__esos_OutUint32AsHexString                       build/esos_comm.o
__esos_OutUint8AsDecString                        build/esos_comm.o
__esos_OutUint8AsHexString                        build/esos_comm.o
__esos_ReadMailMessage                            build/esos_mail.o
__esos_SendMailMessage                            build/esos_mail.o
__esos_comm_rx_buff                               build/esos_comm.o
__esos_comm_tx_buff                               build/esos_comm.o
__esos_configUART1                                build/esos_stm32l4_rs232.o
__esos_getBuffer                                  build/esos_comm.o
                                                  build/m4_app.o
__esos_getString                                  build/esos_comm.o
__esos_get_PRNG_RandomUint32                      build/esos_utils.o
                                                  build/esos_stm32l4_utils.o
__esos_hasTickDurationPassed                      build/esos.o
                                                  build/m4_app.o
__esos_hw_GetSystemTickCount                      build/esos_stm32l4_tick.o
                                                  build/esos_mail.o
                                                  build/esos.o
                                                  build/m4_app.o
__esos_hw_InitCommSystem                          build/esos_stm32l4_rs232.o
                                                  build/esos_comm.o
__esos_hw_InitSystemTick                          build/esos_stm32l4_tick.o
                                                  build/esos.o
__esos_hw_PRNG_u32                                build/esos_stm32l4_utils.o
                                                  build/esos_utils.o
__esos_hw_config_PRNG                             build/esos_stm32l4_utils.o
                                                  build/esos.o
__esos_hw_set_PRNG_Seed                           build/esos_stm32l4_utils.o
__esos_hw_signal_start_tx                         build/esos_stm32l4_rs232.o
                                                  build/esos_comm.o
__esos_hw_signal_stop_tx                          build/esos_stm32l4_rs232.o
__esos_set_PRNG_U32Seed                           build/esos_utils.o
                                                  build/esos.o
__esos_tmrSvcsExecute                             build/esos.o
                                                  build/esos_stm32l4_tick.o
__esos_u32FNVHash                                 build/esos_utils.o
__esos_u32SystemFlags                             build/esos.o
                                                  build/esos_stm32l4_rs232.o
                                                  build/m4_app.o
__esos_u32TmrActiveFlags                          build/esos.o
__esos_u32UserFlags                               build/esos.o
__esos_u8TmrSvcsRegistered                        build/esos.o
__esos_u8_GetLSBHexCharFromUint8                  build/esos_comm.o
__esos_u8_GetMSBHexCharFromUint8                  build/esos_comm.o
__esos_unsafe_GetUint8                            build/esos_comm.o
__esos_unsafe_PutString                           build/esos_comm.o
                                                  build/m4_app.o
__esos_unsafe_PutUint8                            build/esos_comm.o
__fini_array_end                                  /home/ben/libopencm3/lib/libopencm3_stm32l4.a(vector.o)
__fini_array_start                                /home/ben/libopencm3/lib/libopencm3_stm32l4.a(vector.o)
__init_array_end                                  /home/ben/libopencm3/lib/libopencm3_stm32l4.a(vector.o)
__init_array_start                                /home/ben/libopencm3/lib/libopencm3_stm32l4.a(vector.o)
__preinit_array_end                               /home/ben/libopencm3/lib/libopencm3_stm32l4.a(vector.o)
__preinit_array_start                             /home/ben/libopencm3/lib/libopencm3_stm32l4.a(vector.o)
__pst_CB_Rx                                       build/esos_comm.o
                                                  build/esos_stm32l4_rs232.o
__pst_CB_Tx                                       build/esos_comm.o
                                                  build/esos_stm32l4_rs232.o
__stChildTaskRx                                   build/esos_comm.o
                                                  build/m4_app.o
__stChildTaskTx                                   build/esos_comm.o
                                                  build/m4_app.o
__st_CB_Rx                                        build/esos_comm.o
__st_CB_Tx                                        build/esos_comm.o
__u16NumTasksEverCreated                          build/esos.o
__u32_esos_PRNG_Seed                              build/esos_utils.o
__u8ChildTasksRegistered                          build/esos.o
__u8UserTasksRegistered                           build/esos.o
__u8_esos_mail_routines_dummy_uint8               build/esos_mail.o
__user_init_hw                                    build/m4_app.o
_ctype_                                           /home/ben/Documents/ECE4140/gcc-arm-none-eabi-10.3-2021.10/bin/../lib/gcc/arm-none-eabi/10.3.1/../../../../arm-none-eabi/lib/thumb/v7e-m+fp/hard/libc_nano.a(lib_a-ctype_.o)
                                                  /home/ben/Documents/ECE4140/gcc-arm-none-eabi-10.3-2021.10/bin/../lib/gcc/arm-none-eabi/10.3.1/../../../../arm-none-eabi/lib/thumb/v7e-m+fp/hard/libc_nano.a(lib_a-toupper.o)
_data                                             /home/ben/libopencm3/lib/libopencm3_stm32l4.a(vector.o)
_data_loadaddr                                    /home/ben/libopencm3/lib/libopencm3_stm32l4.a(vector.o)
_ebss                                             /home/ben/libopencm3/lib/libopencm3_stm32l4.a(vector.o)
_edata                                            /home/ben/libopencm3/lib/libopencm3_stm32l4.a(vector.o)
_esos_hw_GetSerialUartVersion                     build/esos_stm32l4_rs232.o
_stack                                            /home/ben/libopencm3/lib/libopencm3_stm32l4.a(vector.o)
adc1_2_isr                                        /home/ben/libopencm3/lib/libopencm3_stm32l4.a(vector.o)
adc3_isr                                          /home/ben/libopencm3/lib/libopencm3_stm32l4.a(vector.o)
aes_isr                                           /home/ben/libopencm3/lib/libopencm3_stm32l4.a(vector.o)
ascii_to_integer                                  build/cipher.o
blocking_handler                                  /home/ben/libopencm3/lib/libopencm3_stm32l4.a(vector.o)
bufferReceiver                                    build/m4_app.o
bufferSender                                      build/m4_app.o
bus_fault_handler                                 /home/ben/libopencm3/lib/libopencm3_stm32l4.a(vector.o)
can1_rx0_isr                                      /home/ben/libopencm3/lib/libopencm3_stm32l4.a(vector.o)
can1_rx1_isr                                      /home/ben/libopencm3/lib/libopencm3_stm32l4.a(vector.o)
can1_sce_isr                                      /home/ben/libopencm3/lib/libopencm3_stm32l4.a(vector.o)
can1_tx_isr                                       /home/ben/libopencm3/lib/libopencm3_stm32l4.a(vector.o)
can2_rx0_isr                                      /home/ben/libopencm3/lib/libopencm3_stm32l4.a(vector.o)
can2_rx1_isr                                      /home/ben/libopencm3/lib/libopencm3_stm32l4.a(vector.o)
can2_sce_isr                                      /home/ben/libopencm3/lib/libopencm3_stm32l4.a(vector.o)
can2_tx_isr                                       /home/ben/libopencm3/lib/libopencm3_stm32l4.a(vector.o)
circular_buffer_init                              build/m4_app.o
circular_buffer_is_empty                          build/m4_app.o
circular_buffer_is_full                           build/m4_app.o
circular_buffer_read                              build/m4_app.o
circular_buffer_size                              build/m4_app.o
circular_buffer_write                             build/m4_app.o
comp_isr                                          /home/ben/libopencm3/lib/libopencm3_stm32l4.a(vector.o)
count                                             build/esos_stm32l4_tick.o
dcmi_isr                                          /home/ben/libopencm3/lib/libopencm3_stm32l4.a(vector.o)
debug_monitor_handler                             /home/ben/libopencm3/lib/libopencm3_stm32l4.a(vector.o)
decypher                                          build/cipher.o
                                                  build/m4_app.o
dfsdm0_isr                                        /home/ben/libopencm3/lib/libopencm3_stm32l4.a(vector.o)
dfsdm1_isr                                        /home/ben/libopencm3/lib/libopencm3_stm32l4.a(vector.o)
dfsdm2_isr                                        /home/ben/libopencm3/lib/libopencm3_stm32l4.a(vector.o)
dfsdm3_isr                                        /home/ben/libopencm3/lib/libopencm3_stm32l4.a(vector.o)
dma1_channel1_isr                                 /home/ben/libopencm3/lib/libopencm3_stm32l4.a(vector.o)
dma1_channel2_isr                                 /home/ben/libopencm3/lib/libopencm3_stm32l4.a(vector.o)
dma1_channel3_isr                                 /home/ben/libopencm3/lib/libopencm3_stm32l4.a(vector.o)
dma1_channel4_isr                                 /home/ben/libopencm3/lib/libopencm3_stm32l4.a(vector.o)
dma1_channel5_isr                                 /home/ben/libopencm3/lib/libopencm3_stm32l4.a(vector.o)
dma1_channel6_isr                                 /home/ben/libopencm3/lib/libopencm3_stm32l4.a(vector.o)
dma1_channel7_isr                                 /home/ben/libopencm3/lib/libopencm3_stm32l4.a(vector.o)
dma2_channel1_isr                                 /home/ben/libopencm3/lib/libopencm3_stm32l4.a(vector.o)
dma2_channel2_isr                                 /home/ben/libopencm3/lib/libopencm3_stm32l4.a(vector.o)
dma2_channel3_isr                                 /home/ben/libopencm3/lib/libopencm3_stm32l4.a(vector.o)
dma2_channel4_isr                                 /home/ben/libopencm3/lib/libopencm3_stm32l4.a(vector.o)
dma2_channel5_isr                                 /home/ben/libopencm3/lib/libopencm3_stm32l4.a(vector.o)
dma2_channel6_isr                                 /home/ben/libopencm3/lib/libopencm3_stm32l4.a(vector.o)
dma2_channel7_isr                                 /home/ben/libopencm3/lib/libopencm3_stm32l4.a(vector.o)
dma2d_isr                                         /home/ben/libopencm3/lib/libopencm3_stm32l4.a(vector.o)
encypher                                          build/cipher.o
                                                  build/m4_app.o
esos_ChangeTimerPeriod                            build/esos.o
esos_GetCommSystemMaxInDataLen                    build/esos_stm32l4_rs232.o
esos_GetCommSystemMaxOutDataLen                   build/esos_stm32l4_rs232.o
esos_GetFreeChildTaskStruct                       build/esos.o
esos_GetMaxNumberTasks                            build/esos.o
esos_GetRandomUint32                              build/esos_utils.o
esos_GetTaskHandle                                build/esos.o
esos_GetTaskHandleFromID                          build/esos.o
                                                  build/esos_mail.o
esos_GetTimerHandle                               build/esos.o
esos_RegisterTask                                 build/esos.o
                                                  build/m4_app.o
esos_RegisterTimer                                build/esos.o
esos_UnregisterTask                               build/esos.o
esos_UnregisterTimer                              build/esos.o
esos_buffer_hash_u32                              build/esos_utils.o
esos_hash_u32_to_u16                              build/esos_utils.o
esos_string_hash_u32                              build/esos_utils.o
esos_taskname_hash_u16                            build/esos_utils.o
esos_tick_count                                   build/esos_stm32l4_tick.o
exti0_isr                                         /home/ben/libopencm3/lib/libopencm3_stm32l4.a(vector.o)
exti15_10_isr                                     /home/ben/libopencm3/lib/libopencm3_stm32l4.a(vector.o)
exti1_isr                                         /home/ben/libopencm3/lib/libopencm3_stm32l4.a(vector.o)
exti2_isr                                         /home/ben/libopencm3/lib/libopencm3_stm32l4.a(vector.o)
exti3_isr                                         /home/ben/libopencm3/lib/libopencm3_stm32l4.a(vector.o)
exti4_isr                                         /home/ben/libopencm3/lib/libopencm3_stm32l4.a(vector.o)
exti9_5_isr                                       /home/ben/libopencm3/lib/libopencm3_stm32l4.a(vector.o)
flash_LED                                         build/m4_app.o
flash_dcache_disable                              /home/ben/libopencm3/lib/libopencm3_stm32l4.a(flash_common_idcache.o)
                                                  /home/ben/libopencm3/lib/libopencm3_stm32l4.a(rcc.o)
flash_dcache_enable                               /home/ben/libopencm3/lib/libopencm3_stm32l4.a(flash_common_idcache.o)
                                                  /home/ben/libopencm3/lib/libopencm3_stm32l4.a(rcc.o)
                                                  build/esos_stm32l4_tick.o
flash_dcache_reset                                /home/ben/libopencm3/lib/libopencm3_stm32l4.a(flash_common_idcache.o)
flash_icache_disable                              /home/ben/libopencm3/lib/libopencm3_stm32l4.a(flash_common_idcache.o)
                                                  /home/ben/libopencm3/lib/libopencm3_stm32l4.a(rcc.o)
flash_icache_enable                               /home/ben/libopencm3/lib/libopencm3_stm32l4.a(flash_common_idcache.o)
                                                  /home/ben/libopencm3/lib/libopencm3_stm32l4.a(rcc.o)
                                                  build/esos_stm32l4_tick.o
flash_icache_reset                                /home/ben/libopencm3/lib/libopencm3_stm32l4.a(flash_common_idcache.o)
flash_isr                                         /home/ben/libopencm3/lib/libopencm3_stm32l4.a(vector.o)
flash_prefetch_disable                            /home/ben/libopencm3/lib/libopencm3_stm32l4.a(flash_common_all.o)
flash_prefetch_enable                             /home/ben/libopencm3/lib/libopencm3_stm32l4.a(flash_common_all.o)
                                                  build/esos_stm32l4_tick.o
flash_set_ws                                      /home/ben/libopencm3/lib/libopencm3_stm32l4.a(flash_common_all.o)
                                                  /home/ben/libopencm3/lib/libopencm3_stm32l4.a(rcc.o)
                                                  build/esos_stm32l4_tick.o
flash_unlock_option_bytes                         /home/ben/libopencm3/lib/libopencm3_stm32l4.a(flash_common_all.o)
fmc_isr                                           /home/ben/libopencm3/lib/libopencm3_stm32l4.a(vector.o)
fpu_isr                                           /home/ben/libopencm3/lib/libopencm3_stm32l4.a(vector.o)
gpio_clear                                        /home/ben/libopencm3/lib/libopencm3_stm32l4.a(gpio_common_all.o)
gpio_get                                          /home/ben/libopencm3/lib/libopencm3_stm32l4.a(gpio_common_all.o)
                                                  build/m4_app.o
gpio_mode_setup                                   /home/ben/libopencm3/lib/libopencm3_stm32l4.a(gpio_common_f0234.o)
                                                  build/esos_stm32l4_rs232.o
                                                  build/m4_app.o
gpio_port_config_lock                             /home/ben/libopencm3/lib/libopencm3_stm32l4.a(gpio_common_all.o)
gpio_port_read                                    /home/ben/libopencm3/lib/libopencm3_stm32l4.a(gpio_common_all.o)
gpio_port_write                                   /home/ben/libopencm3/lib/libopencm3_stm32l4.a(gpio_common_all.o)
gpio_set                                          /home/ben/libopencm3/lib/libopencm3_stm32l4.a(gpio_common_all.o)
gpio_set_af                                       /home/ben/libopencm3/lib/libopencm3_stm32l4.a(gpio_common_f0234.o)
                                                  build/esos_stm32l4_rs232.o
gpio_set_output_options                           /home/ben/libopencm3/lib/libopencm3_stm32l4.a(gpio_common_f0234.o)
                                                  build/esos_stm32l4_rs232.o
gpio_toggle                                       /home/ben/libopencm3/lib/libopencm3_stm32l4.a(gpio_common_all.o)
                                                  build/m4_app.o
hard_fault_handler                                /home/ben/libopencm3/lib/libopencm3_stm32l4.a(vector.o)
hash_crs_isr                                      /home/ben/libopencm3/lib/libopencm3_stm32l4.a(vector.o)
i2c1_er_isr                                       /home/ben/libopencm3/lib/libopencm3_stm32l4.a(vector.o)
i2c1_ev_isr                                       /home/ben/libopencm3/lib/libopencm3_stm32l4.a(vector.o)
i2c2_er_isr                                       /home/ben/libopencm3/lib/libopencm3_stm32l4.a(vector.o)
i2c2_ev_isr                                       /home/ben/libopencm3/lib/libopencm3_stm32l4.a(vector.o)
i2c3_er_isr                                       /home/ben/libopencm3/lib/libopencm3_stm32l4.a(vector.o)
i2c3_ev_isr                                       /home/ben/libopencm3/lib/libopencm3_stm32l4.a(vector.o)
i2c4_er_isr                                       /home/ben/libopencm3/lib/libopencm3_stm32l4.a(vector.o)
i2c4_ev_isr                                       /home/ben/libopencm3/lib/libopencm3_stm32l4.a(vector.o)
key                                               build/m4_app.o
                                                  build/cipher.o
key2                                              build/m4_app.o
                                                  build/cipher.o
lcd_isr                                           /home/ben/libopencm3/lib/libopencm3_stm32l4.a(vector.o)
lptim1_isr                                        /home/ben/libopencm3/lib/libopencm3_stm32l4.a(vector.o)
lptim2_isr                                        /home/ben/libopencm3/lib/libopencm3_stm32l4.a(vector.o)
lpuart1_isr                                       /home/ben/libopencm3/lib/libopencm3_stm32l4.a(vector.o)
main                                              build/esos.o
                                                  /home/ben/libopencm3/lib/libopencm3_stm32l4.a(vector.o)
mem_manage_handler                                /home/ben/libopencm3/lib/libopencm3_stm32l4.a(vector.o)
nmi_handler                                       /home/ben/libopencm3/lib/libopencm3_stm32l4.a(vector.o)
null_handler                                      /home/ben/libopencm3/lib/libopencm3_stm32l4.a(vector.o)
nvic_clear_pending_irq                            /home/ben/libopencm3/lib/libopencm3_stm32l4.a(nvic.o)
nvic_disable_irq                                  /home/ben/libopencm3/lib/libopencm3_stm32l4.a(nvic.o)
nvic_enable_irq                                   /home/ben/libopencm3/lib/libopencm3_stm32l4.a(nvic.o)
                                                  build/esos_stm32l4_rs232.o
nvic_generate_software_interrupt                  /home/ben/libopencm3/lib/libopencm3_stm32l4.a(nvic.o)
nvic_get_active_irq                               /home/ben/libopencm3/lib/libopencm3_stm32l4.a(nvic.o)
nvic_get_irq_enabled                              /home/ben/libopencm3/lib/libopencm3_stm32l4.a(nvic.o)
nvic_get_pending_irq                              /home/ben/libopencm3/lib/libopencm3_stm32l4.a(nvic.o)
nvic_set_pending_irq                              /home/ben/libopencm3/lib/libopencm3_stm32l4.a(nvic.o)
nvic_set_priority                                 /home/ben/libopencm3/lib/libopencm3_stm32l4.a(nvic.o)
otg_fs_isr                                        /home/ben/libopencm3/lib/libopencm3_stm32l4.a(vector.o)
pend_sv_handler                                   /home/ben/libopencm3/lib/libopencm3_stm32l4.a(vector.o)
pvd_pvm_isr                                       /home/ben/libopencm3/lib/libopencm3_stm32l4.a(vector.o)
pwr_disable_backup_domain_write_protect           /home/ben/libopencm3/lib/libopencm3_stm32l4.a(pwr.o)
pwr_enable_backup_domain_write_protect            /home/ben/libopencm3/lib/libopencm3_stm32l4.a(pwr.o)
pwr_set_vos_scale                                 /home/ben/libopencm3/lib/libopencm3_stm32l4.a(pwr.o)
                                                  /home/ben/libopencm3/lib/libopencm3_stm32l4.a(rcc.o)
quadspi_isr                                       /home/ben/libopencm3/lib/libopencm3_stm32l4.a(vector.o)
rcc_ahb_frequency                                 /home/ben/libopencm3/lib/libopencm3_stm32l4.a(rcc.o)
                                                  build/esos_stm32l4_tick.o
rcc_apb1_frequency                                /home/ben/libopencm3/lib/libopencm3_stm32l4.a(rcc.o)
                                                  build/esos_stm32l4_tick.o
rcc_apb2_frequency                                /home/ben/libopencm3/lib/libopencm3_stm32l4.a(rcc.o)
                                                  build/esos_stm32l4_tick.o
rcc_clock_setup_pll                               /home/ben/libopencm3/lib/libopencm3_stm32l4.a(rcc.o)
rcc_css_disable                                   /home/ben/libopencm3/lib/libopencm3_stm32l4.a(rcc.o)
rcc_css_enable                                    /home/ben/libopencm3/lib/libopencm3_stm32l4.a(rcc.o)
rcc_css_int_clear                                 /home/ben/libopencm3/lib/libopencm3_stm32l4.a(rcc.o)
rcc_css_int_flag                                  /home/ben/libopencm3/lib/libopencm3_stm32l4.a(rcc.o)
rcc_disable_rtc_clock                             /home/ben/libopencm3/lib/libopencm3_stm32l4.a(rcc.o)
rcc_enable_rtc_clock                              /home/ben/libopencm3/lib/libopencm3_stm32l4.a(rcc.o)
rcc_get_div_from_hpre                             /home/ben/libopencm3/lib/libopencm3_stm32l4.a(rcc_common_all.o)
                                                  /home/ben/libopencm3/lib/libopencm3_stm32l4.a(rcc.o)
rcc_get_i2c_clk_freq                              /home/ben/libopencm3/lib/libopencm3_stm32l4.a(rcc.o)
rcc_get_spi_clk_freq                              /home/ben/libopencm3/lib/libopencm3_stm32l4.a(rcc.o)
rcc_get_timer_clk_freq                            /home/ben/libopencm3/lib/libopencm3_stm32l4.a(rcc.o)
rcc_get_usart_clk_freq                            /home/ben/libopencm3/lib/libopencm3_stm32l4.a(rcc.o)
                                                  /home/ben/libopencm3/lib/libopencm3_stm32l4.a(usart_common_all.o)
rcc_hsi16_configs                                 /home/ben/libopencm3/lib/libopencm3_stm32l4.a(rcc.o)
rcc_is_osc_ready                                  /home/ben/libopencm3/lib/libopencm3_stm32l4.a(rcc.o)
rcc_isr                                           /home/ben/libopencm3/lib/libopencm3_stm32l4.a(vector.o)
rcc_osc_bypass_disable                            /home/ben/libopencm3/lib/libopencm3_stm32l4.a(rcc_common_all.o)
rcc_osc_bypass_enable                             /home/ben/libopencm3/lib/libopencm3_stm32l4.a(rcc_common_all.o)
rcc_osc_off                                       /home/ben/libopencm3/lib/libopencm3_stm32l4.a(rcc.o)
rcc_osc_on                                        /home/ben/libopencm3/lib/libopencm3_stm32l4.a(rcc.o)
                                                  build/esos_stm32l4_tick.o
rcc_osc_ready_int_clear                           /home/ben/libopencm3/lib/libopencm3_stm32l4.a(rcc.o)
rcc_osc_ready_int_disable                         /home/ben/libopencm3/lib/libopencm3_stm32l4.a(rcc.o)
rcc_osc_ready_int_enable                          /home/ben/libopencm3/lib/libopencm3_stm32l4.a(rcc.o)
rcc_osc_ready_int_flag                            /home/ben/libopencm3/lib/libopencm3_stm32l4.a(rcc.o)
rcc_periph_clock_disable                          /home/ben/libopencm3/lib/libopencm3_stm32l4.a(rcc_common_all.o)
rcc_periph_clock_enable                           /home/ben/libopencm3/lib/libopencm3_stm32l4.a(rcc_common_all.o)
                                                  /home/ben/libopencm3/lib/libopencm3_stm32l4.a(rcc.o)
                                                  build/esos_stm32l4_rs232.o
                                                  build/esos_stm32l4_tick.o
                                                  build/m4_app.o
rcc_periph_reset_hold                             /home/ben/libopencm3/lib/libopencm3_stm32l4.a(rcc_common_all.o)
rcc_periph_reset_pulse                            /home/ben/libopencm3/lib/libopencm3_stm32l4.a(rcc_common_all.o)
rcc_periph_reset_release                          /home/ben/libopencm3/lib/libopencm3_stm32l4.a(rcc_common_all.o)
rcc_peripheral_clear_reset                        /home/ben/libopencm3/lib/libopencm3_stm32l4.a(rcc_common_all.o)
rcc_peripheral_disable_clock                      /home/ben/libopencm3/lib/libopencm3_stm32l4.a(rcc_common_all.o)
rcc_peripheral_enable_clock                       /home/ben/libopencm3/lib/libopencm3_stm32l4.a(rcc_common_all.o)
rcc_peripheral_reset                              /home/ben/libopencm3/lib/libopencm3_stm32l4.a(rcc_common_all.o)
rcc_pll_output_enable                             /home/ben/libopencm3/lib/libopencm3_stm32l4.a(rcc.o)
rcc_set_clock48_source                            /home/ben/libopencm3/lib/libopencm3_stm32l4.a(rcc.o)
rcc_set_hpre                                      /home/ben/libopencm3/lib/libopencm3_stm32l4.a(rcc.o)
rcc_set_main_pll                                  /home/ben/libopencm3/lib/libopencm3_stm32l4.a(rcc.o)
                                                  build/esos_stm32l4_tick.o
rcc_set_mco                                       /home/ben/libopencm3/lib/libopencm3_stm32l4.a(rcc_common_all.o)
rcc_set_msi_range                                 /home/ben/libopencm3/lib/libopencm3_stm32l4.a(rcc.o)
rcc_set_msi_range_standby                         /home/ben/libopencm3/lib/libopencm3_stm32l4.a(rcc.o)
rcc_set_pll_source                                /home/ben/libopencm3/lib/libopencm3_stm32l4.a(rcc.o)
rcc_set_ppre1                                     /home/ben/libopencm3/lib/libopencm3_stm32l4.a(rcc.o)
rcc_set_ppre2                                     /home/ben/libopencm3/lib/libopencm3_stm32l4.a(rcc.o)
rcc_set_rtc_clock_source                          /home/ben/libopencm3/lib/libopencm3_stm32l4.a(rcc.o)
rcc_set_sysclk_source                             /home/ben/libopencm3/lib/libopencm3_stm32l4.a(rcc.o)
                                                  build/esos_stm32l4_tick.o
rcc_system_clock_source                           /home/ben/libopencm3/lib/libopencm3_stm32l4.a(rcc.o)
rcc_wait_for_osc_ready                            /home/ben/libopencm3/lib/libopencm3_stm32l4.a(rcc.o)
rcc_wait_for_sysclk_status                        /home/ben/libopencm3/lib/libopencm3_stm32l4.a(rcc.o)
                                                  build/esos_stm32l4_tick.o
receivToSender                                    build/m4_app.o
reset_handler                                     /home/ben/libopencm3/lib/libopencm3_stm32l4.a(vector.o)
reset_key                                         build/cipher.o
rng_disable                                       /home/ben/libopencm3/lib/libopencm3_stm32l4.a(rng_common_v1.o)
rng_enable                                        /home/ben/libopencm3/lib/libopencm3_stm32l4.a(rng_common_v1.o)
                                                  build/esos_stm32l4_utils.o
rng_get_random                                    /home/ben/libopencm3/lib/libopencm3_stm32l4.a(rng_common_v1.o)
rng_get_random_blocking                           /home/ben/libopencm3/lib/libopencm3_stm32l4.a(rng_common_v1.o)
rng_interrupt_disable                             /home/ben/libopencm3/lib/libopencm3_stm32l4.a(rng_common_v1.o)
rng_interrupt_enable                              /home/ben/libopencm3/lib/libopencm3_stm32l4.a(rng_common_v1.o)
rng_isr                                           /home/ben/libopencm3/lib/libopencm3_stm32l4.a(vector.o)
rotate_key                                        build/cipher.o
rotate_key2                                       build/cipher.o
rotate_key_left_by                                build/cipher.o
rtc_alarm_isr                                     /home/ben/libopencm3/lib/libopencm3_stm32l4.a(vector.o)
rtc_wkup_isr                                      /home/ben/libopencm3/lib/libopencm3_stm32l4.a(vector.o)
sai1_isr                                          /home/ben/libopencm3/lib/libopencm3_stm32l4.a(vector.o)
sai2_isr                                          /home/ben/libopencm3/lib/libopencm3_stm32l4.a(vector.o)
sdmmc1_isr                                        /home/ben/libopencm3/lib/libopencm3_stm32l4.a(vector.o)
spi1_isr                                          /home/ben/libopencm3/lib/libopencm3_stm32l4.a(vector.o)
spi2_isr                                          /home/ben/libopencm3/lib/libopencm3_stm32l4.a(vector.o)
spi3_isr                                          /home/ben/libopencm3/lib/libopencm3_stm32l4.a(vector.o)
state                                             build/m4_app.o
sv_call_handler                                   /home/ben/libopencm3/lib/libopencm3_stm32l4.a(vector.o)
swpmi1_isr                                        /home/ben/libopencm3/lib/libopencm3_stm32l4.a(vector.o)
sys_tick_handler                                  build/esos_stm32l4_tick.o
systick_clear                                     /home/ben/libopencm3/lib/libopencm3_stm32l4.a(systick.o)
systick_counter_disable                           /home/ben/libopencm3/lib/libopencm3_stm32l4.a(systick.o)
systick_counter_enable                            /home/ben/libopencm3/lib/libopencm3_stm32l4.a(systick.o)
                                                  build/esos_stm32l4_tick.o
systick_get_calib                                 /home/ben/libopencm3/lib/libopencm3_stm32l4.a(systick.o)
systick_get_countflag                             /home/ben/libopencm3/lib/libopencm3_stm32l4.a(systick.o)
systick_get_reload                                /home/ben/libopencm3/lib/libopencm3_stm32l4.a(systick.o)
systick_get_value                                 /home/ben/libopencm3/lib/libopencm3_stm32l4.a(systick.o)
systick_interrupt_disable                         /home/ben/libopencm3/lib/libopencm3_stm32l4.a(systick.o)
systick_interrupt_enable                          /home/ben/libopencm3/lib/libopencm3_stm32l4.a(systick.o)
                                                  build/esos_stm32l4_tick.o
systick_set_clocksource                           /home/ben/libopencm3/lib/libopencm3_stm32l4.a(systick.o)
                                                  build/esos_stm32l4_tick.o
systick_set_frequency                             /home/ben/libopencm3/lib/libopencm3_stm32l4.a(systick.o)
systick_set_reload                                /home/ben/libopencm3/lib/libopencm3_stm32l4.a(systick.o)
                                                  build/esos_stm32l4_tick.o
tamp_stamp_isr                                    /home/ben/libopencm3/lib/libopencm3_stm32l4.a(vector.o)
tim1_brk_tim15_isr                                /home/ben/libopencm3/lib/libopencm3_stm32l4.a(vector.o)
tim1_cc_isr                                       /home/ben/libopencm3/lib/libopencm3_stm32l4.a(vector.o)
tim1_trg_com_tim17_isr                            /home/ben/libopencm3/lib/libopencm3_stm32l4.a(vector.o)
tim1_up_tim16_isr                                 /home/ben/libopencm3/lib/libopencm3_stm32l4.a(vector.o)