Archive member included to satisfy reference by file (symbol)

/Users/user/Desktop/Apps/Toolchain/gcc-arm-none-eabi-10.3-2021.10/bin/../lib/gcc/arm-none-eabi/10.3.1/../../../../arm-none-eabi/lib/thumb/v7e-m+fp/hard/libc_nano.a(lib_a-atoi.o)
                              build/m7_app.o (atoi)
/Users/user/Desktop/Apps/Toolchain/gcc-arm-none-eabi-10.3-2021.10/bin/../lib/gcc/arm-none-eabi/10.3.1/../../../../arm-none-eabi/lib/thumb/v7e-m+fp/hard/libc_nano.a(lib_a-ctype_.o)
                              build/m7_app.o (_ctype_)
/Users/user/Desktop/Apps/Toolchain/gcc-arm-none-eabi-10.3-2021.10/bin/../lib/gcc/arm-none-eabi/10.3.1/../../../../arm-none-eabi/lib/thumb/v7e-m+fp/hard/libc_nano.a(lib_a-strtol.o)
                              /Users/user/Desktop/Apps/Toolchain/gcc-arm-none-eabi-10.3-2021.10/bin/../lib/gcc/arm-none-eabi/10.3.1/../../../../arm-none-eabi/lib/thumb/v7e-m+fp/hard/libc_nano.a(lib_a-atoi.o) (_strtol_r)
/Users/user/Desktop/Apps/Toolchain/gcc-arm-none-eabi-10.3-2021.10/bin/../lib/gcc/arm-none-eabi/10.3.1/../../../../arm-none-eabi/lib/thumb/v7e-m+fp/hard/libc_nano.a(lib_a-toupper.o)
                              build/cipher.o (toupper)
/Users/user/Desktop/Apps/Toolchain/gcc-arm-none-eabi-10.3-2021.10/bin/../lib/gcc/arm-none-eabi/10.3.1/../../../../arm-none-eabi/lib/thumb/v7e-m+fp/hard/libc_nano.a(lib_a-errno.o)
                              /Users/user/Desktop/Apps/Toolchain/gcc-arm-none-eabi-10.3-2021.10/bin/../lib/gcc/arm-none-eabi/10.3.1/../../../../arm-none-eabi/lib/thumb/v7e-m+fp/hard/libc_nano.a(lib_a-strtol.o) (__errno)
/Users/user/Desktop/Apps/Toolchain/gcc-arm-none-eabi-10.3-2021.10/bin/../lib/gcc/arm-none-eabi/10.3.1/../../../../arm-none-eabi/lib/thumb/v7e-m+fp/hard/libc_nano.a(lib_a-impure.o)
                              /Users/user/Desktop/Apps/Toolchain/gcc-arm-none-eabi-10.3-2021.10/bin/../lib/gcc/arm-none-eabi/10.3.1/../../../../arm-none-eabi/lib/thumb/v7e-m+fp/hard/libc_nano.a(lib_a-strtol.o) (_impure_ptr)
/Users/user/Desktop/libopencm3/lib/libopencm3_stm32l4.a(flash_common_all.o)
                              build/esos_stm32l4_tick.o (flash_prefetch_enable)
/Users/user/Desktop/libopencm3/lib/libopencm3_stm32l4.a(flash_common_idcache.o)
                              build/esos_stm32l4_tick.o (flash_dcache_enable)
/Users/user/Desktop/libopencm3/lib/libopencm3_stm32l4.a(gpio_common_all.o)
                              build/keypad.o (gpio_set)
/Users/user/Desktop/libopencm3/lib/libopencm3_stm32l4.a(gpio_common_f0234.o)
                              build/m7_app.o (gpio_mode_setup)
/Users/user/Desktop/libopencm3/lib/libopencm3_stm32l4.a(rcc.o)
                              build/esos_stm32l4_tick.o (rcc_wait_for_sysclk_status)
/Users/user/Desktop/libopencm3/lib/libopencm3_stm32l4.a(rcc_common_all.o)
                              build/esos_stm32l4_edub_sui.o (rcc_periph_clock_enable)
/Users/user/Desktop/libopencm3/lib/libopencm3_stm32l4.a(rng_common_v1.o)
                              build/esos_stm32l4_utils.o (rng_enable)
/Users/user/Desktop/libopencm3/lib/libopencm3_stm32l4.a(usart_common_all.o)
                              build/esos_stm32l4_rs232.o (usart_set_baudrate)
/Users/user/Desktop/libopencm3/lib/libopencm3_stm32l4.a(usart_common_v2.o)
                              build/esos_stm32l4_rs232.o (usart_send)
/Users/user/Desktop/libopencm3/lib/libopencm3_stm32l4.a(vector.o)
                              (reset_handler)
/Users/user/Desktop/libopencm3/lib/libopencm3_stm32l4.a(systick.o)
                              build/esos_stm32l4_tick.o (systick_set_reload)
/Users/user/Desktop/libopencm3/lib/libopencm3_stm32l4.a(nvic.o)
                              build/esos_stm32l4_rs232.o (nvic_enable_irq)
/Users/user/Desktop/libopencm3/lib/libopencm3_stm32l4.a(pwr.o)
                              /Users/user/Desktop/libopencm3/lib/libopencm3_stm32l4.a(rcc.o) (pwr_set_vos_scale)

Discarded input sections

 .text          0x0000000000000000        0x0 build/m7_app.o
 .data          0x0000000000000000        0x0 build/m7_app.o
 .bss           0x0000000000000000        0x0 build/m7_app.o
 .text.circular_buffer_init
                0x0000000000000000       0x10 build/m7_app.o
 .text.circular_buffer_is_empty
                0x0000000000000000       0x1e build/m7_app.o
 .text.circular_buffer_is_full
                0x0000000000000000        0x6 build/m7_app.o
 .text.circular_buffer_size
                0x0000000000000000       0x26 build/m7_app.o
 .text.circular_buffer_write
                0x0000000000000000       0x48 build/m7_app.o
 .text.circular_buffer_read
                0x0000000000000000       0x22 build/m7_app.o
 .bss.state     0x0000000000000000        0x1 build/m7_app.o
 .text          0x0000000000000000        0x0 build/cipher.o
 .data          0x0000000000000000        0x0 build/cipher.o
 .bss           0x0000000000000000        0x0 build/cipher.o
 .text.ascii_to_integer
                0x0000000000000000       0x24 build/cipher.o
 .text.rotate_key_left_by
[...]
Memory Configuration

Name             Origin             Length             Attributes
rom              0x0000000008000000 0x000000000003e800 xr
ram              0x0000000020000000 0x0000000000028000 xrw
*default*        0x0000000000000000 0xffffffffffffffff

Linker script and memory map

LOAD build/m7_app.o
LOAD build/cipher.o
LOAD build/keypad.o
LOAD build/esos_stm32l4_edub_sui.o
LOAD build/esos.o
LOAD build/esos_lcd44780wo.o
LOAD build/esos_stm32l4_edub_4bit_lcd44780wo.o
LOAD build/esos_sui.o
LOAD build/esos_cb.o
LOAD build/esos_utils.o
LOAD build/esos_comm.o
LOAD build/esos_mail.o
LOAD build/esos_stm32l4_tick.o
LOAD build/esos_stm32l4_utils.o
LOAD build/esos_stm32l4_rs232.o
LOAD /Users/user/Desktop/Apps/Toolchain/gcc-arm-none-eabi-10.3-2021.10/bin/../lib/gcc/arm-none-eabi/10.3.1/../../../../arm-none-eabi/lib/thumb/v7e-m+fp/hard/libc_nano.a
LOAD /Users/user/Desktop/Apps/Toolchain/gcc-arm-none-eabi-10.3-2021.10/bin/../lib/gcc/arm-none-eabi/10.3.1/../../../../arm-none-eabi/lib/thumb/v7e-m+fp/hard/libm.a
LOAD /Users/user/Desktop/Apps/Toolchain/gcc-arm-none-eabi-10.3-2021.10/bin/../lib/gcc/arm-none-eabi/10.3.1/../../../../arm-none-eabi/lib/thumb/v7e-m+fp/hard/libnosys.a
LOAD /Users/user/Desktop/libopencm3/lib/libopencm3_stm32l4.a
START GROUP
LOAD /Users/user/Desktop/Apps/Toolchain/gcc-arm-none-eabi-10.3-2021.10/bin/../lib/gcc/arm-none-eabi/10.3.1/thumb/v7e-m+fp/hard/libgcc.a
LOAD /Users/user/Desktop/Apps/Toolchain/gcc-arm-none-eabi-10.3-2021.10/bin/../lib/gcc/arm-none-eabi/10.3.1/../../../../arm-none-eabi/lib/thumb/v7e-m+fp/hard/libc_nano.a
END GROUP
START GROUP
LOAD /Users/user/Desktop/Apps/Toolchain/gcc-arm-none-eabi-10.3-2021.10/bin/../lib/gcc/arm-none-eabi/10.3.1/thumb/v7e-m+fp/hard/libgcc.a
LOAD /Users/user/Desktop/Apps/Toolchain/gcc-arm-none-eabi-10.3-2021.10/bin/../lib/gcc/arm-none-eabi/10.3.1/../../../../arm-none-eabi/lib/thumb/v7e-m+fp/hard/libc_nano.a
LOAD /Users/user/Desktop/Apps/Toolchain/gcc-arm-none-eabi-10.3-2021.10/bin/../lib/gcc/arm-none-eabi/10.3.1/../../../../arm-none-eabi/lib/thumb/v7e-m+fp/hard/libnosys.a
END GROUP
START GROUP
LOAD /Users/user/Desktop/Apps/Toolchain/gcc-arm-none-eabi-10.3-2021.10/bin/../lib/gcc/arm-none-eabi/10.3.1/thumb/v7e-m+fp/hard/libgcc.a
LOAD /Users/user/Desktop/Apps/Toolchain/gcc-arm-none-eabi-10.3-2021.10/bin/../lib/gcc/arm-none-eabi/10.3.1/../../../../arm-none-eabi/lib/thumb/v7e-m+fp/hard/libc_nano.a
LOAD /Users/user/Desktop/Apps/Toolchain/gcc-arm-none-eabi-10.3-2021.10/bin/../lib/gcc/arm-none-eabi/10.3.1/../../../../arm-none-eabi/lib/thumb/v7e-m+fp/hard/libnosys.a
END GROUP

.text           0x0000000008000000     0x4178
 *(.vectors)
 .vectors       0x0000000008000000      0x1ac /Users/user/Desktop/libopencm3/lib/libopencm3_stm32l4.a(vector.o)
                0x0000000008000000                vector_table
 *(.text*)
 .text.receivToSender
                0x00000000080001ac     0x12e8 build/m7_app.o
                0x00000000080001ac                receivToSender
 .text.__user_init_hw
                0x0000000008001494      0x154 build/m7_app.o
                0x0000000008001494                __user_init_hw
 .text.user_init
                0x00000000080015e8       0x2c build/m7_app.o
                0x00000000080015e8                user_init
 .text.__initLCDMenu
                0x0000000008001614       0xd8 build/m7_app.o
                0x0000000008001614                __initLCDMenu
 .text.keypad   0x00000000080016ec      0x66c build/m7_app.o
                0x00000000080016ec                keypad
 .text.rotate_key
                0x0000000008001d58       0x24 build/cipher.o
                0x0000000008001d58                rotate_key
 .text.rotate_key2
                0x0000000008001d7c       0x24 build/cipher.o
                0x0000000008001d7c                rotate_key2
 .text.encypher
                0x0000000008001da0       0x34 build/cipher.o
                0x0000000008001da0                encypher
 .text.decypher
                0x0000000008001dd4       0x38 build/cipher.o
                0x0000000008001dd4                decypher
 .text.delay    0x0000000008001e0c        0xc build/keypad.o
 .text.read_keypad
                0x0000000008001e18      0x164 build/keypad.o
                0x0000000008001e18                read_keypad
 .text.esos_hw_sui_configLED
                0x0000000008001f7c       0x2a build/esos_stm32l4_edub_sui.o
                0x0000000008001f7c                esos_hw_sui_configLED
 .text.esos_hw_sui_turnLEDOn
                0x0000000008001fa6       0x1a build/esos_stm32l4_edub_sui.o
                0x0000000008001fa6                esos_hw_sui_turnLEDOn
 .text.esos_hw_sui_turnLEDOff
                0x0000000008001fc0       0x1a build/esos_stm32l4_edub_sui.o
                0x0000000008001fc0                esos_hw_sui_turnLEDOff
 .text.esos_hw_sui_configSwitch
                0x0000000008001fda       0x2a build/esos_stm32l4_edub_sui.o
                0x0000000008001fda                esos_hw_sui_configSwitch
 .text.esos_hw_sui_isSwitchPressed
                0x0000000008002004       0x22 build/esos_stm32l4_edub_sui.o
                0x0000000008002004                esos_hw_sui_isSwitchPressed
 *fill*         0x0000000008002026        0x2 
 .text.esos_RegisterTask
                0x0000000008002028       0xe0 build/esos.o
                0x0000000008002028                esos_RegisterTask
 .text.esos_UnregisterTask
                0x0000000008002108       0x54 build/esos.o
                0x0000000008002108                esos_UnregisterTask
 .text.__esos_hasTickDurationPassed
                0x000000000800215c       0x1e build/esos.o
                0x000000000800215c                __esos_hasTickDurationPassed
 *fill*         0x000000000800217a        0x2 
 .text.__esos_tmrSvcsExecute
                0x000000000800217c       0x5c build/esos.o
                0x000000000800217c                __esos_tmrSvcsExecute
 .text.__esosInit
                0x00000000080021d8       0xc0 build/esos.o
                0x00000000080021d8                __esosInit
 .text.main     0x0000000008002298       0xa8 build/esos.o
                0x0000000008002298                main
 .text.__esos_lcd44780_service
                0x0000000008002340      0x94c build/esos_lcd44780wo.o
                0x0000000008002340                __esos_lcd44780_service
 .text.__esos_lcd44780_init
                0x0000000008002c8c       0x14 build/esos_lcd44780wo.o
                0x0000000008002c8c                __esos_lcd44780_init
 .text.esos_lcd44780_clearScreen
                0x0000000008002ca0       0x4c build/esos_lcd44780wo.o
                0x0000000008002ca0                esos_lcd44780_clearScreen
 .text.esos_lcd44780_configDisplay
                0x0000000008002cec       0x34 build/esos_lcd44780wo.o
                0x0000000008002cec                esos_lcd44780_configDisplay
 .text.esos_lcd44780_writeChar
                0x0000000008002d20       0x1c build/esos_lcd44780wo.o
                0x0000000008002d20                esos_lcd44780_writeChar
 .text.esos_lcd44780_writeString
                0x0000000008002d3c       0x88 build/esos_lcd44780wo.o
                0x0000000008002d3c                esos_lcd44780_writeString
 .text.__esos_lcd44780_hw_config
                0x0000000008002dc4       0xc4 build/esos_stm32l4_edub_4bit_lcd44780wo.o
                0x0000000008002dc4                __esos_lcd44780_hw_config
 .text.__esos_unsafe_lcd44780_hw_write_u4
                0x0000000008002e88       0xa4 build/esos_stm32l4_edub_4bit_lcd44780wo.o
                0x0000000008002e88                __esos_unsafe_lcd44780_hw_write_u4
 .text.__esos_lcd44780_hw_write_u8
                0x0000000008002f2c       0xc0 build/esos_stm32l4_edub_4bit_lcd44780wo.o
                0x0000000008002f2c                __esos_lcd44780_hw_write_u8
 .text.__esos_sui_task
                0x0000000008002fec      0x3fc build/esos_sui.o
                0x0000000008002fec                __esos_sui_task
 .text.esos_sui_isSWPressed
                0x00000000080033e8       0x1c build/esos_sui.o
                0x00000000080033e8                esos_sui_isSWPressed
 .text.esos_sui_getSwitchUserData1
                0x0000000008003404       0x14 build/esos_sui.o
                0x0000000008003404                esos_sui_getSwitchUserData1
 .text.esos_sui_getSwitchUserData2
                0x0000000008003418       0x14 build/esos_sui.o
                0x0000000008003418                esos_sui_getSwitchUserData2
 .text.esos_sui_getLEDUserData1
                0x000000000800342c       0x14 build/esos_sui.o
                0x000000000800342c                esos_sui_getLEDUserData1
 .text.esos_sui_getLEDUserData2
                0x0000000008003440       0x14 build/esos_sui.o
                0x0000000008003440                esos_sui_getLEDUserData2
 .text.esos_sui_flashLED
                0x0000000008003454       0x2c build/esos_sui.o
                0x0000000008003454                esos_sui_flashLED
 .text.esos_sui_registerLED
                0x0000000008003480       0x4c build/esos_sui.o
                0x0000000008003480                esos_sui_registerLED
 .text.esos_sui_registerSwitch
                0x00000000080034cc       0x44 build/esos_sui.o
                0x00000000080034cc                esos_sui_registerSwitch
 .text.__esos_InitSUI
                0x0000000008003510       0x4c build/esos_sui.o
                0x0000000008003510                __esos_InitSUI
 .text.__esos_CB_Init
                0x000000000800355c        0xc build/esos_cb.o
                0x000000000800355c                __esos_CB_Init
 .text.__esos_CB_WriteUINT8
                0x0000000008003568       0x24 build/esos_cb.o
                0x0000000008003568                __esos_CB_WriteUINT8
 .text.__esos_CB_OverwriteUINT8
                0x000000000800358c       0x34 build/esos_cb.o
                0x000000000800358c                __esos_CB_OverwriteUINT8
 .text.__esos_CB_ReadUINT8
                0x00000000080035c0       0x1e build/esos_cb.o
                0x00000000080035c0                __esos_CB_ReadUINT8
 *fill*         0x00000000080035de        0x2 
 .text.__esos_set_PRNG_U32Seed
                0x00000000080035e0        0xc build/esos_utils.o
                0x00000000080035e0                __esos_set_PRNG_U32Seed
 .text.__esos_InitCommSystem
                0x00000000080035ec       0x40 build/esos_comm.o
                0x00000000080035ec                __esos_InitCommSystem
 .text.__esos_OutChar
                0x000000000800362c       0x74 build/esos_comm.o
                0x000000000800362c                __esos_OutChar
 .text.__esos_getBuffer
                0x00000000080036a0       0x98 build/esos_comm.o
                0x00000000080036a0                __esos_getBuffer
 .text.__esos_unsafe_PutString
                0x0000000008003738       0x28 build/esos_comm.o
                0x0000000008003738                __esos_unsafe_PutString
 .text.__esos_InitMailbox
                0x0000000008003760        0xc build/esos_mail.o
                0x0000000008003760                __esos_InitMailbox
 .text.__esos_hw_InitSystemTick
                0x000000000800376c       0xb4 build/esos_stm32l4_tick.o
                0x000000000800376c                __esos_hw_InitSystemTick
 .text.__esos_hw_GetSystemTickCount
                0x0000000008003820        0xc build/esos_stm32l4_tick.o
                0x0000000008003820                __esos_hw_GetSystemTickCount
 .text.sys_tick_handler
                0x000000000800382c       0x14 build/esos_stm32l4_tick.o
                0x000000000800382c                sys_tick_handler
 .text.__esos_hw_config_PRNG
                0x0000000008003840        0x8 build/esos_stm32l4_utils.o
                0x0000000008003840                __esos_hw_config_PRNG
 .text.__esos_hw_signal_start_tx
                0x0000000008003848       0x44 build/esos_stm32l4_rs232.o
                0x0000000008003848                __esos_hw_signal_start_tx
 .text.usart2_isr
                0x000000000800388c       0x9c build/esos_stm32l4_rs232.o
                0x000000000800388c                usart2_isr
 .text.__esos_configUART1
                0x0000000008003928       0xa0 build/esos_stm32l4_rs232.o
                0x0000000008003928                __esos_configUART1
 .text.__esos_hw_InitCommSystem
                0x00000000080039c8        0xc build/esos_stm32l4_rs232.o
                0x00000000080039c8                __esos_hw_InitCommSystem
 .text.atoi     0x00000000080039d4        0x8 /Users/user/Desktop/Apps/Toolchain/gcc-arm-none-eabi-10.3-2021.10/bin/../lib/gcc/arm-none-eabi/10.3.1/../../../../arm-none-eabi/lib/thumb/v7e-m+fp/hard/libc_nano.a(lib_a-atoi.o)
                0x00000000080039d4                atoi
 .text._strtol_l.constprop.0
                0x00000000080039dc      0x104 /Users/user/Desktop/Apps/Toolchain/gcc-arm-none-eabi-10.3-2021.10/bin/../lib/gcc/arm-none-eabi/10.3.1/../../../../arm-none-eabi/lib/thumb/v7e-m+fp/hard/libc_nano.a(lib_a-strtol.o)
 .text.strtol   0x0000000008003ae0       0x14 /Users/user/Desktop/Apps/Toolchain/gcc-arm-none-eabi-10.3-2021.10/bin/../lib/gcc/arm-none-eabi/10.3.1/../../../../arm-none-eabi/lib/thumb/v7e-m+fp/hard/libc_nano.a(lib_a-strtol.o)
                0x0000000008003ae0                strtol
 .text.toupper  0x0000000008003af4       0x14 /Users/user/Desktop/Apps/Toolchain/gcc-arm-none-eabi-10.3-2021.10/bin/../lib/gcc/arm-none-eabi/10.3.1/../../../../arm-none-eabi/lib/thumb/v7e-m+fp/hard/libc_nano.a(lib_a-toupper.o)
                0x0000000008003af4                toupper
 .text.__errno  0x0000000008003b08        0xc /Users/user/Desktop/Apps/Toolchain/gcc-arm-none-eabi-10.3-2021.10/bin/../lib/gcc/arm-none-eabi/10.3.1/../../../../arm-none-eabi/lib/thumb/v7e-m+fp/hard/libc_nano.a(lib_a-errno.o)
                0x0000000008003b08                __errno
 .text.flash_prefetch_enable
                0x0000000008003b14       0x10 /Users/user/Desktop/libopencm3/lib/libopencm3_stm32l4.a(flash_common_all.o)
                0x0000000008003b14                flash_prefetch_enable
 .text.flash_set_ws
                0x0000000008003b24       0x14 /Users/user/Desktop/libopencm3/lib/libopencm3_stm32l4.a(flash_common_all.o)
                0x0000000008003b24                flash_set_ws
 .text.flash_dcache_enable
                0x0000000008003b38       0x10 /Users/user/Desktop/libopencm3/lib/libopencm3_stm32l4.a(flash_common_idcache.o)
                0x0000000008003b38                flash_dcache_enable
 .text.flash_icache_enable
                0x0000000008003b48       0x10 /Users/user/Desktop/libopencm3/lib/libopencm3_stm32l4.a(flash_common_idcache.o)
                0x0000000008003b48                flash_icache_enable
 .text.gpio_set
                0x0000000008003b58        0x4 /Users/user/Desktop/libopencm3/lib/libopencm3_stm32l4.a(gpio_common_all.o)
                0x0000000008003b58                gpio_set
 .text.gpio_clear
                0x0000000008003b5c        0x6 /Users/user/Desktop/libopencm3/lib/libopencm3_stm32l4.a(gpio_common_all.o)
                0x0000000008003b5c                gpio_clear
 .text.gpio_get
                0x0000000008003b62        0x6 /Users/user/Desktop/libopencm3/lib/libopencm3_stm32l4.a(gpio_common_all.o)
                0x0000000008003b62                gpio_get
 .text.gpio_mode_setup
                0x0000000008003b68       0x40 /Users/user/Desktop/libopencm3/lib/libopencm3_stm32l4.a(gpio_common_f0234.o)
                0x0000000008003b68                gpio_mode_setup
 .text.gpio_set_output_options
                0x0000000008003ba8       0x36 /Users/user/Desktop/libopencm3/lib/libopencm3_stm32l4.a(gpio_common_f0234.o)
                0x0000000008003ba8                gpio_set_output_options
 .text.gpio_set_af
                0x0000000008003bde       0x58 /Users/user/Desktop/libopencm3/lib/libopencm3_stm32l4.a(gpio_common_f0234.o)
                0x0000000008003bde                gpio_set_af
 *fill*         0x0000000008003c36        0x2 
 .text.rcc_uart_i2c_clksel_freq_hz
                0x0000000008003c38       0x40 /Users/user/Desktop/libopencm3/lib/libopencm3_stm32l4.a(rcc.o)
 .text.rcc_wait_for_sysclk_status
                0x0000000008003c78       0x48 /Users/user/Desktop/libopencm3/lib/libopencm3_stm32l4.a(rcc.o)
                0x0000000008003c78                rcc_wait_for_sysclk_status
 .text.rcc_osc_on
                0x0000000008003cc0       0x70 /Users/user/Desktop/libopencm3/lib/libopencm3_stm32l4.a(rcc.o)
                0x0000000008003cc0                rcc_osc_on
 .text.rcc_set_sysclk_source
                0x0000000008003d30       0x14 /Users/user/Desktop/libopencm3/lib/libopencm3_stm32l4.a(rcc.o)
                0x0000000008003d30                rcc_set_sysclk_source
 .text.rcc_set_main_pll
                0x0000000008003d44       0x28 /Users/user/Desktop/libopencm3/lib/libopencm3_stm32l4.a(rcc.o)
                0x0000000008003d44                rcc_set_main_pll
 .text.rcc_get_usart_clk_freq
                0x0000000008003d6c       0x78 /Users/user/Desktop/libopencm3/lib/libopencm3_stm32l4.a(rcc.o)
                0x0000000008003d6c                rcc_get_usart_clk_freq
 .text.rcc_periph_clock_enable
                0x0000000008003de4       0x1c /Users/user/Desktop/libopencm3/lib/libopencm3_stm32l4.a(rcc_common_all.o)
                0x0000000008003de4                rcc_periph_clock_enable
 .text.rcc_get_div_from_hpre
                0x0000000008003e00       0x1c /Users/user/Desktop/libopencm3/lib/libopencm3_stm32l4.a(rcc_common_all.o)
                0x0000000008003e00                rcc_get_div_from_hpre
 .text.rng_enable
                0x0000000008003e1c       0x14 /Users/user/Desktop/libopencm3/lib/libopencm3_stm32l4.a(rng_common_v1.o)
                0x0000000008003e1c                rng_enable
 .text.usart_set_baudrate
                0x0000000008003e30       0x38 /Users/user/Desktop/libopencm3/lib/libopencm3_stm32l4.a(usart_common_all.o)
                0x0000000008003e30                usart_set_baudrate
 .text.usart_set_databits
                0x0000000008003e68       0x12 /Users/user/Desktop/libopencm3/lib/libopencm3_stm32l4.a(usart_common_all.o)
                0x0000000008003e68                usart_set_databits
 .text.usart_set_stopbits
                0x0000000008003e7a        0xc /Users/user/Desktop/libopencm3/lib/libopencm3_stm32l4.a(usart_common_all.o)
                0x0000000008003e7a                usart_set_stopbits
 .text.usart_set_parity
                0x0000000008003e86        0xc /Users/user/Desktop/libopencm3/lib/libopencm3_stm32l4.a(usart_common_all.o)
                0x0000000008003e86                usart_set_parity
 .text.usart_set_mode
                0x0000000008003e92        0xc /Users/user/Desktop/libopencm3/lib/libopencm3_stm32l4.a(usart_common_all.o)
                0x0000000008003e92                usart_set_mode
 .text.usart_set_flow_control
                0x0000000008003e9e        0xc /Users/user/Desktop/libopencm3/lib/libopencm3_stm32l4.a(usart_common_all.o)
                0x0000000008003e9e                usart_set_flow_control
 .text.usart_enable
                0x0000000008003eaa        0xa /Users/user/Desktop/libopencm3/lib/libopencm3_stm32l4.a(usart_common_all.o)
                0x0000000008003eaa                usart_enable
 .text.usart_enable_rx_interrupt
                0x0000000008003eb4        0xa /Users/user/Desktop/libopencm3/lib/libopencm3_stm32l4.a(usart_common_all.o)
                0x0000000008003eb4                usart_enable_rx_interrupt
 .text.usart_enable_tx_interrupt
                0x0000000008003ebe        0xa /Users/user/Desktop/libopencm3/lib/libopencm3_stm32l4.a(usart_common_all.o)
                0x0000000008003ebe                usart_enable_tx_interrupt
 .text.usart_disable_tx_interrupt
                0x0000000008003ec8        0xa /Users/user/Desktop/libopencm3/lib/libopencm3_stm32l4.a(usart_common_all.o)
                0x0000000008003ec8                usart_disable_tx_interrupt
 .text.usart_send
                0x0000000008003ed2        0x8 /Users/user/Desktop/libopencm3/lib/libopencm3_stm32l4.a(usart_common_v2.o)
                0x0000000008003ed2                usart_send
 .text.usart_recv
                0x0000000008003eda        0x8 /Users/user/Desktop/libopencm3/lib/libopencm3_stm32l4.a(usart_common_v2.o)
                0x0000000008003eda                usart_recv
 .text.blocking_handler
                0x0000000008003ee2        0x2 /Users/user/Desktop/libopencm3/lib/libopencm3_stm32l4.a(vector.o)
                0x0000000008003ee2                exti0_isr
                0x0000000008003ee2                usart3_isr
                0x0000000008003ee2                swpmi1_isr
                0x0000000008003ee2                tim7_isr
                0x0000000008003ee2                dma2d_isr
                0x0000000008003ee2                rng_isr
                0x0000000008003ee2                adc1_2_isr
                0x0000000008003ee2                i2c4_er_isr
                0x0000000008003ee2                blocking_handler
                0x0000000008003ee2                tsc_isr
                0x0000000008003ee2                tim5_isr
                0x0000000008003ee2                rtc_wkup_isr
                0x0000000008003ee2                otg_fs_isr
                0x0000000008003ee2                tim1_up_tim16_isr
                0x0000000008003ee2                spi1_isr
                0x0000000008003ee2                i2c3_er_isr
                0x0000000008003ee2                dma2_channel7_isr
                0x0000000008003ee2                exti2_isr
                0x0000000008003ee2                dma1_channel6_isr
                0x0000000008003ee2                dma1_channel5_isr
                0x0000000008003ee2                dma2_channel5_isr
                0x0000000008003ee2                tamp_stamp_isr
                0x0000000008003ee2                fmc_isr
                0x0000000008003ee2                can1_rx1_isr
                0x0000000008003ee2                usart1_isr
                0x0000000008003ee2                i2c3_ev_isr
                0x0000000008003ee2                usage_fault_handler
                0x0000000008003ee2                tim8_trg_com_isr
                0x0000000008003ee2                can2_rx0_isr
                0x0000000008003ee2                tim1_trg_com_tim17_isr
                0x0000000008003ee2                can2_rx1_isr
                0x0000000008003ee2                can1_sce_isr
                0x0000000008003ee2                tim1_cc_isr
                0x0000000008003ee2                can1_tx_isr
                0x0000000008003ee2                dma1_channel4_isr
                0x0000000008003ee2                tim8_brk_isr
                0x0000000008003ee2                dma2_channel4_isr
                0x0000000008003ee2                lptim1_isr
                0x0000000008003ee2                lpuart1_isr
                0x0000000008003ee2                can1_rx0_isr
                0x0000000008003ee2                rcc_isr
                0x0000000008003ee2                flash_isr
                0x0000000008003ee2                uart4_isr
                0x0000000008003ee2                rtc_alarm_isr
                0x0000000008003ee2                exti15_10_isr
                0x0000000008003ee2                hard_fault_handler
                0x0000000008003ee2                exti1_isr
                0x0000000008003ee2                i2c1_ev_isr
                0x0000000008003ee2                dma2_channel1_isr
                0x0000000008003ee2                dfsdm2_isr
                0x0000000008003ee2                spi2_isr
                0x0000000008003ee2                aes_isr
                0x0000000008003ee2                tim8_up_isr
                0x0000000008003ee2                tim6_dacunder_isr
                0x0000000008003ee2                dma2_channel6_isr
                0x0000000008003ee2                dma2_channel2_isr
                0x0000000008003ee2                exti3_isr
                0x0000000008003ee2                adc3_isr
                0x0000000008003ee2                tim3_isr
                0x0000000008003ee2                sai1_isr
                0x0000000008003ee2                fpu_isr
                0x0000000008003ee2                i2c2_er_isr
                0x0000000008003ee2                i2c2_ev_isr
                0x0000000008003ee2                uart5_isr
                0x0000000008003ee2                dma1_channel1_isr
                0x0000000008003ee2                exti4_isr
                0x0000000008003ee2                dfsdm3_isr
                0x0000000008003ee2                comp_isr
                0x0000000008003ee2                mem_manage_handler
                0x0000000008003ee2                can2_tx_isr
                0x0000000008003ee2                lptim2_isr
                0x0000000008003ee2                lcd_isr
                0x0000000008003ee2                exti9_5_isr
                0x0000000008003ee2                dma2_channel3_isr
                0x0000000008003ee2                dfsdm1_isr
                0x0000000008003ee2                dma1_channel7_isr
                0x0000000008003ee2                pvd_pvm_isr
                0x0000000008003ee2                can2_sce_isr
                0x0000000008003ee2                tim4_isr
                0x0000000008003ee2                sai2_isr
                0x0000000008003ee2                dma1_channel2_isr
                0x0000000008003ee2                i2c1_er_isr
                0x0000000008003ee2                tim8_cc_isr
                0x0000000008003ee2                dcmi_isr
                0x0000000008003ee2                hash_crs_isr
                0x0000000008003ee2                bus_fault_handler
                0x0000000008003ee2                wwdg_isr
                0x0000000008003ee2                tim1_brk_tim15_isr
                0x0000000008003ee2                dma1_channel3_isr
                0x0000000008003ee2                sdmmc1_isr
                0x0000000008003ee2                spi3_isr
                0x0000000008003ee2                quadspi_isr
                0x0000000008003ee2                dfsdm0_isr
                0x0000000008003ee2                tim2_isr
                0x0000000008003ee2                i2c4_ev_isr
 .text.null_handler
                0x0000000008003ee4        0x2 /Users/user/Desktop/libopencm3/lib/libopencm3_stm32l4.a(vector.o)
                0x0000000008003ee4                null_handler
                0x0000000008003ee4                sv_call_handler
                0x0000000008003ee4                pend_sv_handler
                0x0000000008003ee4                debug_monitor_handler
                0x0000000008003ee4                nmi_handler
 *fill*         0x0000000008003ee6        0x2 
 .text.reset_handler
                0x0000000008003ee8       0xa0 /Users/user/Desktop/libopencm3/lib/libopencm3_stm32l4.a(vector.o)
                0x0000000008003ee8                reset_handler
 .text.systick_set_reload
                0x0000000008003f88        0xc /Users/user/Desktop/libopencm3/lib/libopencm3_stm32l4.a(systick.o)
                0x0000000008003f88                systick_set_reload
 .text.systick_set_clocksource
                0x0000000008003f94       0x14 /Users/user/Desktop/libopencm3/lib/libopencm3_stm32l4.a(systick.o)
                0x0000000008003f94                systick_set_clocksource
 .text.systick_interrupt_enable
                0x0000000008003fa8        0xe /Users/user/Desktop/libopencm3/lib/libopencm3_stm32l4.a(systick.o)
                0x0000000008003fa8                systick_interrupt_enable
 .text.systick_counter_enable
                0x0000000008003fb6        0xe /Users/user/Desktop/libopencm3/lib/libopencm3_stm32l4.a(systick.o)
                0x0000000008003fb6                systick_counter_enable
 .text.nvic_enable_irq
                0x0000000008003fc4       0x1c /Users/user/Desktop/libopencm3/lib/libopencm3_stm32l4.a(nvic.o)
                0x0000000008003fc4                nvic_enable_irq
                0x0000000008003fe0                . = ALIGN (0x4)
 *(.rodata*)
 .rodata.user_init.str1.4
                0x0000000008003fe0       0x31 build/m7_app.o
 *fill*         0x0000000008004011        0x3 
 .rodata.keypad.str1.4
                0x0000000008004014       0x13 build/m7_app.o
 *fill*         0x0000000008004027        0x1 
 .rodata.str1.4
                0x0000000008004028       0x4d build/m7_app.o
 .rodata._ctype_
                0x0000000008004075      0x101 /Users/user/Desktop/Apps/Toolchain/gcc-arm-none-eabi-10.3-2021.10/bin/../lib/gcc/arm-none-eabi/10.3.1/../../../../arm-none-eabi/lib/thumb/v7e-m+fp/hard/libc_nano.a(lib_a-ctype_.o)
                0x0000000008004075                _ctype_
                0x0000000008004178                . = ALIGN (0x4)
 *fill*         0x0000000008004176        0x2 

.glue_7         0x0000000008004178        0x0
 .glue_7        0x0000000008004178        0x0 linker stubs

.glue_7t        0x0000000008004178        0x0
 .glue_7t       0x0000000008004178        0x0 linker stubs

.vfp11_veneer   0x0000000008004178        0x0
 .vfp11_veneer  0x0000000008004178        0x0 linker stubs

.v4_bx          0x0000000008004178        0x0
 .v4_bx         0x0000000008004178        0x0 linker stubs

.iplt           0x0000000008004178        0x0
 .iplt          0x0000000008004178        0x0 build/m7_app.o

.rel.dyn        0x0000000008004178        0x0
 .rel.iplt      0x0000000008004178        0x0 build/m7_app.o

.preinit_array  0x0000000008004178        0x0
                0x0000000008004178                . = ALIGN (0x4)
                0x0000000008004178                __preinit_array_start = .
 *(.preinit_array)
                0x0000000008004178                __preinit_array_end = .

.init_array     0x0000000008004178        0x0
                0x0000000008004178                . = ALIGN (0x4)
                0x0000000008004178                __init_array_start = .
 *(SORT_BY_NAME(.init_array.*))
 *(.init_array)
                0x0000000008004178                __init_array_end = .

.fini_array     0x0000000008004178        0x0
                0x0000000008004178                . = ALIGN (0x4)
                0x0000000008004178                __fini_array_start = .
 *(.fini_array)
 *(SORT_BY_NAME(.fini_array.*))
                0x0000000008004178                __fini_array_end = .

.ARM.extab
 *(.ARM.extab*)

.ARM.exidx      0x0000000008004178        0x0
                0x0000000008004178                __exidx_start = .
 *(.ARM.exidx*)
                0x0000000008004178                __exidx_end = .
                0x0000000008004178                . = ALIGN (0x4)
                0x0000000008004178                _etext = .

.noinit
 *(.noinit)
                0x0000000008004178                . = ALIGN (0x4)

.data           0x0000000020000000      0x108 load address 0x0000000008004178
                0x0000000020000000                _data = .
 *(.data*)
 .data.InCharBuff
                0x0000000020000000       0x10 build/m7_app.o
                0x0000000020000000                InCharBuff
 .data.LEDNames
                0x0000000020000010       0x14 build/m7_app.o
                0x0000000020000010                LEDNames
 .data.LEDPeriods
                0x0000000020000024       0x14 build/m7_app.o
                0x0000000020000024                LEDPeriods
 .data.OutCharBuff
                0x0000000020000038       0x10 build/m7_app.o
                0x0000000020000038                OutCharBuff
 .data.edub_LD0_period
                0x0000000020000048        0x4 build/m7_app.o
                0x0000000020000048                edub_LD0_period
 .data.edub_LD1_period
                0x000000002000004c        0x4 build/m7_app.o
                0x000000002000004c                edub_LD1_period
 .data.edub_LD2_period
                0x0000000020000050        0x4 build/m7_app.o
                0x0000000020000050                edub_LD2_period
 .data.edub_LD3_period
                0x0000000020000054        0x4 build/m7_app.o
                0x0000000020000054                edub_LD3_period
 .data.key      0x0000000020000058       0x16 build/m7_app.o
                0x0000000020000058                key
 *fill*         0x000000002000006e        0x2 
 .data.key2     0x0000000020000070       0x16 build/m7_app.o
                0x0000000020000070                key2
 *fill*         0x0000000020000086        0x2 
 .data.psz_SelectMenuLineOneDefault
                0x0000000020000088        0x4 build/m7_app.o
                0x0000000020000088                psz_SelectMenuLineOneDefault
 .data.psz_SelectMenuLineTwoDefault
                0x000000002000008c        0x4 build/m7_app.o
                0x000000002000008c                psz_SelectMenuLineTwoDefault
 .data.timer2Period
                0x0000000020000090        0x4 build/m7_app.o
                0x0000000020000090                timer2Period
 .data.userBuffer.0
                0x0000000020000094        0x4 build/m7_app.o
 .data._impure_ptr
                0x0000000020000098        0x4 /Users/user/Desktop/Apps/Toolchain/gcc-arm-none-eabi-10.3-2021.10/bin/../lib/gcc/arm-none-eabi/10.3.1/../../../../arm-none-eabi/lib/thumb/v7e-m+fp/hard/libc_nano.a(lib_a-impure.o)
                0x0000000020000098                _impure_ptr
 .data.impure_data
                0x000000002000009c       0x60 /Users/user/Desktop/Apps/Toolchain/gcc-arm-none-eabi-10.3-2021.10/bin/../lib/gcc/arm-none-eabi/10.3.1/../../../../arm-none-eabi/lib/thumb/v7e-m+fp/hard/libc_nano.a(lib_a-impure.o)
 .data.rcc_ahb_frequency
                0x00000000200000fc        0x4 /Users/user/Desktop/libopencm3/lib/libopencm3_stm32l4.a(rcc.o)
                0x00000000200000fc                rcc_ahb_frequency
 .data.rcc_apb1_frequency
                0x0000000020000100        0x4 /Users/user/Desktop/libopencm3/lib/libopencm3_stm32l4.a(rcc.o)
                0x0000000020000100                rcc_apb1_frequency
 .data.rcc_apb2_frequency
                0x0000000020000104        0x4 /Users/user/Desktop/libopencm3/lib/libopencm3_stm32l4.a(rcc.o)
                0x0000000020000104                rcc_apb2_frequency
                0x0000000020000108                . = ALIGN (0x4)
 *(.ramfunctions)
                0x0000000020000108                _edata = .
                0x0000000008004178                _data_loadaddr = LOADADDR (.data)

.igot.plt       0x0000000020000108        0x0 load address 0x0000000008004280
 .igot.plt      0x0000000020000108        0x0 build/m7_app.o

.bss            0x0000000020000108     0x2060 load address 0x0000000008004280
 *(.bss*)
 .bss.B1        0x0000000020000108        0x1 build/m7_app.o
                0x0000000020000108                B1
 .bss.LCDCurrentState
                0x0000000020000109        0x1 build/m7_app.o
                0x0000000020000109                LCDCurrentState
 .bss.LD2       0x000000002000010a        0x1 build/m7_app.o
                0x000000002000010a                LD2
 .bss.LED0      0x000000002000010b        0x1 build/m7_app.o
                0x000000002000010b                LED0
 .bss.LED1      0x000000002000010c        0x1 build/m7_app.o
                0x000000002000010c                LED1
 .bss.LED2      0x000000002000010d        0x1 build/m7_app.o
                0x000000002000010d                LED2
 .bss.LED3      0x000000002000010e        0x1 build/m7_app.o
                0x000000002000010e                LED3
 .bss.SW2       0x000000002000010f        0x1 build/m7_app.o
                0x000000002000010f                SW2
 .bss.SW3       0x0000000020000110        0x1 build/m7_app.o
                0x0000000020000110                SW3
 .bss.SW4       0x0000000020000111        0x1 build/m7_app.o
                0x0000000020000111                SW4
 .bss.SW5       0x0000000020000112        0x1 build/m7_app.o
                0x0000000020000112                SW5
 .bss.chooseLED.5
                0x0000000020000113        0x1 build/m7_app.o
 .bss.decrypt.1
                0x0000000020000114        0x1 build/m7_app.o
 .bss.digit.4   0x0000000020000115        0x1 build/m7_app.o
 .bss.encrypt.2
                0x0000000020000116        0x1 build/m7_app.o
 .bss.i         0x0000000020000117        0x1 build/m7_app.o
                0x0000000020000117                i
 .bss.input.6   0x0000000020000118        0x1 build/m7_app.o
 *fill*         0x0000000020000119        0x3 
 .bss.restore   0x000000002000011c        0x4 build/m7_app.o
                0x000000002000011c                restore
 .bss.startup   0x0000000020000120        0x1 build/m7_app.o
                0x0000000020000120                startup
 .bss.status_menu
                0x0000000020000121        0x1 build/m7_app.o
                0x0000000020000121                status_menu
 *fill*         0x0000000020000122        0x2 
 .bss.sum       0x0000000020000124       0x50 build/m7_app.o
                0x0000000020000124                sum
 .bss.toUpper.3
                0x0000000020000174        0x1 build/m7_app.o
 *fill*         0x0000000020000175        0x3 
 .bss.__astChildTaskPool
                0x0000000020000178      0x300 build/esos.o
                0x0000000020000178                __astChildTaskPool
 .bss.__astCircularBuffers
                0x0000000020000478      0x180 build/esos.o
                0x0000000020000478                __astCircularBuffers
 .bss.__astMailbox
                0x00000000200005f8      0x100 build/esos.o
                0x00000000200005f8                __astMailbox
 .bss.__astTmrSvcs
                0x00000000200006f8       0xc0 build/esos.o
                0x00000000200006f8                __astTmrSvcs
 .bss.__astUserTaskPool
                0x00000000200007b8      0x300 build/esos.o
                0x00000000200007b8                __astUserTaskPool
 .bss.__au8UserTaskStructIndex
                0x0000000020000ab8       0x20 build/esos.o
                0x0000000020000ab8                __au8UserTaskStructIndex
 .bss.__au8_MBData
                0x0000000020000ad8      0xf00 build/esos.o
                0x0000000020000ad8                __au8_MBData
 .bss.__esos_u32SystemFlags
                0x00000000200019d8        0x4 build/esos.o
                0x00000000200019d8                __esos_u32SystemFlags
 .bss.__esos_u32TmrActiveFlags
                0x00000000200019dc        0x4 build/esos.o
                0x00000000200019dc                __esos_u32TmrActiveFlags
 .bss.__esos_u8TmrSvcsRegistered
                0x00000000200019e0        0x1 build/esos.o
                0x00000000200019e0                __esos_u8TmrSvcsRegistered
 *fill*         0x00000000200019e1        0x1 
 .bss.__u16NumTasksEverCreated
                0x00000000200019e2        0x2 build/esos.o
                0x00000000200019e2                __u16NumTasksEverCreated
 .bss.__u8ChildTasksRegistered
                0x00000000200019e4        0x1 build/esos.o
                0x00000000200019e4                __u8ChildTasksRegistered
 .bss.__u8UserTasksRegistered
                0x00000000200019e5        0x1 build/esos.o
                0x00000000200019e5                __u8UserTasksRegistered
 *fill*         0x00000000200019e6        0x2 
 .bss.__stLCDChildTask
                0x00000000200019e8       0x18 build/esos_lcd44780wo.o
                0x00000000200019e8                __stLCDChildTask
 .bss.esos_lcd44780_vars
                0x0000000020001a00       0xf1 build/esos_lcd44780wo.o
                0x0000000020001a00                esos_lcd44780_vars
 .bss.i.1       0x0000000020001af1        0x1 build/esos_lcd44780wo.o
 *fill*         0x0000000020001af2        0x2 
 .bss.n.0       0x0000000020001af4        0x4 build/esos_lcd44780wo.o
 .bss.u8_col.2  0x0000000020001af8        0x1 build/esos_lcd44780wo.o
 .bss.u8_row.3  0x0000000020001af9        0x1 build/esos_lcd44780wo.o
 .bss.b_localIsData.1
                0x0000000020001afa        0x1 build/esos_stm32l4_edub_4bit_lcd44780wo.o
 .bss.u8_localData.2
                0x0000000020001afb        0x1 build/esos_stm32l4_edub_4bit_lcd44780wo.o
 .bss.u8_temp.0
                0x0000000020001afc        0x1 build/esos_stm32l4_edub_4bit_lcd44780wo.o
 *fill*         0x0000000020001afd        0x3 
 .bss.__ast_esosSuiLEDs
                0x0000000020001b00      0x280 build/esos_sui.o
                0x0000000020001b00                __ast_esosSuiLEDs
 .bss.__ast_esosSuiSwitches
                0x0000000020001d80      0x300 build/esos_sui.o
                0x0000000020001d80                __ast_esosSuiSwitches
 .bss.__u8_esosSuiNumLEDs
                0x0000000020002080        0x1 build/esos_sui.o
                0x0000000020002080                __u8_esosSuiNumLEDs
 .bss.__u8_esosSuiNumSWs
                0x0000000020002081        0x1 build/esos_sui.o
                0x0000000020002081                __u8_esosSuiNumSWs
 *fill*         0x0000000020002082        0x2 
 .bss.__u32_esos_PRNG_Seed
                0x0000000020002084        0x4 build/esos_utils.o
                0x0000000020002084                __u32_esos_PRNG_Seed
 .bss.__esos_comm_rx_buff
                0x0000000020002088       0x40 build/esos_comm.o
                0x0000000020002088                __esos_comm_rx_buff
 .bss.__esos_comm_tx_buff
                0x00000000200020c8       0x40 build/esos_comm.o
                0x00000000200020c8                __esos_comm_tx_buff
 .bss.__pst_CB_Rx
                0x0000000020002108        0x4 build/esos_comm.o
                0x0000000020002108                __pst_CB_Rx
 .bss.__pst_CB_Tx
                0x000000002000210c        0x4 build/esos_comm.o
                0x000000002000210c                __pst_CB_Tx
 .bss.__stChildTaskRx
                0x0000000020002110       0x18 build/esos_comm.o
                0x0000000020002110                __stChildTaskRx
 .bss.__stChildTaskTx
                0x0000000020002128       0x18 build/esos_comm.o
                0x0000000020002128                __stChildTaskTx
 .bss.__st_CB_Rx
                0x0000000020002140        0xc build/esos_comm.o
                0x0000000020002140                __st_CB_Rx
 .bss.__st_CB_Tx
                0x000000002000214c        0xc build/esos_comm.o
                0x000000002000214c                __st_CB_Tx
 .bss.pau8_LocalPtr.2
                0x0000000020002158        0x4 build/esos_comm.o
 .bss.u8_LocalSize.3
                0x000000002000215c        0x1 build/esos_comm.o
 .bss.u8_i.1    0x000000002000215d        0x1 build/esos_comm.o
 .bss.u8_localChar.11
                0x000000002000215e        0x1 build/esos_comm.o
 *fill*         0x000000002000215f        0x1 
 .bss.esos_tick_count
                0x0000000020002160        0x4 build/esos_stm32l4_tick.o
                0x0000000020002160                esos_tick_count
 .bss.u8_uartRXbuf
                0x0000000020002164        0x1 build/esos_stm32l4_rs232.o
                0x0000000020002164                u8_uartRXbuf
 .bss.u8_uartTXbuf
                0x0000000020002165        0x1 build/esos_stm32l4_rs232.o
                0x0000000020002165                u8_uartTXbuf
 *(COMMON)
                0x0000000020002168                . = ALIGN (0x4)
 *fill*         0x0000000020002166        0x2 
                0x0000000020002168                _ebss = .

/DISCARD/
 *(.eh_frame)
                0x0000000020002168                . = ALIGN (0x4)
                0x0000000020002168                end = .
                0x0000000020028000                PROVIDE (_stack = (ORIGIN (ram) + LENGTH (ram)))
OUTPUT(build/m7_app.elf elf32-littlearm)
LOAD linker stubs

.debug_info     0x0000000000000000     0xa7ba
 .debug_info    0x0000000000000000     0x1606 build/m7_app.o
 .debug_info    0x0000000000001606      0x3ba build/cipher.o
 .debug_info    0x00000000000019c0      0x531 build/keypad.o
 .debug_info    0x0000000000001ef1      0x496 build/esos_stm32l4_edub_sui.o
 .debug_info    0x0000000000002387      0xa5b build/esos.o
 .debug_info    0x0000000000002de2      0xbca build/esos_lcd44780wo.o
 .debug_info    0x00000000000039ac      0x76d build/esos_stm32l4_edub_4bit_lcd44780wo.o
 .debug_info    0x0000000000004119      0xe2e build/esos_sui.o
 .debug_info    0x0000000000004f47      0x491 build/esos_cb.o
 .debug_info    0x00000000000053d8      0x2f2 build/esos_utils.o
 .debug_info    0x00000000000056ca      0x9b6 build/esos_comm.o
 .debug_info    0x0000000000006080      0x52c build/esos_mail.o
 .debug_info    0x00000000000065ac      0x75b build/esos_stm32l4_tick.o
 .debug_info    0x0000000000006d07      0x129 build/esos_stm32l4_utils.o
 .debug_info    0x0000000000006e30      0x94b build/esos_stm32l4_rs232.o
 .debug_info    0x000000000000777b       0xfc /Users/user/Desktop/libopencm3/lib/libopencm3_stm32l4.a(flash_common_all.o)
 .debug_info    0x0000000000007877       0xf4 /Users/user/Desktop/libopencm3/lib/libopencm3_stm32l4.a(flash_common_idcache.o)
 .debug_info    0x000000000000796b      0x266 /Users/user/Desktop/libopencm3/lib/libopencm3_stm32l4.a(gpio_common_all.o)
 .debug_info    0x0000000000007bd1      0x233 /Users/user/Desktop/libopencm3/lib/libopencm3_stm32l4.a(gpio_common_f0234.o)
 .debug_info    0x0000000000007e04      0xe89 /Users/user/Desktop/libopencm3/lib/libopencm3_stm32l4.a(rcc.o)
 .debug_info    0x0000000000008c8d      0x847 /Users/user/Desktop/libopencm3/lib/libopencm3_stm32l4.a(rcc_common_all.o)
 .debug_info    0x00000000000094d4      0x1a4 /Users/user/Desktop/libopencm3/lib/libopencm3_stm32l4.a(rng_common_v1.o)
 .debug_info    0x0000000000009678      0x5d1 /Users/user/Desktop/libopencm3/lib/libopencm3_stm32l4.a(usart_common_all.o)
 .debug_info    0x0000000000009c49      0x3ae /Users/user/Desktop/libopencm3/lib/libopencm3_stm32l4.a(usart_common_v2.o)
 .debug_info    0x0000000000009ff7      0x2f2 /Users/user/Desktop/libopencm3/lib/libopencm3_stm32l4.a(vector.o)
 .debug_info    0x000000000000a2e9      0x280 /Users/user/Desktop/libopencm3/lib/libopencm3_stm32l4.a(systick.o)
 .debug_info    0x000000000000a569      0x251 /Users/user/Desktop/libopencm3/lib/libopencm3_stm32l4.a(nvic.o)

.debug_abbrev   0x0000000000000000     0x2900
 .debug_abbrev  0x0000000000000000      0x374 build/m7_app.o
 .debug_abbrev  0x0000000000000374      0x1b0 build/cipher.o
 .debug_abbrev  0x0000000000000524       0xd3 build/keypad.o
 .debug_abbrev  0x00000000000005f7      0x10d build/esos_stm32l4_edub_sui.o
 .debug_abbrev  0x0000000000000704      0x2c9 build/esos.o
 .debug_abbrev  0x00000000000009cd      0x2ae build/esos_lcd44780wo.o
 .debug_abbrev  0x0000000000000c7b      0x173 build/esos_stm32l4_edub_4bit_lcd44780wo.o
 .debug_abbrev  0x0000000000000dee      0x337 build/esos_sui.o
 .debug_abbrev  0x0000000000001125      0x12d build/esos_cb.o
 .debug_abbrev  0x0000000000001252      0x158 build/esos_utils.o
 .debug_abbrev  0x00000000000013aa      0x202 build/esos_comm.o
 .debug_abbrev  0x00000000000015ac      0x17f build/esos_mail.o
 .debug_abbrev  0x000000000000172b      0x150 build/esos_stm32l4_tick.o
 .debug_abbrev  0x000000000000187b       0xc1 build/esos_stm32l4_utils.o
 .debug_abbrev  0x000000000000193c      0x1be build/esos_stm32l4_rs232.o
 .debug_abbrev  0x0000000000001afa       0x9a /Users/user/Desktop/libopencm3/lib/libopencm3_stm32l4.a(flash_common_all.o)
 .debug_abbrev  0x0000000000001b94       0x56 /Users/user/Desktop/libopencm3/lib/libopencm3_stm32l4.a(flash_common_idcache.o)
 .debug_abbrev  0x0000000000001bea      0x116 /Users/user/Desktop/libopencm3/lib/libopencm3_stm32l4.a(gpio_common_all.o)
 .debug_abbrev  0x0000000000001d00       0xbf /Users/user/Desktop/libopencm3/lib/libopencm3_stm32l4.a(gpio_common_f0234.o)
 .debug_abbrev  0x0000000000001dbf      0x2db /Users/user/Desktop/libopencm3/lib/libopencm3_stm32l4.a(rcc.o)
 .debug_abbrev  0x000000000000209a      0x177 /Users/user/Desktop/libopencm3/lib/libopencm3_stm32l4.a(rcc_common_all.o)
 .debug_abbrev  0x0000000000002211      0x12e /Users/user/Desktop/libopencm3/lib/libopencm3_stm32l4.a(rng_common_v1.o)
 .debug_abbrev  0x000000000000233f      0x134 /Users/user/Desktop/libopencm3/lib/libopencm3_stm32l4.a(usart_common_all.o)
 .debug_abbrev  0x0000000000002473      0x128 /Users/user/Desktop/libopencm3/lib/libopencm3_stm32l4.a(usart_common_v2.o)
 .debug_abbrev  0x000000000000259b      0x15b /Users/user/Desktop/libopencm3/lib/libopencm3_stm32l4.a(vector.o)
 .debug_abbrev  0x00000000000026f6      0x155 /Users/user/Desktop/libopencm3/lib/libopencm3_stm32l4.a(systick.o)
 .debug_abbrev  0x000000000000284b       0xb5 /Users/user/Desktop/libopencm3/lib/libopencm3_stm32l4.a(nvic.o)

.debug_loc      0x0000000000000000     0x437d
 .debug_loc     0x0000000000000000      0x454 build/m7_app.o
 .debug_loc     0x0000000000000454      0x309 build/cipher.o
 .debug_loc     0x000000000000075d       0x58 build/keypad.o
 .debug_loc     0x00000000000007b5      0x1e3 build/esos_stm32l4_edub_sui.o
 .debug_loc     0x0000000000000998      0xa8c build/esos.o
 .debug_loc     0x0000000000001424      0x358 build/esos_lcd44780wo.o
 .debug_loc     0x000000000000177c      0x1f7 build/esos_stm32l4_edub_4bit_lcd44780wo.o
 .debug_loc     0x0000000000001973      0x5f4 build/esos_sui.o
 .debug_loc     0x0000000000001f67      0x3bf build/esos_cb.o
 .debug_loc     0x0000000000002326      0x24d build/esos_utils.o
 .debug_loc     0x0000000000002573      0x72c build/esos_comm.o
 .debug_loc     0x0000000000002c9f      0x20d build/esos_mail.o
 .debug_loc     0x0000000000002eac       0x58 build/esos_stm32l4_tick.o
 .debug_loc     0x0000000000002f04       0x40 build/esos_stm32l4_utils.o
 .debug_loc     0x0000000000002f44       0xb2 build/esos_stm32l4_rs232.o
 .debug_loc     0x0000000000002ff6       0x47 /Users/user/Desktop/libopencm3/lib/libopencm3_stm32l4.a(flash_common_all.o)
 .debug_loc     0x000000000000303d       0xbe /Users/user/Desktop/libopencm3/lib/libopencm3_stm32l4.a(gpio_common_all.o)
 .debug_loc     0x00000000000030fb      0x14f /Users/user/Desktop/libopencm3/lib/libopencm3_stm32l4.a(gpio_common_f0234.o)
 .debug_loc     0x000000000000324a      0x839 /Users/user/Desktop/libopencm3/lib/libopencm3_stm32l4.a(rcc.o)
 .debug_loc     0x0000000000003a83      0x120 /Users/user/Desktop/libopencm3/lib/libopencm3_stm32l4.a(rcc_common_all.o)
 .debug_loc     0x0000000000003ba3       0xbb /Users/user/Desktop/libopencm3/lib/libopencm3_stm32l4.a(rng_common_v1.o)
 .debug_loc     0x0000000000003c5e      0x238 /Users/user/Desktop/libopencm3/lib/libopencm3_stm32l4.a(usart_common_all.o)
 .debug_loc     0x0000000000003e96       0xe0 /Users/user/Desktop/libopencm3/lib/libopencm3_stm32l4.a(usart_common_v2.o)
 .debug_loc     0x0000000000003f76      0x128 /Users/user/Desktop/libopencm3/lib/libopencm3_stm32l4.a(vector.o)
 .debug_loc     0x000000000000409e      0x192 /Users/user/Desktop/libopencm3/lib/libopencm3_stm32l4.a(systick.o)
 .debug_loc     0x0000000000004230      0x14d /Users/user/Desktop/libopencm3/lib/libopencm3_stm32l4.a(nvic.o)

.debug_aranges  0x0000000000000000      0xb20
 .debug_aranges
                0x0000000000000000       0x70 build/m7_app.o
 .debug_aranges
                0x0000000000000070       0x50 build/cipher.o
 .debug_aranges
                0x00000000000000c0       0x28 build/keypad.o
 .debug_aranges
                0x00000000000000e8       0x50 build/esos_stm32l4_edub_sui.o
 .debug_aranges
                0x0000000000000138       0x88 build/esos.o
 .debug_aranges
                0x00000000000001c0       0xb8 build/esos_lcd44780wo.o
 .debug_aranges
                0x0000000000000278       0x30 build/esos_stm32l4_edub_4bit_lcd44780wo.o
 .debug_aranges
                0x00000000000002a8       0xf0 build/esos_sui.o
 .debug_aranges
                0x0000000000000398       0x68 build/esos_cb.o
 .debug_aranges
                0x0000000000000400       0x50 build/esos_utils.o
 .debug_aranges
                0x0000000000000450       0x88 build/esos_comm.o
 .debug_aranges
                0x00000000000004d8       0x30 build/esos_mail.o
 .debug_aranges
                0x0000000000000508       0x40 build/esos_stm32l4_tick.o
 .debug_aranges
                0x0000000000000548       0x30 build/esos_stm32l4_utils.o
 .debug_aranges
                0x0000000000000578       0x58 build/esos_stm32l4_rs232.o
 .debug_aranges
                0x00000000000005d0       0x38 /Users/user/Desktop/libopencm3/lib/libopencm3_stm32l4.a(flash_common_all.o)
 .debug_aranges
                0x0000000000000608       0x48 /Users/user/Desktop/libopencm3/lib/libopencm3_stm32l4.a(flash_common_idcache.o)
 .debug_aranges
                0x0000000000000650       0x50 /Users/user/Desktop/libopencm3/lib/libopencm3_stm32l4.a(gpio_common_all.o)
 .debug_aranges
                0x00000000000006a0       0x30 /Users/user/Desktop/libopencm3/lib/libopencm3_stm32l4.a(gpio_common_f0234.o)
 .debug_aranges
                0x00000000000006d0      0x120 /Users/user/Desktop/libopencm3/lib/libopencm3_stm32l4.a(rcc.o)
 .debug_aranges
                0x00000000000007f0       0x60 /Users/user/Desktop/libopencm3/lib/libopencm3_stm32l4.a(rcc_common_all.o)
 .debug_aranges
                0x0000000000000850       0x48 /Users/user/Desktop/libopencm3/lib/libopencm3_stm32l4.a(rng_common_v1.o)
 .debug_aranges
                0x0000000000000898       0xd8 /Users/user/Desktop/libopencm3/lib/libopencm3_stm32l4.a(usart_common_all.o)
 .debug_aranges
                0x0000000000000970       0xa8 /Users/user/Desktop/libopencm3/lib/libopencm3_stm32l4.a(usart_common_v2.o)
 .debug_aranges
                0x0000000000000a18       0x30 /Users/user/Desktop/libopencm3/lib/libopencm3_stm32l4.a(vector.o)
 .debug_aranges
                0x0000000000000a48       0x78 /Users/user/Desktop/libopencm3/lib/libopencm3_stm32l4.a(systick.o)
 .debug_aranges
                0x0000000000000ac0       0x60 /Users/user/Desktop/libopencm3/lib/libopencm3_stm32l4.a(nvic.o)

.debug_ranges   0x0000000000000000      0xb58
 .debug_ranges  0x0000000000000000      0x168 build/m7_app.o
 .debug_ranges  0x0000000000000168       0x40 build/cipher.o
 .debug_ranges  0x00000000000001a8       0x18 build/keypad.o
 .debug_ranges  0x00000000000001c0       0x40 build/esos_stm32l4_edub_sui.o
 .debug_ranges  0x0000000000000200       0x78 build/esos.o
 .debug_ranges  0x0000000000000278       0xe0 build/esos_lcd44780wo.o
 .debug_ranges  0x0000000000000358       0x38 build/esos_stm32l4_edub_4bit_lcd44780wo.o
 .debug_ranges  0x0000000000000390      0x110 build/esos_sui.o
 .debug_ranges  0x00000000000004a0       0x58 build/esos_cb.o
 .debug_ranges  0x00000000000004f8       0x40 build/esos_utils.o
 .debug_ranges  0x0000000000000538       0x78 build/esos_comm.o
 .debug_ranges  0x00000000000005b0       0x20 build/esos_mail.o
 .debug_ranges  0x00000000000005d0       0x30 build/esos_stm32l4_tick.o
 .debug_ranges  0x0000000000000600       0x20 build/esos_stm32l4_utils.o
 .debug_ranges  0x0000000000000620       0x48 build/esos_stm32l4_rs232.o
 .debug_ranges  0x0000000000000668       0x28 /Users/user/Desktop/libopencm3/lib/libopencm3_stm32l4.a(flash_common_all.o)
 .debug_ranges  0x0000000000000690       0x38 /Users/user/Desktop/libopencm3/lib/libopencm3_stm32l4.a(flash_common_idcache.o)
 .debug_ranges  0x00000000000006c8       0x40 /Users/user/Desktop/libopencm3/lib/libopencm3_stm32l4.a(gpio_common_all.o)
 .debug_ranges  0x0000000000000708       0x20 /Users/user/Desktop/libopencm3/lib/libopencm3_stm32l4.a(gpio_common_f0234.o)
 .debug_ranges  0x0000000000000728      0x140 /Users/user/Desktop/libopencm3/lib/libopencm3_stm32l4.a(rcc.o)
 .debug_ranges  0x0000000000000868       0x50 /Users/user/Desktop/libopencm3/lib/libopencm3_stm32l4.a(rcc_common_all.o)
 .debug_ranges  0x00000000000008b8       0x50 /Users/user/Desktop/libopencm3/lib/libopencm3_stm32l4.a(rng_common_v1.o)
 .debug_ranges  0x0000000000000908       0xc8 /Users/user/Desktop/libopencm3/lib/libopencm3_stm32l4.a(usart_common_all.o)
 .debug_ranges  0x00000000000009d0       0x98 /Users/user/Desktop/libopencm3/lib/libopencm3_stm32l4.a(usart_common_v2.o)
 .debug_ranges  0x0000000000000a68       0x20 /Users/user/Desktop/libopencm3/lib/libopencm3_stm32l4.a(vector.o)
 .debug_ranges  0x0000000000000a88       0x80 /Users/user/Desktop/libopencm3/lib/libopencm3_stm32l4.a(systick.o)
 .debug_ranges  0x0000000000000b08       0x50 /Users/user/Desktop/libopencm3/lib/libopencm3_stm32l4.a(nvic.o)

.debug_line     0x0000000000000000     0xac5c
 .debug_line    0x0000000000000000     0x1b19 build/m7_app.o
 .debug_line    0x0000000000001b19      0x3f4 build/cipher.o
 .debug_line    0x0000000000001f0d      0x233 build/keypad.o
 .debug_line    0x0000000000002140      0x2f5 build/esos_stm32l4_edub_sui.o
 .debug_line    0x0000000000002435      0x915 build/esos.o
 .debug_line    0x0000000000002d4a      0xfd5 build/esos_lcd44780wo.o
 .debug_line    0x0000000000003d1f      0x411 build/esos_stm32l4_edub_4bit_lcd44780wo.o
 .debug_line    0x0000000000004130      0xb1a build/esos_sui.o
 .debug_line    0x0000000000004c4a      0x4ef build/esos_cb.o
 .debug_line    0x0000000000005139      0x321 build/esos_utils.o
 .debug_line    0x000000000000545a      0xa4e build/esos_comm.o
 .debug_line    0x0000000000005ea8      0x462 build/esos_mail.o
 .debug_line    0x000000000000630a      0x322 build/esos_stm32l4_tick.o
 .debug_line    0x000000000000662c      0x211 build/esos_stm32l4_utils.o
 .debug_line    0x000000000000683d      0x43b build/esos_stm32l4_rs232.o
 .debug_line    0x0000000000006c78      0x3de /Users/user/Desktop/libopencm3/lib/libopencm3_stm32l4.a(flash_common_all.o)
 .debug_line    0x0000000000007056      0x3f7 /Users/user/Desktop/libopencm3/lib/libopencm3_stm32l4.a(flash_common_idcache.o)
 .debug_line    0x000000000000744d      0x454 /Users/user/Desktop/libopencm3/lib/libopencm3_stm32l4.a(gpio_common_all.o)
 .debug_line    0x00000000000078a1      0x53c /Users/user/Desktop/libopencm3/lib/libopencm3_stm32l4.a(gpio_common_f0234.o)
 .debug_line    0x0000000000007ddd      0xc1b /Users/user/Desktop/libopencm3/lib/libopencm3_stm32l4.a(rcc.o)
 .debug_line    0x00000000000089f8      0x4a0 /Users/user/Desktop/libopencm3/lib/libopencm3_stm32l4.a(rcc_common_all.o)
 .debug_line    0x0000000000008e98      0x47e /Users/user/Desktop/libopencm3/lib/libopencm3_stm32l4.a(rng_common_v1.o)
 .debug_line    0x0000000000009316      0x6b6 /Users/user/Desktop/libopencm3/lib/libopencm3_stm32l4.a(usart_common_all.o)
 .debug_line    0x00000000000099cc      0x577 /Users/user/Desktop/libopencm3/lib/libopencm3_stm32l4.a(usart_common_v2.o)
 .debug_line    0x0000000000009f43      0x4d0 /Users/user/Desktop/libopencm3/lib/libopencm3_stm32l4.a(vector.o)
 .debug_line    0x000000000000a413      0x41c /Users/user/Desktop/libopencm3/lib/libopencm3_stm32l4.a(systick.o)
 .debug_line    0x000000000000a82f      0x42d /Users/user/Desktop/libopencm3/lib/libopencm3_stm32l4.a(nvic.o)

.debug_str      0x0000000000000000    0x131dc
 .debug_str     0x0000000000000000      0x681 build/m7_app.o
                                        0x771 (size before relaxing)
 .debug_str     0x0000000000000681       0x97 build/cipher.o
                                        0x258 (size before relaxing)
 .debug_str     0x0000000000000718       0x3c build/keypad.o
                                        0x1d2 (size before relaxing)
 .debug_str     0x0000000000000754      0x160 build/esos_stm32l4_edub_sui.o
                                        0x33f (size before relaxing)
 .debug_str     0x00000000000008b4      0x3bb build/esos.o
                                        0x685 (size before relaxing)
 .debug_str     0x0000000000000c6f      0x3d6 build/esos_lcd44780wo.o
                                        0x718 (size before relaxing)
 .debug_str     0x0000000000001045       0xa9 build/esos_stm32l4_edub_4bit_lcd44780wo.o
                                        0x3dc (size before relaxing)
 .debug_str     0x00000000000010ee      0x4fa build/esos_sui.o
                                        0x97e (size before relaxing)
 .debug_str     0x00000000000015e8      0x14f build/esos_cb.o
                                        0x343 (size before relaxing)
 .debug_str     0x0000000000001737      0x116 build/esos_utils.o
                                        0x2a9 (size before relaxing)
 .debug_str     0x000000000000184d      0x228 build/esos_comm.o
                                        0x54b (size before relaxing)
 .debug_str     0x0000000000001a75      0x120 build/esos_mail.o
                                        0x459 (size before relaxing)
 .debug_str     0x0000000000001b95      0x66d build/esos_stm32l4_tick.o
                                        0x88e (size before relaxing)
 .debug_str     0x0000000000002202       0x64 build/esos_stm32l4_utils.o
                                        0x226 (size before relaxing)
 .debug_str     0x0000000000002266      0x1fa build/esos_stm32l4_rs232.o
                                        0x962 (size before relaxing)
 .debug_str     0x0000000000002460     0x5cc7 /Users/user/Desktop/libopencm3/lib/libopencm3_stm32l4.a(flash_common_all.o)
                                       0x5e59 (size before relaxing)
 .debug_str     0x0000000000008127       0x71 /Users/user/Desktop/libopencm3/lib/libopencm3_stm32l4.a(flash_common_idcache.o)
                                       0x5e7b (size before relaxing)
 .debug_str     0x0000000000008198     0x1647 /Users/user/Desktop/libopencm3/lib/libopencm3_stm32l4.a(gpio_common_all.o)
                                       0x6548 (size before relaxing)
 .debug_str     0x00000000000097df       0x61 /Users/user/Desktop/libopencm3/lib/libopencm3_stm32l4.a(gpio_common_f0234.o)
                                       0x656a (size before relaxing)
 .debug_str     0x0000000000009840     0x43e8 /Users/user/Desktop/libopencm3/lib/libopencm3_stm32l4.a(rcc.o)
                                       0xa864 (size before relaxing)
 .debug_str     0x000000000000dc28      0x3c3 /Users/user/Desktop/libopencm3/lib/libopencm3_stm32l4.a(rcc_common_all.o)
                                       0x9788 (size before relaxing)
 .debug_str     0x000000000000dfeb      0x19b /Users/user/Desktop/libopencm3/lib/libopencm3_stm32l4.a(rng_common_v1.o)
                                       0x5060 (size before relaxing)
 .debug_str     0x000000000000e186     0x1e91 /Users/user/Desktop/libopencm3/lib/libopencm3_stm32l4.a(usart_common_all.o)
                                       0xae65 (size before relaxing)
 .debug_str     0x0000000000010017      0x190 /Users/user/Desktop/libopencm3/lib/libopencm3_stm32l4.a(usart_common_v2.o)
                                       0x6d8f (size before relaxing)
 .debug_str     0x00000000000101a7     0x2c86 /Users/user/Desktop/libopencm3/lib/libopencm3_stm32l4.a(vector.o)
                                       0x6daa (size before relaxing)
 .debug_str     0x0000000000012e2d      0x2eb /Users/user/Desktop/libopencm3/lib/libopencm3_stm32l4.a(systick.o)
                                       0x4488 (size before relaxing)
 .debug_str     0x0000000000013118       0xc4 /Users/user/Desktop/libopencm3/lib/libopencm3_stm32l4.a(nvic.o)
                                       0x607c (size before relaxing)

.comment        0x0000000000000000       0x49
 .comment       0x0000000000000000       0x49 build/m7_app.o
                                         0x4a (size before relaxing)
 .comment       0x0000000000000049       0x4a build/cipher.o
 .comment       0x0000000000000049       0x4a build/keypad.o
 .comment       0x0000000000000049       0x4a build/esos_stm32l4_edub_sui.o
 .comment       0x0000000000000049       0x4a build/esos.o
 .comment       0x0000000000000049       0x4a build/esos_lcd44780wo.o
 .comment       0x0000000000000049       0x4a build/esos_stm32l4_edub_4bit_lcd44780wo.o
 .comment       0x0000000000000049       0x4a build/esos_sui.o
 .comment       0x0000000000000049       0x4a build/esos_cb.o
 .comment       0x0000000000000049       0x4a build/esos_utils.o
 .comment       0x0000000000000049       0x4a build/esos_comm.o
 .comment       0x0000000000000049       0x4a build/esos_mail.o
 .comment       0x0000000000000049       0x4a build/esos_stm32l4_tick.o
 .comment       0x0000000000000049       0x4a build/esos_stm32l4_utils.o
 .comment       0x0000000000000049       0x4a build/esos_stm32l4_rs232.o
 .comment       0x0000000000000049       0x4a /Users/user/Desktop/libopencm3/lib/libopencm3_stm32l4.a(flash_common_all.o)
 .comment       0x0000000000000049       0x4a /Users/user/Desktop/libopencm3/lib/libopencm3_stm32l4.a(flash_common_idcache.o)
 .comment       0x0000000000000049       0x4a /Users/user/Desktop/libopencm3/lib/libopencm3_stm32l4.a(gpio_common_all.o)
 .comment       0x0000000000000049       0x4a /Users/user/Desktop/libopencm3/lib/libopencm3_stm32l4.a(gpio_common_f0234.o)
 .comment       0x0000000000000049       0x4a /Users/user/Desktop/libopencm3/lib/libopencm3_stm32l4.a(rcc.o)
 .comment       0x0000000000000049       0x4a /Users/user/Desktop/libopencm3/lib/libopencm3_stm32l4.a(rcc_common_all.o)
 .comment       0x0000000000000049       0x4a /Users/user/Desktop/libopencm3/lib/libopencm3_stm32l4.a(rng_common_v1.o)
 .comment       0x0000000000000049       0x4a /Users/user/Desktop/libopencm3/lib/libopencm3_stm32l4.a(usart_common_all.o)
 .comment       0x0000000000000049       0x4a /Users/user/Desktop/libopencm3/lib/libopencm3_stm32l4.a(usart_common_v2.o)
 .comment       0x0000000000000049       0x4a /Users/user/Desktop/libopencm3/lib/libopencm3_stm32l4.a(vector.o)
 .comment       0x0000000000000049       0x4a /Users/user/Desktop/libopencm3/lib/libopencm3_stm32l4.a(systick.o)
 .comment       0x0000000000000049       0x4a /Users/user/Desktop/libopencm3/lib/libopencm3_stm32l4.a(nvic.o)

.ARM.attributes
                0x0000000000000000       0x34
 .ARM.attributes
                0x0000000000000000       0x34 build/m7_app.o
 .ARM.attributes
                0x0000000000000034       0x34 build/cipher.o
 .ARM.attributes
                0x0000000000000068       0x34 build/keypad.o
 .ARM.attributes
                0x000000000000009c       0x34 build/esos_stm32l4_edub_sui.o
 .ARM.attributes
                0x00000000000000d0       0x34 build/esos.o
 .ARM.attributes
                0x0000000000000104       0x34 build/esos_lcd44780wo.o
 .ARM.attributes
                0x0000000000000138       0x34 build/esos_stm32l4_edub_4bit_lcd44780wo.o
 .ARM.attributes
                0x000000000000016c       0x34 build/esos_sui.o
 .ARM.attributes
                0x00000000000001a0       0x34 build/esos_cb.o
 .ARM.attributes
                0x00000000000001d4       0x34 build/esos_utils.o
 .ARM.attributes
                0x0000000000000208       0x34 build/esos_comm.o
 .ARM.attributes
                0x000000000000023c       0x34 build/esos_mail.o
 .ARM.attributes
                0x0000000000000270       0x34 build/esos_stm32l4_tick.o
 .ARM.attributes
                0x00000000000002a4       0x34 build/esos_stm32l4_utils.o
 .ARM.attributes
                0x00000000000002d8       0x34 build/esos_stm32l4_rs232.o
 .ARM.attributes
                0x000000000000030c       0x34 /Users/user/Desktop/Apps/Toolchain/gcc-arm-none-eabi-10.3-2021.10/bin/../lib/gcc/arm-none-eabi/10.3.1/../../../../arm-none-eabi/lib/thumb/v7e-m+fp/hard/libc_nano.a(lib_a-atoi.o)
 .ARM.attributes
                0x0000000000000340       0x34 /Users/user/Desktop/Apps/Toolchain/gcc-arm-none-eabi-10.3-2021.10/bin/../lib/gcc/arm-none-eabi/10.3.1/../../../../arm-none-eabi/lib/thumb/v7e-m+fp/hard/libc_nano.a(lib_a-ctype_.o)
 .ARM.attributes
                0x0000000000000374       0x34 /Users/user/Desktop/Apps/Toolchain/gcc-arm-none-eabi-10.3-2021.10/bin/../lib/gcc/arm-none-eabi/10.3.1/../../../../arm-none-eabi/lib/thumb/v7e-m+fp/hard/libc_nano.a(lib_a-strtol.o)
 .ARM.attributes
                0x00000000000003a8       0x34 /Users/user/Desktop/Apps/Toolchain/gcc-arm-none-eabi-10.3-2021.10/bin/../lib/gcc/arm-none-eabi/10.3.1/../../../../arm-none-eabi/lib/thumb/v7e-m+fp/hard/libc_nano.a(lib_a-toupper.o)
 .ARM.attributes
                0x00000000000003dc       0x34 /Users/user/Desktop/Apps/Toolchain/gcc-arm-none-eabi-10.3-2021.10/bin/../lib/gcc/arm-none-eabi/10.3.1/../../../../arm-none-eabi/lib/thumb/v7e-m+fp/hard/libc_nano.a(lib_a-errno.o)
 .ARM.attributes
                0x0000000000000410       0x34 /Users/user/Desktop/Apps/Toolchain/gcc-arm-none-eabi-10.3-2021.10/bin/../lib/gcc/arm-none-eabi/10.3.1/../../../../arm-none-eabi/lib/thumb/v7e-m+fp/hard/libc_nano.a(lib_a-impure.o)
 .ARM.attributes
                0x0000000000000444       0x34 /Users/user/Desktop/libopencm3/lib/libopencm3_stm32l4.a(flash_common_all.o)
 .ARM.attributes
                0x0000000000000478       0x34 /Users/user/Desktop/libopencm3/lib/libopencm3_stm32l4.a(flash_common_idcache.o)
 .ARM.attributes
                0x00000000000004ac       0x34 /Users/user/Desktop/libopencm3/lib/libopencm3_stm32l4.a(gpio_common_all.o)
 .ARM.attributes
                0x00000000000004e0       0x34 /Users/user/Desktop/libopencm3/lib/libopencm3_stm32l4.a(gpio_common_f0234.o)
 .ARM.attributes
                0x0000000000000514       0x34 /Users/user/Desktop/libopencm3/lib/libopencm3_stm32l4.a(rcc.o)
 .ARM.attributes
                0x0000000000000548       0x34 /Users/user/Desktop/libopencm3/lib/libopencm3_stm32l4.a(rcc_common_all.o)
 .ARM.attributes
                0x000000000000057c       0x34 /Users/user/Desktop/libopencm3/lib/libopencm3_stm32l4.a(rng_common_v1.o)
 .ARM.attributes
                0x00000000000005b0       0x34 /Users/user/Desktop/libopencm3/lib/libopencm3_stm32l4.a(usart_common_all.o)
 .ARM.attributes
                0x00000000000005e4       0x34 /Users/user/Desktop/libopencm3/lib/libopencm3_stm32l4.a(usart_common_v2.o)
 .ARM.attributes
                0x0000000000000618       0x34 /Users/user/Desktop/libopencm3/lib/libopencm3_stm32l4.a(vector.o)
 .ARM.attributes
                0x000000000000064c       0x34 /Users/user/Desktop/libopencm3/lib/libopencm3_stm32l4.a(systick.o)
 .ARM.attributes
                0x0000000000000680       0x34 /Users/user/Desktop/libopencm3/lib/libopencm3_stm32l4.a(nvic.o)

.debug_frame    0x0000000000000000     0x17a8
 .debug_frame   0x0000000000000000      0x120 build/m7_app.o
 .debug_frame   0x0000000000000120       0xac build/cipher.o
 .debug_frame   0x00000000000001cc       0x38 build/keypad.o
 .debug_frame   0x0000000000000204       0xd4 build/esos_stm32l4_edub_sui.o
 .debug_frame   0x00000000000002d8      0x154 build/esos.o
 .debug_frame   0x000000000000042c      0x190 build/esos_lcd44780wo.o
 .debug_frame   0x00000000000005bc       0x64 build/esos_stm32l4_edub_4bit_lcd44780wo.o
 .debug_frame   0x0000000000000620      0x1e8 build/esos_sui.o
 .debug_frame   0x0000000000000808       0xec build/esos_cb.o
 .debug_frame   0x00000000000008f4       0x88 build/esos_utils.o
 .debug_frame   0x000000000000097c      0x170 build/esos_comm.o
 .debug_frame   0x0000000000000aec       0x68 build/esos_mail.o
 .debug_frame   0x0000000000000b54       0x78 build/esos_stm32l4_tick.o
 .debug_frame   0x0000000000000bcc       0x50 build/esos_stm32l4_utils.o
 .debug_frame   0x0000000000000c1c       0xb4 build/esos_stm32l4_rs232.o
 .debug_frame   0x0000000000000cd0       0x30 /Users/user/Desktop/Apps/Toolchain/gcc-arm-none-eabi-10.3-2021.10/bin/../lib/gcc/arm-none-eabi/10.3.1/../../../../arm-none-eabi/lib/thumb/v7e-m+fp/hard/libc_nano.a(lib_a-atoi.o)
 .debug_frame   0x0000000000000d00       0x64 /Users/user/Desktop/Apps/Toolchain/gcc-arm-none-eabi-10.3-2021.10/bin/../lib/gcc/arm-none-eabi/10.3.1/../../../../arm-none-eabi/lib/thumb/v7e-m+fp/hard/libc_nano.a(lib_a-strtol.o)
 .debug_frame   0x0000000000000d64       0x20 /Users/user/Desktop/Apps/Toolchain/gcc-arm-none-eabi-10.3-2021.10/bin/../lib/gcc/arm-none-eabi/10.3.1/../../../../arm-none-eabi/lib/thumb/v7e-m+fp/hard/libc_nano.a(lib_a-toupper.o)
 .debug_frame   0x0000000000000d84       0x20 /Users/user/Desktop/Apps/Toolchain/gcc-arm-none-eabi-10.3-2021.10/bin/../lib/gcc/arm-none-eabi/10.3.1/../../../../arm-none-eabi/lib/thumb/v7e-m+fp/hard/libc_nano.a(lib_a-errno.o)
 .debug_frame   0x0000000000000da4       0x50 /Users/user/Desktop/libopencm3/lib/libopencm3_stm32l4.a(flash_common_all.o)
 .debug_frame   0x0000000000000df4       0x70 /Users/user/Desktop/libopencm3/lib/libopencm3_stm32l4.a(flash_common_idcache.o)
 .debug_frame   0x0000000000000e64       0x80 /Users/user/Desktop/libopencm3/lib/libopencm3_stm32l4.a(gpio_common_all.o)
 .debug_frame   0x0000000000000ee4       0x70 /Users/user/Desktop/libopencm3/lib/libopencm3_stm32l4.a(gpio_common_f0234.o)
 .debug_frame   0x0000000000000f54      0x250 /Users/user/Desktop/libopencm3/lib/libopencm3_stm32l4.a(rcc.o)
 .debug_frame   0x00000000000011a4       0xe0 /Users/user/Desktop/libopencm3/lib/libopencm3_stm32l4.a(rcc_common_all.o)
 .debug_frame   0x0000000000001284       0x78 /Users/user/Desktop/libopencm3/lib/libopencm3_stm32l4.a(rng_common_v1.o)
 .debug_frame   0x00000000000012fc      0x1b8 /Users/user/Desktop/libopencm3/lib/libopencm3_stm32l4.a(usart_common_all.o)
 .debug_frame   0x00000000000014b4      0x130 /Users/user/Desktop/libopencm3/lib/libopencm3_stm32l4.a(usart_common_v2.o)
 .debug_frame   0x00000000000015e4       0x4c /Users/user/Desktop/libopencm3/lib/libopencm3_stm32l4.a(vector.o)
 .debug_frame   0x0000000000001630       0xd8 /Users/user/Desktop/libopencm3/lib/libopencm3_stm32l4.a(systick.o)
 .debug_frame   0x0000000000001708       0xa0 /Users/user/Desktop/libopencm3/lib/libopencm3_stm32l4.a(nvic.o)

.debug_macro    0x0000000000000000     0x4582
 .debug_macro   0x0000000000000000       0xc8 /Users/user/Desktop/libopencm3/lib/libopencm3_stm32l4.a(flash_common_all.o)
 .debug_macro   0x00000000000000c8      0xa6c /Users/user/Desktop/libopencm3/lib/libopencm3_stm32l4.a(flash_common_all.o)
 .debug_macro   0x0000000000000b34       0x1c /Users/user/Desktop/libopencm3/lib/libopencm3_stm32l4.a(flash_common_all.o)
 .debug_macro   0x0000000000000b50       0x22 /Users/user/Desktop/libopencm3/lib/libopencm3_stm32l4.a(flash_common_all.o)
 .debug_macro   0x0000000000000b72       0x56 /Users/user/Desktop/libopencm3/lib/libopencm3_stm32l4.a(flash_common_all.o)
 .debug_macro   0x0000000000000bc8       0x51 /Users/user/Desktop/libopencm3/lib/libopencm3_stm32l4.a(flash_common_all.o)
 .debug_macro   0x0000000000000c19      0x103 /Users/user/Desktop/libopencm3/lib/libopencm3_stm32l4.a(flash_common_all.o)
 .debug_macro   0x0000000000000d1c       0x6a /Users/user/Desktop/libopencm3/lib/libopencm3_stm32l4.a(flash_common_all.o)
 .debug_macro   0x0000000000000d86      0x1df /Users/user/Desktop/libopencm3/lib/libopencm3_stm32l4.a(flash_common_all.o)
 .debug_macro   0x0000000000000f65       0x22 /Users/user/Desktop/libopencm3/lib/libopencm3_stm32l4.a(flash_common_all.o)
 .debug_macro   0x0000000000000f87       0xe8 /Users/user/Desktop/libopencm3/lib/libopencm3_stm32l4.a(flash_common_all.o)
 .debug_macro   0x000000000000106f       0x76 /Users/user/Desktop/libopencm3/lib/libopencm3_stm32l4.a(flash_common_all.o)
 .debug_macro   0x00000000000010e5      0x217 /Users/user/Desktop/libopencm3/lib/libopencm3_stm32l4.a(flash_common_all.o)
 .debug_macro   0x00000000000012fc       0x1c /Users/user/Desktop/libopencm3/lib/libopencm3_stm32l4.a(flash_common_all.o)
 .debug_macro   0x0000000000001318      0x2f3 /Users/user/Desktop/libopencm3/lib/libopencm3_stm32l4.a(flash_common_all.o)
 .debug_macro   0x000000000000160b       0xc8 /Users/user/Desktop/libopencm3/lib/libopencm3_stm32l4.a(flash_common_idcache.o)
 .debug_macro   0x00000000000016d3       0xd6 /Users/user/Desktop/libopencm3/lib/libopencm3_stm32l4.a(gpio_common_all.o)
 .debug_macro   0x00000000000017a9       0x76 /Users/user/Desktop/libopencm3/lib/libopencm3_stm32l4.a(gpio_common_all.o)
 .debug_macro   0x000000000000181f      0x37e /Users/user/Desktop/libopencm3/lib/libopencm3_stm32l4.a(gpio_common_all.o)
 .debug_macro   0x0000000000001b9d       0xca /Users/user/Desktop/libopencm3/lib/libopencm3_stm32l4.a(gpio_common_all.o)
 .debug_macro   0x0000000000001c67       0x88 /Users/user/Desktop/libopencm3/lib/libopencm3_stm32l4.a(gpio_common_all.o)
 .debug_macro   0x0000000000001cef       0xd6 /Users/user/Desktop/libopencm3/lib/libopencm3_stm32l4.a(gpio_common_f0234.o)
 .debug_macro   0x0000000000001dc5      0x106 /Users/user/Desktop/libopencm3/lib/libopencm3_stm32l4.a(rcc.o)
 .debug_macro   0x0000000000001ecb       0x16 /Users/user/Desktop/libopencm3/lib/libopencm3_stm32l4.a(rcc.o)
 .debug_macro   0x0000000000001ee1      0x215 /Users/user/Desktop/libopencm3/lib/libopencm3_stm32l4.a(rcc.o)
 .debug_macro   0x00000000000020f6      0xcc1 /Users/user/Desktop/libopencm3/lib/libopencm3_stm32l4.a(rcc.o)
 .debug_macro   0x0000000000002db7       0xe1 /Users/user/Desktop/libopencm3/lib/libopencm3_stm32l4.a(rcc_common_all.o)
 .debug_macro   0x0000000000002e98       0xb3 /Users/user/Desktop/libopencm3/lib/libopencm3_stm32l4.a(rng_common_v1.o)
 .debug_macro   0x0000000000002f4b       0x46 /Users/user/Desktop/libopencm3/lib/libopencm3_stm32l4.a(rng_common_v1.o)
 .debug_macro   0x0000000000002f91       0xec /Users/user/Desktop/libopencm3/lib/libopencm3_stm32l4.a(usart_common_all.o)
 .debug_macro   0x000000000000307d       0x94 /Users/user/Desktop/libopencm3/lib/libopencm3_stm32l4.a(usart_common_all.o)
 .debug_macro   0x0000000000003111      0x55b /Users/user/Desktop/libopencm3/lib/libopencm3_stm32l4.a(usart_common_all.o)
 .debug_macro   0x000000000000366c       0x28 /Users/user/Desktop/libopencm3/lib/libopencm3_stm32l4.a(usart_common_all.o)
 .debug_macro   0x0000000000003694       0xc1 /Users/user/Desktop/libopencm3/lib/libopencm3_stm32l4.a(usart_common_v2.o)
 .debug_macro   0x0000000000003755       0xd3 /Users/user/Desktop/libopencm3/lib/libopencm3_stm32l4.a(vector.o)
 .debug_macro   0x0000000000003828      0x452 /Users/user/Desktop/libopencm3/lib/libopencm3_stm32l4.a(vector.o)
 .debug_macro   0x0000000000003c7a       0x6e /Users/user/Desktop/libopencm3/lib/libopencm3_stm32l4.a(vector.o)
 .debug_macro   0x0000000000003ce8      0x22c /Users/user/Desktop/libopencm3/lib/libopencm3_stm32l4.a(vector.o)
 .debug_macro   0x0000000000003f14       0x92 /Users/user/Desktop/libopencm3/lib/libopencm3_stm32l4.a(systick.o)
 .debug_macro   0x0000000000003fa6       0x69 /Users/user/Desktop/libopencm3/lib/libopencm3_stm32l4.a(systick.o)
 .debug_macro   0x000000000000400f       0xb3 /Users/user/Desktop/libopencm3/lib/libopencm3_stm32l4.a(nvic.o)
 .debug_macro   0x00000000000040c2       0x68 /Users/user/Desktop/libopencm3/lib/libopencm3_stm32l4.a(nvic.o)
 .debug_macro   0x000000000000412a      0x458 /Users/user/Desktop/libopencm3/lib/libopencm3_stm32l4.a(nvic.o)

Cross Reference Table

Symbol                                            File
B1                                                build/m7_app.o
Default_Handler                                   build/esos_stm32l4_tick.o
Error_Handler                                     build/esos_stm32l4_tick.o
InCharBuff                                        build/m7_app.o
LCDCurrentState                                   build/m7_app.o
LD2                                               build/m7_app.o
LED0                                              build/m7_app.o
LED1                                              build/m7_app.o
LED2                                              build/m7_app.o
LED3                                              build/m7_app.o
LEDNames                                          build/m7_app.o
LEDPeriods                                        build/m7_app.o
OutCharBuff                                       build/m7_app.o
SW2                                               build/m7_app.o
SW3                                               build/m7_app.o
SW4                                               build/m7_app.o
SW5                                               build/m7_app.o
__astChildTaskPool                                build/esos.o
__astCircularBuffers                              build/esos.o
__astMailbox                                      build/esos.o
__astTmrSvcs                                      build/esos.o
__astUserTaskPool                                 build/esos.o
__ast_esosSuiLEDs                                 build/esos_sui.o
__ast_esosSuiSwitches                             build/esos_sui.o
__au8UserTaskStructIndex                          build/esos.o
__au8_MBData                                      build/esos.o
__errno                                           /Users/user/Desktop/Apps/Toolchain/gcc-arm-none-eabi-10.3-2021.10/bin/../lib/gcc/arm-none-eabi/10.3.1/../../../../arm-none-eabi/lib/thumb/v7e-m+fp/hard/libc_nano.a(lib_a-errno.o)
                                                  /Users/user/Desktop/Apps/Toolchain/gcc-arm-none-eabi-10.3-2021.10/bin/../lib/gcc/arm-none-eabi/10.3.1/../../../../arm-none-eabi/lib/thumb/v7e-m+fp/hard/libc_nano.a(lib_a-strtol.o)
__esosInit                                        build/esos.o
__esos_CB_Init                                    build/esos_cb.o
                                                  build/esos_mail.o
                                                  build/esos_comm.o
__esos_CB_OverwriteUINT8                          build/esos_cb.o
                                                  build/esos_stm32l4_rs232.o
__esos_CB_ReadUINT16                              build/esos_cb.o
                                                  build/esos_mail.o
__esos_CB_ReadUINT32                              build/esos_cb.o
                                                  build/esos_mail.o
__esos_CB_ReadUINT8                               build/esos_cb.o
                                                  build/esos_stm32l4_rs232.o
                                                  build/esos_mail.o
                                                  build/esos_comm.o
__esos_CB_ReadUINT8Buffer                         build/esos_cb.o
__esos_CB_WriteUINT16                             build/esos_cb.o
                                                  build/esos_mail.o
__esos_CB_WriteUINT32                             build/esos_cb.o
                                                  build/esos_mail.o
__esos_CB_WriteUINT8                              build/esos_cb.o
                                                  build/esos_mail.o
                                                  build/esos_comm.o
__esos_CB_WriteUINT8Buffer                        build/esos_cb.o
                                                  build/esos_comm.o
__esos_InitCommSystem                             build/esos_comm.o
                                                  build/esos.o
__esos_InitMailbox                                build/esos_mail.o
                                                  build/esos.o
__esos_InitSUI                                    build/esos_sui.o
                                                  build/m7_app.o
__esos_OutChar                                    build/esos_comm.o
                                                  build/m7_app.o
__esos_OutCharBuffer                              build/esos_comm.o
__esos_OutString                                  build/esos_comm.o
__esos_OutUint32AsHexString                       build/esos_comm.o
__esos_OutUint8AsDecString                        build/esos_comm.o
__esos_OutUint8AsHexString                        build/esos_comm.o
__esos_ReadMailMessage                            build/esos_mail.o
__esos_SendMailMessage                            build/esos_mail.o
__esos_comm_rx_buff                               build/esos_comm.o
__esos_comm_tx_buff                               build/esos_comm.o
__esos_configUART1                                build/esos_stm32l4_rs232.o
__esos_getBuffer                                  build/esos_comm.o
                                                  build/m7_app.o
__esos_getString                                  build/esos_comm.o
__esos_get_PRNG_RandomUint32                      build/esos_utils.o
                                                  build/esos_stm32l4_utils.o
__esos_hasTickDurationPassed                      build/esos.o
                                                  build/esos_sui.o
                                                  build/esos_stm32l4_edub_4bit_lcd44780wo.o
                                                  build/esos_lcd44780wo.o
                                                  build/m7_app.o
__esos_hw_GetSystemTickCount                      build/esos_stm32l4_tick.o
                                                  build/esos_mail.o
                                                  build/esos_sui.o
                                                  build/esos_stm32l4_edub_4bit_lcd44780wo.o
                                                  build/esos_lcd44780wo.o
                                                  build/esos.o
                                                  build/m7_app.o
__esos_hw_InitCommSystem                          build/esos_stm32l4_rs232.o
                                                  build/esos_comm.o
__esos_hw_InitSystemTick                          build/esos_stm32l4_tick.o
                                                  build/esos.o
__esos_hw_PRNG_u32                                build/esos_stm32l4_utils.o
                                                  build/esos_utils.o
__esos_hw_config_PRNG                             build/esos_stm32l4_utils.o
                                                  build/esos.o
__esos_hw_set_PRNG_Seed                           build/esos_stm32l4_utils.o
__esos_hw_signal_start_tx                         build/esos_stm32l4_rs232.o
                                                  build/esos_comm.o
__esos_hw_signal_stop_tx                          build/esos_stm32l4_rs232.o
__esos_lcd44780_hw_config                         build/esos_stm32l4_edub_4bit_lcd44780wo.o
                                                  build/esos_lcd44780wo.o
__esos_lcd44780_hw_write_u8                       build/esos_stm32l4_edub_4bit_lcd44780wo.o
                                                  build/esos_lcd44780wo.o
__esos_lcd44780_init                              build/esos_lcd44780wo.o
                                                  build/m7_app.o
__esos_lcd44780_service                           build/esos_lcd44780wo.o
__esos_set_PRNG_U32Seed                           build/esos_utils.o
                                                  build/esos.o
__esos_sui_task                                   build/esos_sui.o
__esos_tmrSvcsExecute                             build/esos.o
                                                  build/esos_stm32l4_tick.o
__esos_u32FNVHash                                 build/esos_utils.o
__esos_u32SystemFlags                             build/esos.o
                                                  build/esos_stm32l4_rs232.o
                                                  build/m7_app.o
__esos_u32TmrActiveFlags                          build/esos.o
__esos_u32UserFlags                               build/esos.o
__esos_u8TmrSvcsRegistered                        build/esos.o
__esos_u8_GetLSBHexCharFromUint8                  build/esos_comm.o
__esos_u8_GetMSBHexCharFromUint8                  build/esos_comm.o
__esos_unsafe_GetUint8                            build/esos_comm.o
__esos_unsafe_PutString                           build/esos_comm.o
                                                  build/m7_app.o
__esos_unsafe_PutUint8                            build/esos_comm.o
__esos_unsafe_lcd44780_hw_write_u4                build/esos_stm32l4_edub_4bit_lcd44780wo.o
                                                  build/esos_lcd44780wo.o
__fini_array_end                                  /Users/user/Desktop/libopencm3/lib/libopencm3_stm32l4.a(vector.o)
__fini_array_start                                /Users/user/Desktop/libopencm3/lib/libopencm3_stm32l4.a(vector.o)
__initLCDMenu                                     build/m7_app.o
__init_array_end                                  /Users/user/Desktop/libopencm3/lib/libopencm3_stm32l4.a(vector.o)
__init_array_start                                /Users/user/Desktop/libopencm3/lib/libopencm3_stm32l4.a(vector.o)
__preinit_array_end                               /Users/user/Desktop/libopencm3/lib/libopencm3_stm32l4.a(vector.o)
__preinit_array_start                             /Users/user/Desktop/libopencm3/lib/libopencm3_stm32l4.a(vector.o)
__pst_CB_Rx                                       build/esos_comm.o
                                                  build/esos_stm32l4_rs232.o
__pst_CB_Tx                                       build/esos_comm.o
                                                  build/esos_stm32l4_rs232.o
__sf_fake_stderr                                  /Users/user/Desktop/Apps/Toolchain/gcc-arm-none-eabi-10.3-2021.10/bin/../lib/gcc/arm-none-eabi/10.3.1/../../../../arm-none-eabi/lib/thumb/v7e-m+fp/hard/libc_nano.a(lib_a-impure.o)
__sf_fake_stdin                                   /Users/user/Desktop/Apps/Toolchain/gcc-arm-none-eabi-10.3-2021.10/bin/../lib/gcc/arm-none-eabi/10.3.1/../../../../arm-none-eabi/lib/thumb/v7e-m+fp/hard/libc_nano.a(lib_a-impure.o)
__sf_fake_stdout                                  /Users/user/Desktop/Apps/Toolchain/gcc-arm-none-eabi-10.3-2021.10/bin/../lib/gcc/arm-none-eabi/10.3.1/../../../../arm-none-eabi/lib/thumb/v7e-m+fp/hard/libc_nano.a(lib_a-impure.o)
__stChildTaskRx                                   build/esos_comm.o
                                                  build/m7_app.o
__stChildTaskTx                                   build/esos_comm.o
                                                  build/m7_app.o
__stLCDChildTask                                  build/esos_lcd44780wo.o
__st_CB_Rx                                        build/esos_comm.o
__st_CB_Tx                                        build/esos_comm.o
__u16NumTasksEverCreated                          build/esos.o
__u32_esos_PRNG_Seed                              build/esos_utils.o
__u8ChildTasksRegistered                          build/esos.o
__u8UserTasksRegistered                           build/esos.o
__u8_esosSuiNumLEDs                               build/esos_sui.o
__u8_esosSuiNumSWs                                build/esos_sui.o
__u8_esos_mail_routines_dummy_uint8               build/esos_mail.o
__user_init_hw                                    build/m7_app.o
_atoi_r                                           /Users/user/Desktop/Apps/Toolchain/gcc-arm-none-eabi-10.3-2021.10/bin/../lib/gcc/arm-none-eabi/10.3.1/../../../../arm-none-eabi/lib/thumb/v7e-m+fp/hard/libc_nano.a(lib_a-atoi.o)
_ctype_                                           /Users/user/Desktop/Apps/Toolchain/gcc-arm-none-eabi-10.3-2021.10/bin/../lib/gcc/arm-none-eabi/10.3.1/../../../../arm-none-eabi/lib/thumb/v7e-m+fp/hard/libc_nano.a(lib_a-ctype_.o)
                                                  /Users/user/Desktop/Apps/Toolchain/gcc-arm-none-eabi-10.3-2021.10/bin/../lib/gcc/arm-none-eabi/10.3.1/../../../../arm-none-eabi/lib/thumb/v7e-m+fp/hard/libc_nano.a(lib_a-toupper.o)
                                                  /Users/user/Desktop/Apps/Toolchain/gcc-arm-none-eabi-10.3-2021.10/bin/../lib/gcc/arm-none-eabi/10.3.1/../../../../arm-none-eabi/lib/thumb/v7e-m+fp/hard/libc_nano.a(lib_a-strtol.o)
                                                  build/m7_app.o
_data                                             /Users/user/Desktop/libopencm3/lib/libopencm3_stm32l4.a(vector.o)
_data_loadaddr                                    /Users/user/Desktop/libopencm3/lib/libopencm3_stm32l4.a(vector.o)
_ebss                                             /Users/user/Desktop/libopencm3/lib/libopencm3_stm32l4.a(vector.o)
_edata                                            /Users/user/Desktop/libopencm3/lib/libopencm3_stm32l4.a(vector.o)
_esos_hw_GetSerialUartVersion                     build/esos_stm32l4_rs232.o
_global_impure_ptr                                /Users/user/Desktop/Apps/Toolchain/gcc-arm-none-eabi-10.3-2021.10/bin/../lib/gcc/arm-none-eabi/10.3.1/../../../../arm-none-eabi/lib/thumb/v7e-m+fp/hard/libc_nano.a(lib_a-impure.o)
_impure_ptr                                       /Users/user/Desktop/Apps/Toolchain/gcc-arm-none-eabi-10.3-2021.10/bin/../lib/gcc/arm-none-eabi/10.3.1/../../../../arm-none-eabi/lib/thumb/v7e-m+fp/hard/libc_nano.a(lib_a-impure.o)
                                                  /Users/user/Desktop/Apps/Toolchain/gcc-arm-none-eabi-10.3-2021.10/bin/../lib/gcc/arm-none-eabi/10.3.1/../../../../arm-none-eabi/lib/thumb/v7e-m+fp/hard/libc_nano.a(lib_a-errno.o)
                                                  /Users/user/Desktop/Apps/Toolchain/gcc-arm-none-eabi-10.3-2021.10/bin/../lib/gcc/arm-none-eabi/10.3.1/../../../../arm-none-eabi/lib/thumb/v7e-m+fp/hard/libc_nano.a(lib_a-strtol.o)
_stack                                            /Users/user/Desktop/libopencm3/lib/libopencm3_stm32l4.a(vector.o)
_strtol_r                                         /Users/user/Desktop/Apps/Toolchain/gcc-arm-none-eabi-10.3-2021.10/bin/../lib/gcc/arm-none-eabi/10.3.1/../../../../arm-none-eabi/lib/thumb/v7e-m+fp/hard/libc_nano.a(lib_a-strtol.o)
                                                  /Users/user/Desktop/Apps/Toolchain/gcc-arm-none-eabi-10.3-2021.10/bin/../lib/gcc/arm-none-eabi/10.3.1/../../../../arm-none-eabi/lib/thumb/v7e-m+fp/hard/libc_nano.a(lib_a-atoi.o)
adc1_2_isr                                        /Users/user/Desktop/libopencm3/lib/libopencm3_stm32l4.a(vector.o)
adc3_isr                                          /Users/user/Desktop/libopencm3/lib/libopencm3_stm32l4.a(vector.o)
aes_isr                                           /Users/user/Desktop/libopencm3/lib/libopencm3_stm32l4.a(vector.o)
ascii_to_integer                                  build/cipher.o
atoi                                              /Users/user/Desktop/Apps/Toolchain/gcc-arm-none-eabi-10.3-2021.10/bin/../lib/gcc/arm-none-eabi/10.3.1/../../../../arm-none-eabi/lib/thumb/v7e-m+fp/hard/libc_nano.a(lib_a-atoi.o)
                                                  build/m7_app.o
blocking_handler                                  /Users/user/Desktop/libopencm3/lib/libopencm3_stm32l4.a(vector.o)
bus_fault_handler                                 /Users/user/Desktop/libopencm3/lib/libopencm3_stm32l4.a(vector.o)
can1_rx0_isr                                      /Users/user/Desktop/libopencm3/lib/libopencm3_stm32l4.a(vector.o)
can1_rx1_isr                                      /Users/user/Desktop/libopencm3/lib/libopencm3_stm32l4.a(vector.o)