Archive member included to satisfy reference by file (symbol)

/Users/user/Desktop/libopencm3/lib/libopencm3_stm32l4.a(flash_common_all.o)
                              build/esos_stm32l4_tick.o (flash_prefetch_enable)
/Users/user/Desktop/libopencm3/lib/libopencm3_stm32l4.a(flash_common_idcache.o)
                              build/esos_stm32l4_tick.o (flash_dcache_enable)
/Users/user/Desktop/libopencm3/lib/libopencm3_stm32l4.a(gpio_common_all.o)
                              build/esos_stm32l4_edub_4bit_lcd44780wo.o (gpio_set)
/Users/user/Desktop/libopencm3/lib/libopencm3_stm32l4.a(gpio_common_f0234.o)
                              build/esos_stm32l4_edub_4bit_lcd44780wo.o (gpio_mode_setup)
/Users/user/Desktop/libopencm3/lib/libopencm3_stm32l4.a(rcc.o)
                              build/esos_stm32l4_tick.o (rcc_wait_for_sysclk_status)
/Users/user/Desktop/libopencm3/lib/libopencm3_stm32l4.a(rcc_common_all.o)
                              build/esos_stm32l4_tick.o (rcc_periph_clock_enable)
/Users/user/Desktop/libopencm3/lib/libopencm3_stm32l4.a(rng_common_v1.o)
                              build/esos_stm32l4_utils.o (rng_enable)
/Users/user/Desktop/libopencm3/lib/libopencm3_stm32l4.a(usart_common_all.o)
                              build/esos_stm32l4_rs232.o (usart_set_baudrate)
/Users/user/Desktop/libopencm3/lib/libopencm3_stm32l4.a(usart_common_v2.o)
                              build/esos_stm32l4_rs232.o (usart_send)
/Users/user/Desktop/libopencm3/lib/libopencm3_stm32l4.a(vector.o)
                              (reset_handler)
/Users/user/Desktop/libopencm3/lib/libopencm3_stm32l4.a(systick.o)
                              build/esos_stm32l4_tick.o (systick_set_reload)
/Users/user/Desktop/libopencm3/lib/libopencm3_stm32l4.a(nvic.o)
                              build/esos_stm32l4_rs232.o (nvic_enable_irq)
/Users/user/Desktop/libopencm3/lib/libopencm3_stm32l4.a(pwr.o)
                              /Users/user/Desktop/libopencm3/lib/libopencm3_stm32l4.a(rcc.o) (pwr_set_vos_scale)

Discarded input sections

 .text          0x0000000000000000        0x0 build/lcdtest_app.o
 .data          0x0000000000000000        0x0 build/lcdtest_app.o
 .bss           0x0000000000000000        0x0 build/lcdtest_app.o
 .text          0x0000000000000000        0x0 build/esos.o
 .data          0x0000000000000000        0x0 build/esos.o
 .bss           0x0000000000000000        0x0 build/esos.o
 .text.esos_GetTaskHandle
                0x0000000000000000       0x40 build/esos.o
 .text.esos_GetTaskHandleFromID
                0x0000000000000000       0x40 build/esos.o
 .text.esos_GetFreeChildTaskStruct
                0x0000000000000000       0x2c build/esos.o
 .text.esos_GetMaxNumberTasks
                0x0000000000000000        0x4 build/esos.o
 .text.esos_RegisterTimer
                0x0000000000000000       0x60 build/esos.o
 .text.esos_UnregisterTimer
                0x0000000000000000       0x44 build/esos.o
 .text.esos_GetTimerHandle
                0x0000000000000000       0x40 build/esos.o
 .text.esos_ChangeTimerPeriod
                0x0000000000000000       0x28 build/esos.o
 .bss.__esos_u32UserFlags
                0x0000000000000000        0x4 build/esos.o
 .text          0x0000000000000000        0x0 build/esos_lcd44780wo.o
 .data          0x0000000000000000        0x0 build/esos_lcd44780wo.o
 .bss           0x0000000000000000        0x0 build/esos_lcd44780wo.o
 .text.esos_lcd44780_setCursorHome
                0x0000000000000000        0xc build/esos_lcd44780wo.o
 .text.esos_lcd44780_setCursor
                0x0000000000000000        0x2 build/esos_lcd44780wo.o
 .text.esos_lcd44780_getChar
                0x0000000000000000       0x18 build/esos_lcd44780wo.o
 .text.esos_lcd44780_writeBuffer
                0x0000000000000000       0x68 build/esos_lcd44780wo.o
 .text.esos_lcd44780_getBuffer
                0x0000000000000000       0x64 build/esos_lcd44780wo.o
 .text.esos_lcd44780_getCursorDisplay
                0x0000000000000000        0xc build/esos_lcd44780wo.o
 .text.esos_lcd44780_getCursorBlink
                0x0000000000000000        0xc build/esos_lcd44780wo.o
 .text.esos_lcd44780_getDisplayVisible
                0x0000000000000000        0xc build/esos_lcd44780wo.o
 .text.esos_lcd44780_setCustomChar
                0x0000000000000000       0x2c build/esos_lcd44780wo.o
 .text.esos_lcd44780_getCustomChar
                0x0000000000000000        0x2 build/esos_lcd44780wo.o
 .text.esos_lcd44780_isCurrent
                0x0000000000000000       0x64 build/esos_lcd44780wo.o
 .text          0x0000000000000000        0x0 build/esos_stm32l4_edub_4bit_lcd44780wo.o
 .data          0x0000000000000000        0x0 build/esos_stm32l4_edub_4bit_lcd44780wo.o
 .bss           0x0000000000000000        0x0 build/esos_stm32l4_edub_4bit_lcd44780wo.o
 .text          0x0000000000000000        0x0 build/esos_sui.o
 .data          0x0000000000000000        0x0 build/esos_sui.o
[...]
Memory Configuration

Name             Origin             Length             Attributes
rom              0x0000000008000000 0x000000000003e800 xr
ram              0x0000000020000000 0x0000000000028000 xrw
*default*        0x0000000000000000 0xffffffffffffffff

Linker script and memory map

LOAD build/lcdtest_app.o
LOAD build/esos.o
LOAD build/esos_lcd44780wo.o
LOAD build/esos_stm32l4_edub_4bit_lcd44780wo.o
LOAD build/esos_sui.o
LOAD build/esos_cb.o
LOAD build/esos_utils.o
LOAD build/esos_comm.o
LOAD build/esos_mail.o
LOAD build/esos_stm32l4_tick.o
LOAD build/esos_stm32l4_utils.o
LOAD build/esos_stm32l4_rs232.o
LOAD /Users/user/Desktop/Apps/Toolchain/gcc-arm-none-eabi-10.3-2021.10/bin/../lib/gcc/arm-none-eabi/10.3.1/../../../../arm-none-eabi/lib/thumb/v7e-m+fp/hard/libc_nano.a
LOAD /Users/user/Desktop/Apps/Toolchain/gcc-arm-none-eabi-10.3-2021.10/bin/../lib/gcc/arm-none-eabi/10.3.1/../../../../arm-none-eabi/lib/thumb/v7e-m+fp/hard/libm.a
LOAD /Users/user/Desktop/Apps/Toolchain/gcc-arm-none-eabi-10.3-2021.10/bin/../lib/gcc/arm-none-eabi/10.3.1/../../../../arm-none-eabi/lib/thumb/v7e-m+fp/hard/libnosys.a
LOAD /Users/user/Desktop/libopencm3/lib/libopencm3_stm32l4.a
START GROUP
LOAD /Users/user/Desktop/Apps/Toolchain/gcc-arm-none-eabi-10.3-2021.10/bin/../lib/gcc/arm-none-eabi/10.3.1/thumb/v7e-m+fp/hard/libgcc.a
LOAD /Users/user/Desktop/Apps/Toolchain/gcc-arm-none-eabi-10.3-2021.10/bin/../lib/gcc/arm-none-eabi/10.3.1/../../../../arm-none-eabi/lib/thumb/v7e-m+fp/hard/libc_nano.a
END GROUP
START GROUP
LOAD /Users/user/Desktop/Apps/Toolchain/gcc-arm-none-eabi-10.3-2021.10/bin/../lib/gcc/arm-none-eabi/10.3.1/thumb/v7e-m+fp/hard/libgcc.a
LOAD /Users/user/Desktop/Apps/Toolchain/gcc-arm-none-eabi-10.3-2021.10/bin/../lib/gcc/arm-none-eabi/10.3.1/../../../../arm-none-eabi/lib/thumb/v7e-m+fp/hard/libc_nano.a
LOAD /Users/user/Desktop/Apps/Toolchain/gcc-arm-none-eabi-10.3-2021.10/bin/../lib/gcc/arm-none-eabi/10.3.1/../../../../arm-none-eabi/lib/thumb/v7e-m+fp/hard/libnosys.a
END GROUP
START GROUP
LOAD /Users/user/Desktop/Apps/Toolchain/gcc-arm-none-eabi-10.3-2021.10/bin/../lib/gcc/arm-none-eabi/10.3.1/thumb/v7e-m+fp/hard/libgcc.a
LOAD /Users/user/Desktop/Apps/Toolchain/gcc-arm-none-eabi-10.3-2021.10/bin/../lib/gcc/arm-none-eabi/10.3.1/../../../../arm-none-eabi/lib/thumb/v7e-m+fp/hard/libc_nano.a
LOAD /Users/user/Desktop/Apps/Toolchain/gcc-arm-none-eabi-10.3-2021.10/bin/../lib/gcc/arm-none-eabi/10.3.1/../../../../arm-none-eabi/lib/thumb/v7e-m+fp/hard/libnosys.a
END GROUP

.text           0x0000000008000000     0x1cf0
 *(.vectors)
 .vectors       0x0000000008000000      0x1ac /Users/user/Desktop/libopencm3/lib/libopencm3_stm32l4.a(vector.o)
                0x0000000008000000                vector_table
 *(.text*)
 .text.lcdtest  0x00000000080001ac      0x388 build/lcdtest_app.o
                0x00000000080001ac                lcdtest
 .text.__user_init_hw
                0x0000000008000534        0xc build/lcdtest_app.o
                0x0000000008000534                __user_init_hw
 .text.user_init
                0x0000000008000540       0x14 build/lcdtest_app.o
                0x0000000008000540                user_init
 .text.esos_RegisterTask
                0x0000000008000554       0xe0 build/esos.o
                0x0000000008000554                esos_RegisterTask
 .text.esos_UnregisterTask
                0x0000000008000634       0x54 build/esos.o
                0x0000000008000634                esos_UnregisterTask
 .text.__esos_hasTickDurationPassed
                0x0000000008000688       0x1e build/esos.o
                0x0000000008000688                __esos_hasTickDurationPassed
 *fill*         0x00000000080006a6        0x2 
 .text.__esos_tmrSvcsExecute
                0x00000000080006a8       0x5c build/esos.o
                0x00000000080006a8                __esos_tmrSvcsExecute
 .text.__esosInit
                0x0000000008000704       0xc0 build/esos.o
                0x0000000008000704                __esosInit
 .text.main     0x00000000080007c4       0xa8 build/esos.o
                0x00000000080007c4                main
 .text.__esos_lcd44780_service
                0x000000000800086c      0x94c build/esos_lcd44780wo.o
                0x000000000800086c                __esos_lcd44780_service
 .text.__esos_lcd44780_init
                0x00000000080011b8       0x14 build/esos_lcd44780wo.o
                0x00000000080011b8                __esos_lcd44780_init
 .text.esos_lcd44780_clearScreen
                0x00000000080011cc       0x4c build/esos_lcd44780wo.o
                0x00000000080011cc                esos_lcd44780_clearScreen
 .text.esos_lcd44780_configDisplay
                0x0000000008001218       0x34 build/esos_lcd44780wo.o
                0x0000000008001218                esos_lcd44780_configDisplay
 .text.esos_lcd44780_writeChar
                0x000000000800124c       0x1c build/esos_lcd44780wo.o
                0x000000000800124c                esos_lcd44780_writeChar
 .text.esos_lcd44780_writeString
                0x0000000008001268       0x88 build/esos_lcd44780wo.o
                0x0000000008001268                esos_lcd44780_writeString
 .text.esos_lcd44780_setCursorDisplay
                0x00000000080012f0       0x10 build/esos_lcd44780wo.o
                0x00000000080012f0                esos_lcd44780_setCursorDisplay
 .text.esos_lcd44780_setCursorBlink
                0x0000000008001300       0x10 build/esos_lcd44780wo.o
                0x0000000008001300                esos_lcd44780_setCursorBlink
 .text.esos_lcd44780_setDisplayVisible
                0x0000000008001310       0x10 build/esos_lcd44780wo.o
                0x0000000008001310                esos_lcd44780_setDisplayVisible
 .text.__esos_lcd44780_hw_config
                0x0000000008001320       0xc4 build/esos_stm32l4_edub_4bit_lcd44780wo.o
                0x0000000008001320                __esos_lcd44780_hw_config
 .text.__esos_unsafe_lcd44780_hw_write_u4
                0x00000000080013e4       0xa4 build/esos_stm32l4_edub_4bit_lcd44780wo.o
                0x00000000080013e4                __esos_unsafe_lcd44780_hw_write_u4
 .text.__esos_lcd44780_hw_write_u8
                0x0000000008001488       0xc0 build/esos_stm32l4_edub_4bit_lcd44780wo.o
                0x0000000008001488                __esos_lcd44780_hw_write_u8
 .text.__esos_CB_Init
                0x0000000008001548        0xc build/esos_cb.o
                0x0000000008001548                __esos_CB_Init
 .text.__esos_CB_OverwriteUINT8
                0x0000000008001554       0x34 build/esos_cb.o
                0x0000000008001554                __esos_CB_OverwriteUINT8
 .text.__esos_CB_ReadUINT8
                0x0000000008001588       0x1e build/esos_cb.o
                0x0000000008001588                __esos_CB_ReadUINT8
 *fill*         0x00000000080015a6        0x2 
 .text.__esos_set_PRNG_U32Seed
                0x00000000080015a8        0xc build/esos_utils.o
                0x00000000080015a8                __esos_set_PRNG_U32Seed
 .text.__esos_InitCommSystem
                0x00000000080015b4       0x40 build/esos_comm.o
                0x00000000080015b4                __esos_InitCommSystem
 .text.__esos_InitMailbox
                0x00000000080015f4        0xc build/esos_mail.o
                0x00000000080015f4                __esos_InitMailbox
 .text.__esos_hw_InitSystemTick
                0x0000000008001600       0xb4 build/esos_stm32l4_tick.o
                0x0000000008001600                __esos_hw_InitSystemTick
 .text.__esos_hw_GetSystemTickCount
                0x00000000080016b4        0xc build/esos_stm32l4_tick.o
                0x00000000080016b4                __esos_hw_GetSystemTickCount
 .text.sys_tick_handler
                0x00000000080016c0       0x14 build/esos_stm32l4_tick.o
                0x00000000080016c0                sys_tick_handler
 .text.__esos_hw_config_PRNG
                0x00000000080016d4        0x8 build/esos_stm32l4_utils.o
                0x00000000080016d4                __esos_hw_config_PRNG
 .text.usart2_isr
                0x00000000080016dc       0x9c build/esos_stm32l4_rs232.o
                0x00000000080016dc                usart2_isr
 .text.__esos_configUART1
                0x0000000008001778       0xa0 build/esos_stm32l4_rs232.o
                0x0000000008001778                __esos_configUART1
 .text.__esos_hw_InitCommSystem
                0x0000000008001818        0xc build/esos_stm32l4_rs232.o
                0x0000000008001818                __esos_hw_InitCommSystem
 .text.flash_prefetch_enable
                0x0000000008001824       0x10 /Users/user/Desktop/libopencm3/lib/libopencm3_stm32l4.a(flash_common_all.o)
                0x0000000008001824                flash_prefetch_enable
 .text.flash_set_ws
                0x0000000008001834       0x14 /Users/user/Desktop/libopencm3/lib/libopencm3_stm32l4.a(flash_common_all.o)
                0x0000000008001834                flash_set_ws
 .text.flash_dcache_enable
                0x0000000008001848       0x10 /Users/user/Desktop/libopencm3/lib/libopencm3_stm32l4.a(flash_common_idcache.o)
                0x0000000008001848                flash_dcache_enable
 .text.flash_icache_enable
                0x0000000008001858       0x10 /Users/user/Desktop/libopencm3/lib/libopencm3_stm32l4.a(flash_common_idcache.o)
                0x0000000008001858                flash_icache_enable
 .text.gpio_set
                0x0000000008001868        0x4 /Users/user/Desktop/libopencm3/lib/libopencm3_stm32l4.a(gpio_common_all.o)
                0x0000000008001868                gpio_set
 .text.gpio_clear
                0x000000000800186c        0x6 /Users/user/Desktop/libopencm3/lib/libopencm3_stm32l4.a(gpio_common_all.o)
                0x000000000800186c                gpio_clear
 .text.gpio_mode_setup
                0x0000000008001872       0x40 /Users/user/Desktop/libopencm3/lib/libopencm3_stm32l4.a(gpio_common_f0234.o)
                0x0000000008001872                gpio_mode_setup
 .text.gpio_set_output_options
                0x00000000080018b2       0x36 /Users/user/Desktop/libopencm3/lib/libopencm3_stm32l4.a(gpio_common_f0234.o)
                0x00000000080018b2                gpio_set_output_options
 .text.gpio_set_af
                0x00000000080018e8       0x58 /Users/user/Desktop/libopencm3/lib/libopencm3_stm32l4.a(gpio_common_f0234.o)
                0x00000000080018e8                gpio_set_af
 .text.rcc_uart_i2c_clksel_freq_hz
                0x0000000008001940       0x40 /Users/user/Desktop/libopencm3/lib/libopencm3_stm32l4.a(rcc.o)
 .text.rcc_wait_for_sysclk_status
                0x0000000008001980       0x48 /Users/user/Desktop/libopencm3/lib/libopencm3_stm32l4.a(rcc.o)
                0x0000000008001980                rcc_wait_for_sysclk_status
 .text.rcc_osc_on
                0x00000000080019c8       0x70 /Users/user/Desktop/libopencm3/lib/libopencm3_stm32l4.a(rcc.o)
                0x00000000080019c8                rcc_osc_on
 .text.rcc_set_sysclk_source
                0x0000000008001a38       0x14 /Users/user/Desktop/libopencm3/lib/libopencm3_stm32l4.a(rcc.o)
                0x0000000008001a38                rcc_set_sysclk_source
 .text.rcc_set_main_pll
                0x0000000008001a4c       0x28 /Users/user/Desktop/libopencm3/lib/libopencm3_stm32l4.a(rcc.o)
                0x0000000008001a4c                rcc_set_main_pll
 .text.rcc_get_usart_clk_freq
                0x0000000008001a74       0x78 /Users/user/Desktop/libopencm3/lib/libopencm3_stm32l4.a(rcc.o)
                0x0000000008001a74                rcc_get_usart_clk_freq
 .text.rcc_periph_clock_enable
                0x0000000008001aec       0x1c /Users/user/Desktop/libopencm3/lib/libopencm3_stm32l4.a(rcc_common_all.o)
                0x0000000008001aec                rcc_periph_clock_enable
 .text.rcc_get_div_from_hpre
                0x0000000008001b08       0x1c /Users/user/Desktop/libopencm3/lib/libopencm3_stm32l4.a(rcc_common_all.o)
                0x0000000008001b08                rcc_get_div_from_hpre
 .text.rng_enable
                0x0000000008001b24       0x14 /Users/user/Desktop/libopencm3/lib/libopencm3_stm32l4.a(rng_common_v1.o)
                0x0000000008001b24                rng_enable
 .text.usart_set_baudrate
                0x0000000008001b38       0x38 /Users/user/Desktop/libopencm3/lib/libopencm3_stm32l4.a(usart_common_all.o)
                0x0000000008001b38                usart_set_baudrate
 .text.usart_set_databits
                0x0000000008001b70       0x12 /Users/user/Desktop/libopencm3/lib/libopencm3_stm32l4.a(usart_common_all.o)
                0x0000000008001b70                usart_set_databits
 .text.usart_set_stopbits
                0x0000000008001b82        0xc /Users/user/Desktop/libopencm3/lib/libopencm3_stm32l4.a(usart_common_all.o)
                0x0000000008001b82                usart_set_stopbits
 .text.usart_set_parity
                0x0000000008001b8e        0xc /Users/user/Desktop/libopencm3/lib/libopencm3_stm32l4.a(usart_common_all.o)
                0x0000000008001b8e                usart_set_parity
 .text.usart_set_mode
                0x0000000008001b9a        0xc /Users/user/Desktop/libopencm3/lib/libopencm3_stm32l4.a(usart_common_all.o)
                0x0000000008001b9a                usart_set_mode
 .text.usart_set_flow_control
                0x0000000008001ba6        0xc /Users/user/Desktop/libopencm3/lib/libopencm3_stm32l4.a(usart_common_all.o)
                0x0000000008001ba6                usart_set_flow_control
 .text.usart_enable
                0x0000000008001bb2        0xa /Users/user/Desktop/libopencm3/lib/libopencm3_stm32l4.a(usart_common_all.o)
                0x0000000008001bb2                usart_enable
 .text.usart_enable_rx_interrupt
                0x0000000008001bbc        0xa /Users/user/Desktop/libopencm3/lib/libopencm3_stm32l4.a(usart_common_all.o)
                0x0000000008001bbc                usart_enable_rx_interrupt
 .text.usart_enable_tx_interrupt
                0x0000000008001bc6        0xa /Users/user/Desktop/libopencm3/lib/libopencm3_stm32l4.a(usart_common_all.o)
                0x0000000008001bc6                usart_enable_tx_interrupt
 .text.usart_disable_tx_interrupt
                0x0000000008001bd0        0xa /Users/user/Desktop/libopencm3/lib/libopencm3_stm32l4.a(usart_common_all.o)
                0x0000000008001bd0                usart_disable_tx_interrupt
 .text.usart_send
                0x0000000008001bda        0x8 /Users/user/Desktop/libopencm3/lib/libopencm3_stm32l4.a(usart_common_v2.o)
                0x0000000008001bda                usart_send
 .text.usart_recv
                0x0000000008001be2        0x8 /Users/user/Desktop/libopencm3/lib/libopencm3_stm32l4.a(usart_common_v2.o)
                0x0000000008001be2                usart_recv
 .text.blocking_handler
                0x0000000008001bea        0x2 /Users/user/Desktop/libopencm3/lib/libopencm3_stm32l4.a(vector.o)
                0x0000000008001bea                exti0_isr
                0x0000000008001bea                usart3_isr
                0x0000000008001bea                swpmi1_isr
                0x0000000008001bea                tim7_isr
                0x0000000008001bea                dma2d_isr
                0x0000000008001bea                rng_isr
                0x0000000008001bea                adc1_2_isr
                0x0000000008001bea                i2c4_er_isr
                0x0000000008001bea                blocking_handler
                0x0000000008001bea                tsc_isr
                0x0000000008001bea                tim5_isr
                0x0000000008001bea                rtc_wkup_isr
                0x0000000008001bea                otg_fs_isr
                0x0000000008001bea                tim1_up_tim16_isr
                0x0000000008001bea                spi1_isr
                0x0000000008001bea                i2c3_er_isr
                0x0000000008001bea                dma2_channel7_isr
                0x0000000008001bea                exti2_isr
                0x0000000008001bea                dma1_channel6_isr
                0x0000000008001bea                dma1_channel5_isr
                0x0000000008001bea                dma2_channel5_isr
                0x0000000008001bea                tamp_stamp_isr
                0x0000000008001bea                fmc_isr
                0x0000000008001bea                can1_rx1_isr
                0x0000000008001bea                usart1_isr
                0x0000000008001bea                i2c3_ev_isr
                0x0000000008001bea                usage_fault_handler
                0x0000000008001bea                tim8_trg_com_isr
                0x0000000008001bea                can2_rx0_isr
                0x0000000008001bea                tim1_trg_com_tim17_isr
                0x0000000008001bea                can2_rx1_isr
                0x0000000008001bea                can1_sce_isr
                0x0000000008001bea                tim1_cc_isr
                0x0000000008001bea                can1_tx_isr
                0x0000000008001bea                dma1_channel4_isr
                0x0000000008001bea                tim8_brk_isr
                0x0000000008001bea                dma2_channel4_isr
                0x0000000008001bea                lptim1_isr
                0x0000000008001bea                lpuart1_isr
                0x0000000008001bea                can1_rx0_isr
                0x0000000008001bea                rcc_isr
                0x0000000008001bea                flash_isr
                0x0000000008001bea                uart4_isr
                0x0000000008001bea                rtc_alarm_isr
                0x0000000008001bea                exti15_10_isr
                0x0000000008001bea                hard_fault_handler
                0x0000000008001bea                exti1_isr
                0x0000000008001bea                i2c1_ev_isr
                0x0000000008001bea                dma2_channel1_isr
                0x0000000008001bea                dfsdm2_isr
                0x0000000008001bea                spi2_isr
                0x0000000008001bea                aes_isr
                0x0000000008001bea                tim8_up_isr
                0x0000000008001bea                tim6_dacunder_isr
                0x0000000008001bea                dma2_channel6_isr
                0x0000000008001bea                dma2_channel2_isr
                0x0000000008001bea                exti3_isr
                0x0000000008001bea                adc3_isr
                0x0000000008001bea                tim3_isr
                0x0000000008001bea                sai1_isr
                0x0000000008001bea                fpu_isr
                0x0000000008001bea                i2c2_er_isr
                0x0000000008001bea                i2c2_ev_isr
                0x0000000008001bea                uart5_isr
                0x0000000008001bea                dma1_channel1_isr
                0x0000000008001bea                exti4_isr
                0x0000000008001bea                dfsdm3_isr
                0x0000000008001bea                comp_isr
                0x0000000008001bea                mem_manage_handler
                0x0000000008001bea                can2_tx_isr
                0x0000000008001bea                lptim2_isr
                0x0000000008001bea                lcd_isr
                0x0000000008001bea                exti9_5_isr
                0x0000000008001bea                dma2_channel3_isr
                0x0000000008001bea                dfsdm1_isr
                0x0000000008001bea                dma1_channel7_isr
                0x0000000008001bea                pvd_pvm_isr
                0x0000000008001bea                can2_sce_isr
                0x0000000008001bea                tim4_isr
                0x0000000008001bea                sai2_isr
                0x0000000008001bea                dma1_channel2_isr
                0x0000000008001bea                i2c1_er_isr
                0x0000000008001bea                tim8_cc_isr
                0x0000000008001bea                dcmi_isr
                0x0000000008001bea                hash_crs_isr
                0x0000000008001bea                bus_fault_handler
                0x0000000008001bea                wwdg_isr
                0x0000000008001bea                tim1_brk_tim15_isr
                0x0000000008001bea                dma1_channel3_isr
                0x0000000008001bea                sdmmc1_isr
                0x0000000008001bea                spi3_isr
                0x0000000008001bea                quadspi_isr
                0x0000000008001bea                dfsdm0_isr
                0x0000000008001bea                tim2_isr
                0x0000000008001bea                i2c4_ev_isr
 .text.null_handler
                0x0000000008001bec        0x2 /Users/user/Desktop/libopencm3/lib/libopencm3_stm32l4.a(vector.o)
                0x0000000008001bec                null_handler
                0x0000000008001bec                sv_call_handler
                0x0000000008001bec                pend_sv_handler
                0x0000000008001bec                debug_monitor_handler
                0x0000000008001bec                nmi_handler
 *fill*         0x0000000008001bee        0x2 
 .text.reset_handler
                0x0000000008001bf0       0xa0 /Users/user/Desktop/libopencm3/lib/libopencm3_stm32l4.a(vector.o)
                0x0000000008001bf0                reset_handler
 .text.systick_set_reload
                0x0000000008001c90        0xc /Users/user/Desktop/libopencm3/lib/libopencm3_stm32l4.a(systick.o)
                0x0000000008001c90                systick_set_reload
 .text.systick_set_clocksource
                0x0000000008001c9c       0x14 /Users/user/Desktop/libopencm3/lib/libopencm3_stm32l4.a(systick.o)
                0x0000000008001c9c                systick_set_clocksource
 .text.systick_interrupt_enable
                0x0000000008001cb0        0xe /Users/user/Desktop/libopencm3/lib/libopencm3_stm32l4.a(systick.o)
                0x0000000008001cb0                systick_interrupt_enable
 .text.systick_counter_enable
                0x0000000008001cbe        0xe /Users/user/Desktop/libopencm3/lib/libopencm3_stm32l4.a(systick.o)
                0x0000000008001cbe                systick_counter_enable
 .text.nvic_enable_irq
                0x0000000008001ccc       0x1c /Users/user/Desktop/libopencm3/lib/libopencm3_stm32l4.a(nvic.o)
                0x0000000008001ccc                nvic_enable_irq
                0x0000000008001ce8                . = ALIGN (0x4)
 *(.rodata*)
 .rodata.lcdtest.str1.4
                0x0000000008001ce8        0x6 build/lcdtest_app.o
                0x0000000008001cf0                . = ALIGN (0x4)
 *fill*         0x0000000008001cee        0x2 

.glue_7         0x0000000008001cf0        0x0
 .glue_7        0x0000000008001cf0        0x0 linker stubs

.glue_7t        0x0000000008001cf0        0x0
 .glue_7t       0x0000000008001cf0        0x0 linker stubs

.vfp11_veneer   0x0000000008001cf0        0x0
 .vfp11_veneer  0x0000000008001cf0        0x0 linker stubs

.v4_bx          0x0000000008001cf0        0x0
 .v4_bx         0x0000000008001cf0        0x0 linker stubs

.iplt           0x0000000008001cf0        0x0
 .iplt          0x0000000008001cf0        0x0 build/lcdtest_app.o

.rel.dyn        0x0000000008001cf0        0x0
 .rel.iplt      0x0000000008001cf0        0x0 build/lcdtest_app.o

.preinit_array  0x0000000008001cf0        0x0
                0x0000000008001cf0                . = ALIGN (0x4)
                0x0000000008001cf0                __preinit_array_start = .
 *(.preinit_array)
                0x0000000008001cf0                __preinit_array_end = .

.init_array     0x0000000008001cf0        0x0
                0x0000000008001cf0                . = ALIGN (0x4)
                0x0000000008001cf0                __init_array_start = .
 *(SORT_BY_NAME(.init_array.*))
 *(.init_array)
                0x0000000008001cf0                __init_array_end = .

.fini_array     0x0000000008001cf0        0x0
                0x0000000008001cf0                . = ALIGN (0x4)
                0x0000000008001cf0                __fini_array_start = .
 *(.fini_array)
 *(SORT_BY_NAME(.fini_array.*))
                0x0000000008001cf0                __fini_array_end = .

.ARM.extab
 *(.ARM.extab*)

.ARM.exidx      0x0000000008001cf0        0x0
                0x0000000008001cf0                __exidx_start = .
 *(.ARM.exidx*)
                0x0000000008001cf0                __exidx_end = .
                0x0000000008001cf0                . = ALIGN (0x4)
                0x0000000008001cf0                _etext = .

.noinit
 *(.noinit)
                0x0000000008001cf0                . = ALIGN (0x4)

.data           0x0000000020000000        0xc load address 0x0000000008001cf0
                0x0000000020000000                _data = .
 *(.data*)
 .data.rcc_ahb_frequency
                0x0000000020000000        0x4 /Users/user/Desktop/libopencm3/lib/libopencm3_stm32l4.a(rcc.o)
                0x0000000020000000                rcc_ahb_frequency
 .data.rcc_apb1_frequency
                0x0000000020000004        0x4 /Users/user/Desktop/libopencm3/lib/libopencm3_stm32l4.a(rcc.o)
                0x0000000020000004                rcc_apb1_frequency
 .data.rcc_apb2_frequency
                0x0000000020000008        0x4 /Users/user/Desktop/libopencm3/lib/libopencm3_stm32l4.a(rcc.o)
                0x0000000020000008                rcc_apb2_frequency
                0x000000002000000c                . = ALIGN (0x4)
 *(.ramfunctions)
                0x000000002000000c                _edata = .
                0x0000000008001cf0                _data_loadaddr = LOADADDR (.data)

.igot.plt       0x000000002000000c        0x0 load address 0x0000000008001cfc
 .igot.plt      0x000000002000000c        0x0 build/lcdtest_app.o

.bss            0x000000002000000c     0x1a34 load address 0x0000000008001cfc
 *(.bss*)
 .bss.__astChildTaskPool
                0x000000002000000c      0x300 build/esos.o
                0x000000002000000c                __astChildTaskPool
 .bss.__astCircularBuffers
                0x000000002000030c      0x180 build/esos.o
                0x000000002000030c                __astCircularBuffers
 .bss.__astMailbox
                0x000000002000048c      0x100 build/esos.o
                0x000000002000048c                __astMailbox
 .bss.__astTmrSvcs
                0x000000002000058c       0xc0 build/esos.o
                0x000000002000058c                __astTmrSvcs
 .bss.__astUserTaskPool
                0x000000002000064c      0x300 build/esos.o
                0x000000002000064c                __astUserTaskPool
 .bss.__au8UserTaskStructIndex
                0x000000002000094c       0x20 build/esos.o
                0x000000002000094c                __au8UserTaskStructIndex
 .bss.__au8_MBData
                0x000000002000096c      0xf00 build/esos.o
                0x000000002000096c                __au8_MBData
 .bss.__esos_u32SystemFlags
                0x000000002000186c        0x4 build/esos.o
                0x000000002000186c                __esos_u32SystemFlags
 .bss.__esos_u32TmrActiveFlags
                0x0000000020001870        0x4 build/esos.o
                0x0000000020001870                __esos_u32TmrActiveFlags
 .bss.__esos_u8TmrSvcsRegistered
                0x0000000020001874        0x1 build/esos.o
                0x0000000020001874                __esos_u8TmrSvcsRegistered
 *fill*         0x0000000020001875        0x1 
 .bss.__u16NumTasksEverCreated
                0x0000000020001876        0x2 build/esos.o
                0x0000000020001876                __u16NumTasksEverCreated
 .bss.__u8ChildTasksRegistered
                0x0000000020001878        0x1 build/esos.o
                0x0000000020001878                __u8ChildTasksRegistered
 .bss.__u8UserTasksRegistered
                0x0000000020001879        0x1 build/esos.o
                0x0000000020001879                __u8UserTasksRegistered
 *fill*         0x000000002000187a        0x2 
 .bss.__stLCDChildTask
                0x000000002000187c       0x18 build/esos_lcd44780wo.o
                0x000000002000187c                __stLCDChildTask
 .bss.esos_lcd44780_vars
                0x0000000020001894       0xf1 build/esos_lcd44780wo.o
                0x0000000020001894                esos_lcd44780_vars
 .bss.i.1       0x0000000020001985        0x1 build/esos_lcd44780wo.o
 *fill*         0x0000000020001986        0x2 
 .bss.n.0       0x0000000020001988        0x4 build/esos_lcd44780wo.o
 .bss.u8_col.2  0x000000002000198c        0x1 build/esos_lcd44780wo.o
 .bss.u8_row.3  0x000000002000198d        0x1 build/esos_lcd44780wo.o
 .bss.b_localIsData.1
                0x000000002000198e        0x1 build/esos_stm32l4_edub_4bit_lcd44780wo.o
 .bss.u8_localData.2
                0x000000002000198f        0x1 build/esos_stm32l4_edub_4bit_lcd44780wo.o
 .bss.u8_temp.0
                0x0000000020001990        0x1 build/esos_stm32l4_edub_4bit_lcd44780wo.o
 *fill*         0x0000000020001991        0x3 
 .bss.__u32_esos_PRNG_Seed
                0x0000000020001994        0x4 build/esos_utils.o
                0x0000000020001994                __u32_esos_PRNG_Seed
 .bss.__esos_comm_rx_buff
                0x0000000020001998       0x40 build/esos_comm.o
                0x0000000020001998                __esos_comm_rx_buff
 .bss.__esos_comm_tx_buff
                0x00000000200019d8       0x40 build/esos_comm.o
                0x00000000200019d8                __esos_comm_tx_buff
 .bss.__pst_CB_Rx
                0x0000000020001a18        0x4 build/esos_comm.o
                0x0000000020001a18                __pst_CB_Rx
 .bss.__pst_CB_Tx
                0x0000000020001a1c        0x4 build/esos_comm.o
                0x0000000020001a1c                __pst_CB_Tx
 .bss.__st_CB_Rx
                0x0000000020001a20        0xc build/esos_comm.o
                0x0000000020001a20                __st_CB_Rx
 .bss.__st_CB_Tx
                0x0000000020001a2c        0xc build/esos_comm.o
                0x0000000020001a2c                __st_CB_Tx
 .bss.esos_tick_count
                0x0000000020001a38        0x4 build/esos_stm32l4_tick.o
                0x0000000020001a38                esos_tick_count
 .bss.u8_uartRXbuf
                0x0000000020001a3c        0x1 build/esos_stm32l4_rs232.o
                0x0000000020001a3c                u8_uartRXbuf
 .bss.u8_uartTXbuf
                0x0000000020001a3d        0x1 build/esos_stm32l4_rs232.o
                0x0000000020001a3d                u8_uartTXbuf
 *(COMMON)
                0x0000000020001a40                . = ALIGN (0x4)
 *fill*         0x0000000020001a3e        0x2 
                0x0000000020001a40                _ebss = .

/DISCARD/
 *(.eh_frame)
                0x0000000020001a40                . = ALIGN (0x4)
                0x0000000020001a40                end = .
                0x0000000020028000                PROVIDE (_stack = (ORIGIN (ram) + LENGTH (ram)))
OUTPUT(build/lcdtest_app.elf elf32-littlearm)
LOAD linker stubs

.debug_info     0x0000000000000000     0x7af1
 .debug_info    0x0000000000000000      0x4ec build/lcdtest_app.o
 .debug_info    0x00000000000004ec      0xa5b build/esos.o
 .debug_info    0x0000000000000f47      0xbca build/esos_lcd44780wo.o
 .debug_info    0x0000000000001b11      0x76d build/esos_stm32l4_edub_4bit_lcd44780wo.o
 .debug_info    0x000000000000227e      0x491 build/esos_cb.o
 .debug_info    0x000000000000270f      0x2f2 build/esos_utils.o
 .debug_info    0x0000000000002a01      0x9b6 build/esos_comm.o
 .debug_info    0x00000000000033b7      0x52c build/esos_mail.o
 .debug_info    0x00000000000038e3      0x75b build/esos_stm32l4_tick.o
 .debug_info    0x000000000000403e      0x129 build/esos_stm32l4_utils.o
 .debug_info    0x0000000000004167      0x94b build/esos_stm32l4_rs232.o
 .debug_info    0x0000000000004ab2       0xfc /Users/user/Desktop/libopencm3/lib/libopencm3_stm32l4.a(flash_common_all.o)
 .debug_info    0x0000000000004bae       0xf4 /Users/user/Desktop/libopencm3/lib/libopencm3_stm32l4.a(flash_common_idcache.o)
 .debug_info    0x0000000000004ca2      0x266 /Users/user/Desktop/libopencm3/lib/libopencm3_stm32l4.a(gpio_common_all.o)
 .debug_info    0x0000000000004f08      0x233 /Users/user/Desktop/libopencm3/lib/libopencm3_stm32l4.a(gpio_common_f0234.o)
 .debug_info    0x000000000000513b      0xe89 /Users/user/Desktop/libopencm3/lib/libopencm3_stm32l4.a(rcc.o)
 .debug_info    0x0000000000005fc4      0x847 /Users/user/Desktop/libopencm3/lib/libopencm3_stm32l4.a(rcc_common_all.o)
 .debug_info    0x000000000000680b      0x1a4 /Users/user/Desktop/libopencm3/lib/libopencm3_stm32l4.a(rng_common_v1.o)
 .debug_info    0x00000000000069af      0x5d1 /Users/user/Desktop/libopencm3/lib/libopencm3_stm32l4.a(usart_common_all.o)
 .debug_info    0x0000000000006f80      0x3ae /Users/user/Desktop/libopencm3/lib/libopencm3_stm32l4.a(usart_common_v2.o)
 .debug_info    0x000000000000732e      0x2f2 /Users/user/Desktop/libopencm3/lib/libopencm3_stm32l4.a(vector.o)
 .debug_info    0x0000000000007620      0x280 /Users/user/Desktop/libopencm3/lib/libopencm3_stm32l4.a(systick.o)
 .debug_info    0x00000000000078a0      0x251 /Users/user/Desktop/libopencm3/lib/libopencm3_stm32l4.a(nvic.o)

.debug_abbrev   0x0000000000000000     0x2045
 .debug_abbrev  0x0000000000000000      0x180 build/lcdtest_app.o
 .debug_abbrev  0x0000000000000180      0x2c9 build/esos.o
 .debug_abbrev  0x0000000000000449      0x2ae build/esos_lcd44780wo.o
 .debug_abbrev  0x00000000000006f7      0x173 build/esos_stm32l4_edub_4bit_lcd44780wo.o
 .debug_abbrev  0x000000000000086a      0x12d build/esos_cb.o
 .debug_abbrev  0x0000000000000997      0x158 build/esos_utils.o
 .debug_abbrev  0x0000000000000aef      0x202 build/esos_comm.o
 .debug_abbrev  0x0000000000000cf1      0x17f build/esos_mail.o
 .debug_abbrev  0x0000000000000e70      0x150 build/esos_stm32l4_tick.o
 .debug_abbrev  0x0000000000000fc0       0xc1 build/esos_stm32l4_utils.o
 .debug_abbrev  0x0000000000001081      0x1be build/esos_stm32l4_rs232.o
 .debug_abbrev  0x000000000000123f       0x9a /Users/user/Desktop/libopencm3/lib/libopencm3_stm32l4.a(flash_common_all.o)
 .debug_abbrev  0x00000000000012d9       0x56 /Users/user/Desktop/libopencm3/lib/libopencm3_stm32l4.a(flash_common_idcache.o)
 .debug_abbrev  0x000000000000132f      0x116 /Users/user/Desktop/libopencm3/lib/libopencm3_stm32l4.a(gpio_common_all.o)
 .debug_abbrev  0x0000000000001445       0xbf /Users/user/Desktop/libopencm3/lib/libopencm3_stm32l4.a(gpio_common_f0234.o)
 .debug_abbrev  0x0000000000001504      0x2db /Users/user/Desktop/libopencm3/lib/libopencm3_stm32l4.a(rcc.o)
 .debug_abbrev  0x00000000000017df      0x177 /Users/user/Desktop/libopencm3/lib/libopencm3_stm32l4.a(rcc_common_all.o)
 .debug_abbrev  0x0000000000001956      0x12e /Users/user/Desktop/libopencm3/lib/libopencm3_stm32l4.a(rng_common_v1.o)
 .debug_abbrev  0x0000000000001a84      0x134 /Users/user/Desktop/libopencm3/lib/libopencm3_stm32l4.a(usart_common_all.o)
 .debug_abbrev  0x0000000000001bb8      0x128 /Users/user/Desktop/libopencm3/lib/libopencm3_stm32l4.a(usart_common_v2.o)
 .debug_abbrev  0x0000000000001ce0      0x15b /Users/user/Desktop/libopencm3/lib/libopencm3_stm32l4.a(vector.o)
 .debug_abbrev  0x0000000000001e3b      0x155 /Users/user/Desktop/libopencm3/lib/libopencm3_stm32l4.a(systick.o)
 .debug_abbrev  0x0000000000001f90       0xb5 /Users/user/Desktop/libopencm3/lib/libopencm3_stm32l4.a(nvic.o)

.debug_loc      0x0000000000000000     0x348b
 .debug_loc     0x0000000000000000       0x9a build/lcdtest_app.o
 .debug_loc     0x000000000000009a      0xa8c build/esos.o
 .debug_loc     0x0000000000000b26      0x358 build/esos_lcd44780wo.o
 .debug_loc     0x0000000000000e7e      0x1f7 build/esos_stm32l4_edub_4bit_lcd44780wo.o
 .debug_loc     0x0000000000001075      0x3bf build/esos_cb.o
 .debug_loc     0x0000000000001434      0x24d build/esos_utils.o
 .debug_loc     0x0000000000001681      0x72c build/esos_comm.o
 .debug_loc     0x0000000000001dad      0x20d build/esos_mail.o
 .debug_loc     0x0000000000001fba       0x58 build/esos_stm32l4_tick.o
 .debug_loc     0x0000000000002012       0x40 build/esos_stm32l4_utils.o
 .debug_loc     0x0000000000002052       0xb2 build/esos_stm32l4_rs232.o
 .debug_loc     0x0000000000002104       0x47 /Users/user/Desktop/libopencm3/lib/libopencm3_stm32l4.a(flash_common_all.o)
 .debug_loc     0x000000000000214b       0xbe /Users/user/Desktop/libopencm3/lib/libopencm3_stm32l4.a(gpio_common_all.o)
 .debug_loc     0x0000000000002209      0x14f /Users/user/Desktop/libopencm3/lib/libopencm3_stm32l4.a(gpio_common_f0234.o)
 .debug_loc     0x0000000000002358      0x839 /Users/user/Desktop/libopencm3/lib/libopencm3_stm32l4.a(rcc.o)
 .debug_loc     0x0000000000002b91      0x120 /Users/user/Desktop/libopencm3/lib/libopencm3_stm32l4.a(rcc_common_all.o)
 .debug_loc     0x0000000000002cb1       0xbb /Users/user/Desktop/libopencm3/lib/libopencm3_stm32l4.a(rng_common_v1.o)
 .debug_loc     0x0000000000002d6c      0x238 /Users/user/Desktop/libopencm3/lib/libopencm3_stm32l4.a(usart_common_all.o)
 .debug_loc     0x0000000000002fa4       0xe0 /Users/user/Desktop/libopencm3/lib/libopencm3_stm32l4.a(usart_common_v2.o)
 .debug_loc     0x0000000000003084      0x128 /Users/user/Desktop/libopencm3/lib/libopencm3_stm32l4.a(vector.o)
 .debug_loc     0x00000000000031ac      0x192 /Users/user/Desktop/libopencm3/lib/libopencm3_stm32l4.a(systick.o)
 .debug_loc     0x000000000000333e      0x14d /Users/user/Desktop/libopencm3/lib/libopencm3_stm32l4.a(nvic.o)

.debug_aranges  0x0000000000000000      0x928
 .debug_aranges
                0x0000000000000000       0x30 build/lcdtest_app.o
 .debug_aranges
                0x0000000000000030       0x88 build/esos.o
 .debug_aranges
                0x00000000000000b8       0xb8 build/esos_lcd44780wo.o
 .debug_aranges
                0x0000000000000170       0x30 build/esos_stm32l4_edub_4bit_lcd44780wo.o
 .debug_aranges
                0x00000000000001a0       0x68 build/esos_cb.o
 .debug_aranges
                0x0000000000000208       0x50 build/esos_utils.o
 .debug_aranges
                0x0000000000000258       0x88 build/esos_comm.o
 .debug_aranges
                0x00000000000002e0       0x30 build/esos_mail.o
 .debug_aranges
                0x0000000000000310       0x40 build/esos_stm32l4_tick.o
 .debug_aranges
                0x0000000000000350       0x30 build/esos_stm32l4_utils.o
 .debug_aranges
                0x0000000000000380       0x58 build/esos_stm32l4_rs232.o
 .debug_aranges
                0x00000000000003d8       0x38 /Users/user/Desktop/libopencm3/lib/libopencm3_stm32l4.a(flash_common_all.o)
 .debug_aranges
                0x0000000000000410       0x48 /Users/user/Desktop/libopencm3/lib/libopencm3_stm32l4.a(flash_common_idcache.o)
 .debug_aranges
                0x0000000000000458       0x50 /Users/user/Desktop/libopencm3/lib/libopencm3_stm32l4.a(gpio_common_all.o)
 .debug_aranges
                0x00000000000004a8       0x30 /Users/user/Desktop/libopencm3/lib/libopencm3_stm32l4.a(gpio_common_f0234.o)
 .debug_aranges
                0x00000000000004d8      0x120 /Users/user/Desktop/libopencm3/lib/libopencm3_stm32l4.a(rcc.o)
 .debug_aranges
                0x00000000000005f8       0x60 /Users/user/Desktop/libopencm3/lib/libopencm3_stm32l4.a(rcc_common_all.o)
 .debug_aranges
                0x0000000000000658       0x48 /Users/user/Desktop/libopencm3/lib/libopencm3_stm32l4.a(rng_common_v1.o)
 .debug_aranges
                0x00000000000006a0       0xd8 /Users/user/Desktop/libopencm3/lib/libopencm3_stm32l4.a(usart_common_all.o)
 .debug_aranges
                0x0000000000000778       0xa8 /Users/user/Desktop/libopencm3/lib/libopencm3_stm32l4.a(usart_common_v2.o)
 .debug_aranges
                0x0000000000000820       0x30 /Users/user/Desktop/libopencm3/lib/libopencm3_stm32l4.a(vector.o)
 .debug_aranges
                0x0000000000000850       0x78 /Users/user/Desktop/libopencm3/lib/libopencm3_stm32l4.a(systick.o)
 .debug_aranges
                0x00000000000008c8       0x60 /Users/user/Desktop/libopencm3/lib/libopencm3_stm32l4.a(nvic.o)

.debug_ranges   0x0000000000000000      0x868
 .debug_ranges  0x0000000000000000       0x20 build/lcdtest_app.o
 .debug_ranges  0x0000000000000020       0x78 build/esos.o
 .debug_ranges  0x0000000000000098       0xe0 build/esos_lcd44780wo.o
 .debug_ranges  0x0000000000000178       0x38 build/esos_stm32l4_edub_4bit_lcd44780wo.o
 .debug_ranges  0x00000000000001b0       0x58 build/esos_cb.o
 .debug_ranges  0x0000000000000208       0x40 build/esos_utils.o
 .debug_ranges  0x0000000000000248       0x78 build/esos_comm.o
 .debug_ranges  0x00000000000002c0       0x20 build/esos_mail.o
 .debug_ranges  0x00000000000002e0       0x30 build/esos_stm32l4_tick.o
 .debug_ranges  0x0000000000000310       0x20 build/esos_stm32l4_utils.o
 .debug_ranges  0x0000000000000330       0x48 build/esos_stm32l4_rs232.o
 .debug_ranges  0x0000000000000378       0x28 /Users/user/Desktop/libopencm3/lib/libopencm3_stm32l4.a(flash_common_all.o)
 .debug_ranges  0x00000000000003a0       0x38 /Users/user/Desktop/libopencm3/lib/libopencm3_stm32l4.a(flash_common_idcache.o)
 .debug_ranges  0x00000000000003d8       0x40 /Users/user/Desktop/libopencm3/lib/libopencm3_stm32l4.a(gpio_common_all.o)
 .debug_ranges  0x0000000000000418       0x20 /Users/user/Desktop/libopencm3/lib/libopencm3_stm32l4.a(gpio_common_f0234.o)
 .debug_ranges  0x0000000000000438      0x140 /Users/user/Desktop/libopencm3/lib/libopencm3_stm32l4.a(rcc.o)
 .debug_ranges  0x0000000000000578       0x50 /Users/user/Desktop/libopencm3/lib/libopencm3_stm32l4.a(rcc_common_all.o)
 .debug_ranges  0x00000000000005c8       0x50 /Users/user/Desktop/libopencm3/lib/libopencm3_stm32l4.a(rng_common_v1.o)
 .debug_ranges  0x0000000000000618       0xc8 /Users/user/Desktop/libopencm3/lib/libopencm3_stm32l4.a(usart_common_all.o)
 .debug_ranges  0x00000000000006e0       0x98 /Users/user/Desktop/libopencm3/lib/libopencm3_stm32l4.a(usart_common_v2.o)
 .debug_ranges  0x0000000000000778       0x20 /Users/user/Desktop/libopencm3/lib/libopencm3_stm32l4.a(vector.o)
 .debug_ranges  0x0000000000000798       0x80 /Users/user/Desktop/libopencm3/lib/libopencm3_stm32l4.a(systick.o)
 .debug_ranges  0x0000000000000818       0x50 /Users/user/Desktop/libopencm3/lib/libopencm3_stm32l4.a(nvic.o)

.debug_line     0x0000000000000000     0x8242
 .debug_line    0x0000000000000000      0x535 build/lcdtest_app.o
 .debug_line    0x0000000000000535      0x915 build/esos.o
 .debug_line    0x0000000000000e4a      0xfd5 build/esos_lcd44780wo.o
 .debug_line    0x0000000000001e1f      0x411 build/esos_stm32l4_edub_4bit_lcd44780wo.o
 .debug_line    0x0000000000002230      0x4ef build/esos_cb.o
 .debug_line    0x000000000000271f      0x321 build/esos_utils.o
 .debug_line    0x0000000000002a40      0xa4e build/esos_comm.o
 .debug_line    0x000000000000348e      0x462 build/esos_mail.o
 .debug_line    0x00000000000038f0      0x322 build/esos_stm32l4_tick.o
 .debug_line    0x0000000000003c12      0x211 build/esos_stm32l4_utils.o
 .debug_line    0x0000000000003e23      0x43b build/esos_stm32l4_rs232.o
 .debug_line    0x000000000000425e      0x3de /Users/user/Desktop/libopencm3/lib/libopencm3_stm32l4.a(flash_common_all.o)
 .debug_line    0x000000000000463c      0x3f7 /Users/user/Desktop/libopencm3/lib/libopencm3_stm32l4.a(flash_common_idcache.o)
 .debug_line    0x0000000000004a33      0x454 /Users/user/Desktop/libopencm3/lib/libopencm3_stm32l4.a(gpio_common_all.o)
 .debug_line    0x0000000000004e87      0x53c /Users/user/Desktop/libopencm3/lib/libopencm3_stm32l4.a(gpio_common_f0234.o)
 .debug_line    0x00000000000053c3      0xc1b /Users/user/Desktop/libopencm3/lib/libopencm3_stm32l4.a(rcc.o)
 .debug_line    0x0000000000005fde      0x4a0 /Users/user/Desktop/libopencm3/lib/libopencm3_stm32l4.a(rcc_common_all.o)
 .debug_line    0x000000000000647e      0x47e /Users/user/Desktop/libopencm3/lib/libopencm3_stm32l4.a(rng_common_v1.o)
 .debug_line    0x00000000000068fc      0x6b6 /Users/user/Desktop/libopencm3/lib/libopencm3_stm32l4.a(usart_common_all.o)
 .debug_line    0x0000000000006fb2      0x577 /Users/user/Desktop/libopencm3/lib/libopencm3_stm32l4.a(usart_common_v2.o)
 .debug_line    0x0000000000007529      0x4d0 /Users/user/Desktop/libopencm3/lib/libopencm3_stm32l4.a(vector.o)
 .debug_line    0x00000000000079f9      0x41c /Users/user/Desktop/libopencm3/lib/libopencm3_stm32l4.a(systick.o)
 .debug_line    0x0000000000007e15      0x42d /Users/user/Desktop/libopencm3/lib/libopencm3_stm32l4.a(nvic.o)

.debug_str      0x0000000000000000    0x12813
 .debug_str     0x0000000000000000      0x32b build/lcdtest_app.o
                                        0x3dc (size before relaxing)
 .debug_str     0x000000000000032b      0x3d1 build/esos.o
                                        0x68d (size before relaxing)
 .debug_str     0x00000000000006fc      0x383 build/esos_lcd44780wo.o
                                        0x720 (size before relaxing)
 .debug_str     0x0000000000000a7f       0xcd build/esos_stm32l4_edub_4bit_lcd44780wo.o
                                        0x3e4 (size before relaxing)
 .debug_str     0x0000000000000b4c      0x159 build/esos_cb.o
                                        0x34b (size before relaxing)
 .debug_str     0x0000000000000ca5      0x116 build/esos_utils.o
                                        0x2b1 (size before relaxing)
 .debug_str     0x0000000000000dbb      0x280 build/esos_comm.o
                                        0x553 (size before relaxing)
 .debug_str     0x000000000000103b      0x120 build/esos_mail.o
                                        0x461 (size before relaxing)
 .debug_str     0x000000000000115b      0x6c9 build/esos_stm32l4_tick.o
                                        0x896 (size before relaxing)
 .debug_str     0x0000000000001824       0x64 build/esos_stm32l4_utils.o
                                        0x22e (size before relaxing)
 .debug_str     0x0000000000001888      0x1fa build/esos_stm32l4_rs232.o
                                        0x96a (size before relaxing)
 .debug_str     0x0000000000001a82     0x5cc7 /Users/user/Desktop/libopencm3/lib/libopencm3_stm32l4.a(flash_common_all.o)
                                       0x5e59 (size before relaxing)
 .debug_str     0x0000000000007749       0x71 /Users/user/Desktop/libopencm3/lib/libopencm3_stm32l4.a(flash_common_idcache.o)
                                       0x5e7b (size before relaxing)
 .debug_str     0x00000000000077ba     0x165c /Users/user/Desktop/libopencm3/lib/libopencm3_stm32l4.a(gpio_common_all.o)
                                       0x6548 (size before relaxing)
 .debug_str     0x0000000000008e16       0x61 /Users/user/Desktop/libopencm3/lib/libopencm3_stm32l4.a(gpio_common_f0234.o)
                                       0x656a (size before relaxing)
 .debug_str     0x0000000000008e77     0x43e8 /Users/user/Desktop/libopencm3/lib/libopencm3_stm32l4.a(rcc.o)
                                       0xa864 (size before relaxing)
 .debug_str     0x000000000000d25f      0x3c3 /Users/user/Desktop/libopencm3/lib/libopencm3_stm32l4.a(rcc_common_all.o)
                                       0x9788 (size before relaxing)
 .debug_str     0x000000000000d622      0x19b /Users/user/Desktop/libopencm3/lib/libopencm3_stm32l4.a(rng_common_v1.o)
                                       0x5060 (size before relaxing)
 .debug_str     0x000000000000d7bd     0x1e91 /Users/user/Desktop/libopencm3/lib/libopencm3_stm32l4.a(usart_common_all.o)
                                       0xae65 (size before relaxing)
 .debug_str     0x000000000000f64e      0x190 /Users/user/Desktop/libopencm3/lib/libopencm3_stm32l4.a(usart_common_v2.o)
                                       0x6d8f (size before relaxing)
 .debug_str     0x000000000000f7de     0x2c86 /Users/user/Desktop/libopencm3/lib/libopencm3_stm32l4.a(vector.o)
                                       0x6daa (size before relaxing)
 .debug_str     0x0000000000012464      0x2eb /Users/user/Desktop/libopencm3/lib/libopencm3_stm32l4.a(systick.o)
                                       0x4488 (size before relaxing)
 .debug_str     0x000000000001274f       0xc4 /Users/user/Desktop/libopencm3/lib/libopencm3_stm32l4.a(nvic.o)
                                       0x607c (size before relaxing)

.comment        0x0000000000000000       0x49
 .comment       0x0000000000000000       0x49 build/lcdtest_app.o
                                         0x4a (size before relaxing)
 .comment       0x0000000000000049       0x4a build/esos.o
 .comment       0x0000000000000049       0x4a build/esos_lcd44780wo.o
 .comment       0x0000000000000049       0x4a build/esos_stm32l4_edub_4bit_lcd44780wo.o
 .comment       0x0000000000000049       0x4a build/esos_cb.o
 .comment       0x0000000000000049       0x4a build/esos_utils.o
 .comment       0x0000000000000049       0x4a build/esos_comm.o
 .comment       0x0000000000000049       0x4a build/esos_mail.o
 .comment       0x0000000000000049       0x4a build/esos_stm32l4_tick.o
 .comment       0x0000000000000049       0x4a build/esos_stm32l4_utils.o
 .comment       0x0000000000000049       0x4a build/esos_stm32l4_rs232.o
 .comment       0x0000000000000049       0x4a /Users/user/Desktop/libopencm3/lib/libopencm3_stm32l4.a(flash_common_all.o)
 .comment       0x0000000000000049       0x4a /Users/user/Desktop/libopencm3/lib/libopencm3_stm32l4.a(flash_common_idcache.o)
 .comment       0x0000000000000049       0x4a /Users/user/Desktop/libopencm3/lib/libopencm3_stm32l4.a(gpio_common_all.o)
 .comment       0x0000000000000049       0x4a /Users/user/Desktop/libopencm3/lib/libopencm3_stm32l4.a(gpio_common_f0234.o)
 .comment       0x0000000000000049       0x4a /Users/user/Desktop/libopencm3/lib/libopencm3_stm32l4.a(rcc.o)
 .comment       0x0000000000000049       0x4a /Users/user/Desktop/libopencm3/lib/libopencm3_stm32l4.a(rcc_common_all.o)
 .comment       0x0000000000000049       0x4a /Users/user/Desktop/libopencm3/lib/libopencm3_stm32l4.a(rng_common_v1.o)
 .comment       0x0000000000000049       0x4a /Users/user/Desktop/libopencm3/lib/libopencm3_stm32l4.a(usart_common_all.o)
 .comment       0x0000000000000049       0x4a /Users/user/Desktop/libopencm3/lib/libopencm3_stm32l4.a(usart_common_v2.o)
 .comment       0x0000000000000049       0x4a /Users/user/Desktop/libopencm3/lib/libopencm3_stm32l4.a(vector.o)
 .comment       0x0000000000000049       0x4a /Users/user/Desktop/libopencm3/lib/libopencm3_stm32l4.a(systick.o)
 .comment       0x0000000000000049       0x4a /Users/user/Desktop/libopencm3/lib/libopencm3_stm32l4.a(nvic.o)

.ARM.attributes
                0x0000000000000000       0x34
 .ARM.attributes
                0x0000000000000000       0x34 build/lcdtest_app.o
 .ARM.attributes
                0x0000000000000034       0x34 build/esos.o
 .ARM.attributes
                0x0000000000000068       0x34 build/esos_lcd44780wo.o
 .ARM.attributes
                0x000000000000009c       0x34 build/esos_stm32l4_edub_4bit_lcd44780wo.o
 .ARM.attributes
                0x00000000000000d0       0x34 build/esos_cb.o
 .ARM.attributes
                0x0000000000000104       0x34 build/esos_utils.o
 .ARM.attributes
                0x0000000000000138       0x34 build/esos_comm.o
 .ARM.attributes
                0x000000000000016c       0x34 build/esos_mail.o
 .ARM.attributes
                0x00000000000001a0       0x34 build/esos_stm32l4_tick.o
 .ARM.attributes
                0x00000000000001d4       0x34 build/esos_stm32l4_utils.o
 .ARM.attributes
                0x0000000000000208       0x34 build/esos_stm32l4_rs232.o
 .ARM.attributes
                0x000000000000023c       0x34 /Users/user/Desktop/libopencm3/lib/libopencm3_stm32l4.a(flash_common_all.o)
 .ARM.attributes
                0x0000000000000270       0x34 /Users/user/Desktop/libopencm3/lib/libopencm3_stm32l4.a(flash_common_idcache.o)
 .ARM.attributes
                0x00000000000002a4       0x34 /Users/user/Desktop/libopencm3/lib/libopencm3_stm32l4.a(gpio_common_all.o)
 .ARM.attributes
                0x00000000000002d8       0x34 /Users/user/Desktop/libopencm3/lib/libopencm3_stm32l4.a(gpio_common_f0234.o)
 .ARM.attributes
                0x000000000000030c       0x34 /Users/user/Desktop/libopencm3/lib/libopencm3_stm32l4.a(rcc.o)
 .ARM.attributes
                0x0000000000000340       0x34 /Users/user/Desktop/libopencm3/lib/libopencm3_stm32l4.a(rcc_common_all.o)
 .ARM.attributes
                0x0000000000000374       0x34 /Users/user/Desktop/libopencm3/lib/libopencm3_stm32l4.a(rng_common_v1.o)
 .ARM.attributes
                0x00000000000003a8       0x34 /Users/user/Desktop/libopencm3/lib/libopencm3_stm32l4.a(usart_common_all.o)
 .ARM.attributes
                0x00000000000003dc       0x34 /Users/user/Desktop/libopencm3/lib/libopencm3_stm32l4.a(usart_common_v2.o)
 .ARM.attributes
                0x0000000000000410       0x34 /Users/user/Desktop/libopencm3/lib/libopencm3_stm32l4.a(vector.o)
 .ARM.attributes
                0x0000000000000444       0x34 /Users/user/Desktop/libopencm3/lib/libopencm3_stm32l4.a(systick.o)
 .ARM.attributes
                0x0000000000000478       0x34 /Users/user/Desktop/libopencm3/lib/libopencm3_stm32l4.a(nvic.o)

.debug_frame    0x0000000000000000     0x1278
 .debug_frame   0x0000000000000000       0x64 build/lcdtest_app.o
 .debug_frame   0x0000000000000064      0x154 build/esos.o
 .debug_frame   0x00000000000001b8      0x190 build/esos_lcd44780wo.o
 .debug_frame   0x0000000000000348       0x64 build/esos_stm32l4_edub_4bit_lcd44780wo.o
 .debug_frame   0x00000000000003ac       0xec build/esos_cb.o
 .debug_frame   0x0000000000000498       0x88 build/esos_utils.o
 .debug_frame   0x0000000000000520      0x170 build/esos_comm.o
 .debug_frame   0x0000000000000690       0x68 build/esos_mail.o
 .debug_frame   0x00000000000006f8       0x78 build/esos_stm32l4_tick.o
 .debug_frame   0x0000000000000770       0x50 build/esos_stm32l4_utils.o
 .debug_frame   0x00000000000007c0       0xb4 build/esos_stm32l4_rs232.o
 .debug_frame   0x0000000000000874       0x50 /Users/user/Desktop/libopencm3/lib/libopencm3_stm32l4.a(flash_common_all.o)
 .debug_frame   0x00000000000008c4       0x70 /Users/user/Desktop/libopencm3/lib/libopencm3_stm32l4.a(flash_common_idcache.o)
 .debug_frame   0x0000000000000934       0x80 /Users/user/Desktop/libopencm3/lib/libopencm3_stm32l4.a(gpio_common_all.o)
 .debug_frame   0x00000000000009b4       0x70 /Users/user/Desktop/libopencm3/lib/libopencm3_stm32l4.a(gpio_common_f0234.o)
 .debug_frame   0x0000000000000a24      0x250 /Users/user/Desktop/libopencm3/lib/libopencm3_stm32l4.a(rcc.o)
 .debug_frame   0x0000000000000c74       0xe0 /Users/user/Desktop/libopencm3/lib/libopencm3_stm32l4.a(rcc_common_all.o)
 .debug_frame   0x0000000000000d54       0x78 /Users/user/Desktop/libopencm3/lib/libopencm3_stm32l4.a(rng_common_v1.o)
 .debug_frame   0x0000000000000dcc      0x1b8 /Users/user/Desktop/libopencm3/lib/libopencm3_stm32l4.a(usart_common_all.o)
 .debug_frame   0x0000000000000f84      0x130 /Users/user/Desktop/libopencm3/lib/libopencm3_stm32l4.a(usart_common_v2.o)
 .debug_frame   0x00000000000010b4       0x4c /Users/user/Desktop/libopencm3/lib/libopencm3_stm32l4.a(vector.o)
 .debug_frame   0x0000000000001100       0xd8 /Users/user/Desktop/libopencm3/lib/libopencm3_stm32l4.a(systick.o)
 .debug_frame   0x00000000000011d8       0xa0 /Users/user/Desktop/libopencm3/lib/libopencm3_stm32l4.a(nvic.o)

.debug_macro    0x0000000000000000     0x4582
 .debug_macro   0x0000000000000000       0xc8 /Users/user/Desktop/libopencm3/lib/libopencm3_stm32l4.a(flash_common_all.o)
 .debug_macro   0x00000000000000c8      0xa6c /Users/user/Desktop/libopencm3/lib/libopencm3_stm32l4.a(flash_common_all.o)
 .debug_macro   0x0000000000000b34       0x1c /Users/user/Desktop/libopencm3/lib/libopencm3_stm32l4.a(flash_common_all.o)
 .debug_macro   0x0000000000000b50       0x22 /Users/user/Desktop/libopencm3/lib/libopencm3_stm32l4.a(flash_common_all.o)
 .debug_macro   0x0000000000000b72       0x56 /Users/user/Desktop/libopencm3/lib/libopencm3_stm32l4.a(flash_common_all.o)
 .debug_macro   0x0000000000000bc8       0x51 /Users/user/Desktop/libopencm3/lib/libopencm3_stm32l4.a(flash_common_all.o)
 .debug_macro   0x0000000000000c19      0x103 /Users/user/Desktop/libopencm3/lib/libopencm3_stm32l4.a(flash_common_all.o)
 .debug_macro   0x0000000000000d1c       0x6a /Users/user/Desktop/libopencm3/lib/libopencm3_stm32l4.a(flash_common_all.o)
 .debug_macro   0x0000000000000d86      0x1df /Users/user/Desktop/libopencm3/lib/libopencm3_stm32l4.a(flash_common_all.o)
 .debug_macro   0x0000000000000f65       0x22 /Users/user/Desktop/libopencm3/lib/libopencm3_stm32l4.a(flash_common_all.o)
 .debug_macro   0x0000000000000f87       0xe8 /Users/user/Desktop/libopencm3/lib/libopencm3_stm32l4.a(flash_common_all.o)
 .debug_macro   0x000000000000106f       0x76 /Users/user/Desktop/libopencm3/lib/libopencm3_stm32l4.a(flash_common_all.o)
 .debug_macro   0x00000000000010e5      0x217 /Users/user/Desktop/libopencm3/lib/libopencm3_stm32l4.a(flash_common_all.o)
 .debug_macro   0x00000000000012fc       0x1c /Users/user/Desktop/libopencm3/lib/libopencm3_stm32l4.a(flash_common_all.o)
 .debug_macro   0x0000000000001318      0x2f3 /Users/user/Desktop/libopencm3/lib/libopencm3_stm32l4.a(flash_common_all.o)
 .debug_macro   0x000000000000160b       0xc8 /Users/user/Desktop/libopencm3/lib/libopencm3_stm32l4.a(flash_common_idcache.o)
 .debug_macro   0x00000000000016d3       0xd6 /Users/user/Desktop/libopencm3/lib/libopencm3_stm32l4.a(gpio_common_all.o)
 .debug_macro   0x00000000000017a9       0x76 /Users/user/Desktop/libopencm3/lib/libopencm3_stm32l4.a(gpio_common_all.o)
 .debug_macro   0x000000000000181f      0x37e /Users/user/Desktop/libopencm3/lib/libopencm3_stm32l4.a(gpio_common_all.o)
 .debug_macro   0x0000000000001b9d       0xca /Users/user/Desktop/libopencm3/lib/libopencm3_stm32l4.a(gpio_common_all.o)
 .debug_macro   0x0000000000001c67       0x88 /Users/user/Desktop/libopencm3/lib/libopencm3_stm32l4.a(gpio_common_all.o)
 .debug_macro   0x0000000000001cef       0xd6 /Users/user/Desktop/libopencm3/lib/libopencm3_stm32l4.a(gpio_common_f0234.o)
 .debug_macro   0x0000000000001dc5      0x106 /Users/user/Desktop/libopencm3/lib/libopencm3_stm32l4.a(rcc.o)
 .debug_macro   0x0000000000001ecb       0x16 /Users/user/Desktop/libopencm3/lib/libopencm3_stm32l4.a(rcc.o)
 .debug_macro   0x0000000000001ee1      0x215 /Users/user/Desktop/libopencm3/lib/libopencm3_stm32l4.a(rcc.o)
 .debug_macro   0x00000000000020f6      0xcc1 /Users/user/Desktop/libopencm3/lib/libopencm3_stm32l4.a(rcc.o)
 .debug_macro   0x0000000000002db7       0xe1 /Users/user/Desktop/libopencm3/lib/libopencm3_stm32l4.a(rcc_common_all.o)
 .debug_macro   0x0000000000002e98       0xb3 /Users/user/Desktop/libopencm3/lib/libopencm3_stm32l4.a(rng_common_v1.o)
 .debug_macro   0x0000000000002f4b       0x46 /Users/user/Desktop/libopencm3/lib/libopencm3_stm32l4.a(rng_common_v1.o)
 .debug_macro   0x0000000000002f91       0xec /Users/user/Desktop/libopencm3/lib/libopencm3_stm32l4.a(usart_common_all.o)
 .debug_macro   0x000000000000307d       0x94 /Users/user/Desktop/libopencm3/lib/libopencm3_stm32l4.a(usart_common_all.o)
 .debug_macro   0x0000000000003111      0x55b /Users/user/Desktop/libopencm3/lib/libopencm3_stm32l4.a(usart_common_all.o)
 .debug_macro   0x000000000000366c       0x28 /Users/user/Desktop/libopencm3/lib/libopencm3_stm32l4.a(usart_common_all.o)
 .debug_macro   0x0000000000003694       0xc1 /Users/user/Desktop/libopencm3/lib/libopencm3_stm32l4.a(usart_common_v2.o)
 .debug_macro   0x0000000000003755       0xd3 /Users/user/Desktop/libopencm3/lib/libopencm3_stm32l4.a(vector.o)
 .debug_macro   0x0000000000003828      0x452 /Users/user/Desktop/libopencm3/lib/libopencm3_stm32l4.a(vector.o)
 .debug_macro   0x0000000000003c7a       0x6e /Users/user/Desktop/libopencm3/lib/libopencm3_stm32l4.a(vector.o)
 .debug_macro   0x0000000000003ce8      0x22c /Users/user/Desktop/libopencm3/lib/libopencm3_stm32l4.a(vector.o)
 .debug_macro   0x0000000000003f14       0x92 /Users/user/Desktop/libopencm3/lib/libopencm3_stm32l4.a(systick.o)
 .debug_macro   0x0000000000003fa6       0x69 /Users/user/Desktop/libopencm3/lib/libopencm3_stm32l4.a(systick.o)
 .debug_macro   0x000000000000400f       0xb3 /Users/user/Desktop/libopencm3/lib/libopencm3_stm32l4.a(nvic.o)
 .debug_macro   0x00000000000040c2       0x68 /Users/user/Desktop/libopencm3/lib/libopencm3_stm32l4.a(nvic.o)
 .debug_macro   0x000000000000412a      0x458 /Users/user/Desktop/libopencm3/lib/libopencm3_stm32l4.a(nvic.o)

Cross Reference Table

Symbol                                            File
Default_Handler                                   build/esos_stm32l4_tick.o
Error_Handler                                     build/esos_stm32l4_tick.o
__astChildTaskPool                                build/esos.o
__astCircularBuffers                              build/esos.o
__astMailbox                                      build/esos.o
__astTmrSvcs                                      build/esos.o
__astUserTaskPool                                 build/esos.o
__ast_esosSuiLEDs                                 build/esos_sui.o
__ast_esosSuiSwitches                             build/esos_sui.o
__au8UserTaskStructIndex                          build/esos.o
__au8_MBData                                      build/esos.o
__esosInit                                        build/esos.o
__esos_CB_Init                                    build/esos_cb.o
                                                  build/esos_mail.o
                                                  build/esos_comm.o
__esos_CB_OverwriteUINT8                          build/esos_cb.o
                                                  build/esos_stm32l4_rs232.o
__esos_CB_ReadUINT16                              build/esos_cb.o
                                                  build/esos_mail.o
__esos_CB_ReadUINT32                              build/esos_cb.o
                                                  build/esos_mail.o
__esos_CB_ReadUINT8                               build/esos_cb.o
                                                  build/esos_stm32l4_rs232.o
                                                  build/esos_mail.o
                                                  build/esos_comm.o
__esos_CB_ReadUINT8Buffer                         build/esos_cb.o
__esos_CB_WriteUINT16                             build/esos_cb.o
                                                  build/esos_mail.o
__esos_CB_WriteUINT32                             build/esos_cb.o
                                                  build/esos_mail.o
__esos_CB_WriteUINT8                              build/esos_cb.o
                                                  build/esos_mail.o
                                                  build/esos_comm.o
__esos_CB_WriteUINT8Buffer                        build/esos_cb.o
                                                  build/esos_comm.o
__esos_InitCommSystem                             build/esos_comm.o
                                                  build/esos.o
__esos_InitMailbox                                build/esos_mail.o
                                                  build/esos.o
__esos_InitSUI                                    build/esos_sui.o
__esos_OutChar                                    build/esos_comm.o
__esos_OutCharBuffer                              build/esos_comm.o
__esos_OutString                                  build/esos_comm.o
__esos_OutUint32AsHexString                       build/esos_comm.o
__esos_OutUint8AsDecString                        build/esos_comm.o
__esos_OutUint8AsHexString                        build/esos_comm.o
__esos_ReadMailMessage                            build/esos_mail.o
__esos_SendMailMessage                            build/esos_mail.o
__esos_comm_rx_buff                               build/esos_comm.o
__esos_comm_tx_buff                               build/esos_comm.o
__esos_configUART1                                build/esos_stm32l4_rs232.o
__esos_getBuffer                                  build/esos_comm.o
__esos_getString                                  build/esos_comm.o
__esos_get_PRNG_RandomUint32                      build/esos_utils.o
                                                  build/esos_stm32l4_utils.o
__esos_hasTickDurationPassed                      build/esos.o
                                                  build/esos_sui.o
                                                  build/esos_stm32l4_edub_4bit_lcd44780wo.o
                                                  build/esos_lcd44780wo.o
                                                  build/lcdtest_app.o
__esos_hw_GetSystemTickCount                      build/esos_stm32l4_tick.o
                                                  build/esos_mail.o
                                                  build/esos_sui.o
                                                  build/esos_stm32l4_edub_4bit_lcd44780wo.o
                                                  build/esos_lcd44780wo.o
                                                  build/esos.o
                                                  build/lcdtest_app.o
__esos_hw_InitCommSystem                          build/esos_stm32l4_rs232.o
                                                  build/esos_comm.o
__esos_hw_InitSystemTick                          build/esos_stm32l4_tick.o
                                                  build/esos.o
__esos_hw_PRNG_u32                                build/esos_stm32l4_utils.o
                                                  build/esos_utils.o
__esos_hw_config_PRNG                             build/esos_stm32l4_utils.o
                                                  build/esos.o
__esos_hw_set_PRNG_Seed                           build/esos_stm32l4_utils.o
__esos_hw_signal_start_tx                         build/esos_stm32l4_rs232.o
                                                  build/esos_comm.o
__esos_hw_signal_stop_tx                          build/esos_stm32l4_rs232.o
__esos_lcd44780_hw_config                         build/esos_stm32l4_edub_4bit_lcd44780wo.o
                                                  build/esos_lcd44780wo.o
__esos_lcd44780_hw_write_u8                       build/esos_stm32l4_edub_4bit_lcd44780wo.o
                                                  build/esos_lcd44780wo.o
__esos_lcd44780_init                              build/esos_lcd44780wo.o
                                                  build/lcdtest_app.o
__esos_lcd44780_service                           build/esos_lcd44780wo.o
__esos_set_PRNG_U32Seed                           build/esos_utils.o
                                                  build/esos.o
__esos_sui_task                                   build/esos_sui.o
__esos_tmrSvcsExecute                             build/esos.o
                                                  build/esos_stm32l4_tick.o
__esos_u32FNVHash                                 build/esos_utils.o
__esos_u32SystemFlags                             build/esos.o
                                                  build/esos_stm32l4_rs232.o
__esos_u32TmrActiveFlags                          build/esos.o
__esos_u32UserFlags                               build/esos.o
__esos_u8TmrSvcsRegistered                        build/esos.o
__esos_u8_GetLSBHexCharFromUint8                  build/esos_comm.o
__esos_u8_GetMSBHexCharFromUint8                  build/esos_comm.o
__esos_unsafe_GetUint8                            build/esos_comm.o
__esos_unsafe_PutString                           build/esos_comm.o
__esos_unsafe_PutUint8                            build/esos_comm.o
__esos_unsafe_lcd44780_hw_write_u4                build/esos_stm32l4_edub_4bit_lcd44780wo.o
                                                  build/esos_lcd44780wo.o
__fini_array_end                                  /Users/user/Desktop/libopencm3/lib/libopencm3_stm32l4.a(vector.o)
__fini_array_start                                /Users/user/Desktop/libopencm3/lib/libopencm3_stm32l4.a(vector.o)
__init_array_end                                  /Users/user/Desktop/libopencm3/lib/libopencm3_stm32l4.a(vector.o)
__init_array_start                                /Users/user/Desktop/libopencm3/lib/libopencm3_stm32l4.a(vector.o)
__preinit_array_end                               /Users/user/Desktop/libopencm3/lib/libopencm3_stm32l4.a(vector.o)
__preinit_array_start                             /Users/user/Desktop/libopencm3/lib/libopencm3_stm32l4.a(vector.o)
__pst_CB_Rx                                       build/esos_comm.o
                                                  build/esos_stm32l4_rs232.o
__pst_CB_Tx                                       build/esos_comm.o
                                                  build/esos_stm32l4_rs232.o
__stChildTaskRx                                   build/esos_comm.o
__stChildTaskTx                                   build/esos_comm.o
__stLCDChildTask                                  build/esos_lcd44780wo.o
__st_CB_Rx                                        build/esos_comm.o
__st_CB_Tx                                        build/esos_comm.o
__u16NumTasksEverCreated                          build/esos.o
__u32_esos_PRNG_Seed                              build/esos_utils.o
__u8ChildTasksRegistered                          build/esos.o
__u8UserTasksRegistered                           build/esos.o
__u8_esosSuiNumLEDs                               build/esos_sui.o
__u8_esosSuiNumSWs                                build/esos_sui.o
__u8_esos_mail_routines_dummy_uint8               build/esos_mail.o
__user_init_hw                                    build/lcdtest_app.o
_data                                             /Users/user/Desktop/libopencm3/lib/libopencm3_stm32l4.a(vector.o)
_data_loadaddr                                    /Users/user/Desktop/libopencm3/lib/libopencm3_stm32l4.a(vector.o)
_ebss                                             /Users/user/Desktop/libopencm3/lib/libopencm3_stm32l4.a(vector.o)
_edata                                            /Users/user/Desktop/libopencm3/lib/libopencm3_stm32l4.a(vector.o)
_esos_hw_GetSerialUartVersion                     build/esos_stm32l4_rs232.o
_stack                                            /Users/user/Desktop/libopencm3/lib/libopencm3_stm32l4.a(vector.o)
adc1_2_isr                                        /Users/user/Desktop/libopencm3/lib/libopencm3_stm32l4.a(vector.o)
adc3_isr                                          /Users/user/Desktop/libopencm3/lib/libopencm3_stm32l4.a(vector.o)
aes_isr                                           /Users/user/Desktop/libopencm3/lib/libopencm3_stm32l4.a(vector.o)
blocking_handler                                  /Users/user/Desktop/libopencm3/lib/libopencm3_stm32l4.a(vector.o)
bus_fault_handler                                 /Users/user/Desktop/libopencm3/lib/libopencm3_stm32l4.a(vector.o)
can1_rx0_isr                                      /Users/user/Desktop/libopencm3/lib/libopencm3_stm32l4.a(vector.o)
can1_rx1_isr                                      /Users/user/Desktop/libopencm3/lib/libopencm3_stm32l4.a(vector.o)
can1_sce_isr                                      /Users/user/Desktop/libopencm3/lib/libopencm3_stm32l4.a(vector.o)
can1_tx_isr                                       /Users/user/Desktop/libopencm3/lib/libopencm3_stm32l4.a(vector.o)
can2_rx0_isr                                      /Users/user/Desktop/libopencm3/lib/libopencm3_stm32l4.a(vector.o)
can2_rx1_isr                                      /Users/user/Desktop/libopencm3/lib/libopencm3_stm32l4.a(vector.o)
can2_sce_isr                                      /Users/user/Desktop/libopencm3/lib/libopencm3_stm32l4.a(vector.o)
can2_tx_isr                                       /Users/user/Desktop/libopencm3/lib/libopencm3_stm32l4.a(vector.o)
comp_isr                                          /Users/user/Desktop/libopencm3/lib/libopencm3_stm32l4.a(vector.o)
count                                             build/esos_stm32l4_tick.o
dcmi_isr                                          /Users/user/Desktop/libopencm3/lib/libopencm3_stm32l4.a(vector.o)
debug_monitor_handler                             /Users/user/Desktop/libopencm3/lib/libopencm3_stm32l4.a(vector.o)
dfsdm0_isr                                        /Users/user/Desktop/libopencm3/lib/libopencm3_stm32l4.a(vector.o)
dfsdm1_isr                                        /Users/user/Desktop/libopencm3/lib/libopencm3_stm32l4.a(vector.o)
dfsdm2_isr                                        /Users/user/Desktop/libopencm3/lib/libopencm3_stm32l4.a(vector.o)
dfsdm3_isr                                        /Users/user/Desktop/libopencm3/lib/libopencm3_stm32l4.a(vector.o)
dma1_channel1_isr                                 /Users/user/Desktop/libopencm3/lib/libopencm3_stm32l4.a(vector.o)
dma1_channel2_isr                                 /Users/user/Desktop/libopencm3/lib/libopencm3_stm32l4.a(vector.o)
dma1_channel3_isr                                 /Users/user/Desktop/libopencm3/lib/libopencm3_stm32l4.a(vector.o)
dma1_channel4_isr                                 /Users/user/Desktop/libopencm3/lib/libopencm3_stm32l4.a(vector.o)
dma1_channel5_isr                                 /Users/user/Desktop/libopencm3/lib/libopencm3_stm32l4.a(vector.o)
dma1_channel6_isr                                 /Users/user/Desktop/libopencm3/lib/libopencm3_stm32l4.a(vector.o)
dma1_channel7_isr                                 /Users/user/Desktop/libopencm3/lib/libopencm3_stm32l4.a(vector.o)
dma2_channel1_isr                                 /Users/user/Desktop/libopencm3/lib/libopencm3_stm32l4.a(vector.o)
dma2_channel2_isr                                 /Users/user/Desktop/libopencm3/lib/libopencm3_stm32l4.a(vector.o)
dma2_channel3_isr                                 /Users/user/Desktop/libopencm3/lib/libopencm3_stm32l4.a(vector.o)
dma2_channel4_isr                                 /Users/user/Desktop/libopencm3/lib/libopencm3_stm32l4.a(vector.o)
dma2_channel5_isr                                 /Users/user/Desktop/libopencm3/lib/libopencm3_stm32l4.a(vector.o)
dma2_channel6_isr                                 /Users/user/Desktop/libopencm3/lib/libopencm3_stm32l4.a(vector.o)
dma2_channel7_isr                                 /Users/user/Desktop/libopencm3/lib/libopencm3_stm32l4.a(vector.o)
dma2d_isr                                         /Users/user/Desktop/libopencm3/lib/libopencm3_stm32l4.a(vector.o)
esos_ChangeTimerPeriod                            build/esos.o
esos_GetCommSystemMaxInDataLen                    build/esos_stm32l4_rs232.o
esos_GetCommSystemMaxOutDataLen                   build/esos_stm32l4_rs232.o
esos_GetFreeChildTaskStruct                       build/esos.o
esos_GetMaxNumberTasks                            build/esos.o
esos_GetRandomUint32                              build/esos_utils.o
esos_GetTaskHandle                                build/esos.o
esos_GetTaskHandleFromID                          build/esos.o
                                                  build/esos_mail.o
esos_GetTimerHandle                               build/esos.o
esos_RegisterTask                                 build/esos.o
                                                  build/esos_sui.o
                                                  build/esos_lcd44780wo.o
                                                  build/lcdtest_app.o
esos_RegisterTimer                                build/esos.o
esos_UnregisterTask                               build/esos.o
esos_UnregisterTimer                              build/esos.o
esos_buffer_hash_u32                              build/esos_utils.o
esos_hash_u32_to_u16                              build/esos_utils.o
esos_hw_sui_configLED                             build/esos_sui.o
esos_hw_sui_configSwitch                          build/esos_sui.o
esos_hw_sui_isSwitchPressed                       build/esos_sui.o
esos_hw_sui_turnLEDOff                            build/esos_sui.o
esos_hw_sui_turnLEDOn                             build/esos_sui.o
esos_lcd44780_clearScreen                         build/esos_lcd44780wo.o
                                                  build/lcdtest_app.o
esos_lcd44780_configDisplay                       build/esos_lcd44780wo.o
                                                  build/lcdtest_app.o
esos_lcd44780_getBuffer                           build/esos_lcd44780wo.o
esos_lcd44780_getChar                             build/esos_lcd44780wo.o
esos_lcd44780_getCursorBlink                      build/esos_lcd44780wo.o
esos_lcd44780_getCursorDisplay                    build/esos_lcd44780wo.o
esos_lcd44780_getCustomChar                       build/esos_lcd44780wo.o
esos_lcd44780_getDisplayVisible                   build/esos_lcd44780wo.o
esos_lcd44780_isCurrent                           build/esos_lcd44780wo.o
esos_lcd44780_setCursor                           build/esos_lcd44780wo.o
esos_lcd44780_setCursorBlink                      build/esos_lcd44780wo.o
                                                  build/lcdtest_app.o
esos_lcd44780_setCursorDisplay                    build/esos_lcd44780wo.o
                                                  build/lcdtest_app.o
esos_lcd44780_setCursorHome                       build/esos_lcd44780wo.o
esos_lcd44780_setCustomChar                       build/esos_lcd44780wo.o
esos_lcd44780_setDisplayVisible                   build/esos_lcd44780wo.o
                                                  build/lcdtest_app.o
esos_lcd44780_vars                                build/esos_lcd44780wo.o
esos_lcd44780_writeBuffer                         build/esos_lcd44780wo.o
esos_lcd44780_writeChar                           build/esos_lcd44780wo.o
                                                  build/lcdtest_app.o
esos_lcd44780_writeString                         build/esos_lcd44780wo.o
                                                  build/lcdtest_app.o
esos_string_hash_u32                              build/esos_utils.o
esos_sui_flashLED                                 build/esos_sui.o
esos_sui_getLEDFlashPeriod                        build/esos_sui.o
esos_sui_getLEDLastEventTime                      build/esos_sui.o
esos_sui_getLEDUserData1                          build/esos_sui.o
esos_sui_getLEDUserData2                          build/esos_sui.o
esos_sui_getNumberOfLEDs                          build/esos_sui.o
esos_sui_getNumberOfSwitches                      build/esos_sui.o
esos_sui_getSwitchLastEvent                       build/esos_sui.o
esos_sui_getSwitchLastEventTime                   build/esos_sui.o
esos_sui_getSwitchUserData1                       build/esos_sui.o
esos_sui_getSwitchUserData2                       build/esos_sui.o
esos_sui_isLEDFlashing                            build/esos_sui.o
esos_sui_isLEDOff                                 build/esos_sui.o
esos_sui_isLEDOn                                  build/esos_sui.o
esos_sui_isLEDOneShot                             build/esos_sui.o
esos_sui_isSWDoublePressed                        build/esos_sui.o
esos_sui_isSWPressed                              build/esos_sui.o
esos_sui_isSWReleased                             build/esos_sui.o
esos_sui_oneshotLED                               build/esos_sui.o
esos_sui_registerLED                              build/esos_sui.o
esos_sui_registerSwitch                           build/esos_sui.o
esos_sui_stopFlashLED                             build/esos_sui.o
esos_sui_toggleLED                                build/esos_sui.o
esos_sui_turnLEDOff                               build/esos_sui.o
esos_sui_turnLEDOn                                build/esos_sui.o
esos_taskname_hash_u16                            build/esos_utils.o
esos_tick_count                                   build/esos_stm32l4_tick.o
exti0_isr                                         /Users/user/Desktop/libopencm3/lib/libopencm3_stm32l4.a(vector.o)
exti15_10_isr                                     /Users/user/Desktop/libopencm3/lib/libopencm3_stm32l4.a(vector.o)
exti1_isr                                         /Users/user/Desktop/libopencm3/lib/libopencm3_stm32l4.a(vector.o)
exti2_isr                                         /Users/user/Desktop/libopencm3/lib/libopencm3_stm32l4.a(vector.o)
exti3_isr                                         /Users/user/Desktop/libopencm3/lib/libopencm3_stm32l4.a(vector.o)
exti4_isr                                         /Users/user/Desktop/libopencm3/lib/libopencm3_stm32l4.a(vector.o)
exti9_5_isr                                       /Users/user/Desktop/libopencm3/lib/libopencm3_stm32l4.a(vector.o)
flash_dcache_disable                              /Users/user/Desktop/libopencm3/lib/libopencm3_stm32l4.a(flash_common_idcache.o)
                                                  /Users/user/Desktop/libopencm3/lib/libopencm3_stm32l4.a(rcc.o)
flash_dcache_enable                               /Users/user/Desktop/libopencm3/lib/libopencm3_stm32l4.a(flash_common_idcache.o)
                                                  /Users/user/Desktop/libopencm3/lib/libopencm3_stm32l4.a(rcc.o)
                                                  build/esos_stm32l4_tick.o
flash_dcache_reset                                /Users/user/Desktop/libopencm3/lib/libopencm3_stm32l4.a(flash_common_idcache.o)
flash_icache_disable                              /Users/user/Desktop/libopencm3/lib/libopencm3_stm32l4.a(flash_common_idcache.o)
                                                  /Users/user/Desktop/libopencm3/lib/libopencm3_stm32l4.a(rcc.o)
flash_icache_enable                               /Users/user/Desktop/libopencm3/lib/libopencm3_stm32l4.a(flash_common_idcache.o)
                                                  /Users/user/Desktop/libopencm3/lib/libopencm3_stm32l4.a(rcc.o)
                                                  build/esos_stm32l4_tick.o
flash_icache_reset                                /Users/user/Desktop/libopencm3/lib/libopencm3_stm32l4.a(flash_common_idcache.o)
flash_isr                                         /Users/user/Desktop/libopencm3/lib/libopencm3_stm32l4.a(vector.o)
flash_prefetch_disable                            /Users/user/Desktop/libopencm3/lib/libopencm3_stm32l4.a(flash_common_all.o)
flash_prefetch_enable                             /Users/user/Desktop/libopencm3/lib/libopencm3_stm32l4.a(flash_common_all.o)
                                                  build/esos_stm32l4_tick.o
flash_set_ws                                      /Users/user/Desktop/libopencm3/lib/libopencm3_stm32l4.a(flash_common_all.o)
                                                  /Users/user/Desktop/libopencm3/lib/libopencm3_stm32l4.a(rcc.o)
                                                  build/esos_stm32l4_tick.o
flash_unlock_option_bytes                         /Users/user/Desktop/libopencm3/lib/libopencm3_stm32l4.a(flash_common_all.o)
fmc_isr                                           /Users/user/Desktop/libopencm3/lib/libopencm3_stm32l4.a(vector.o)
fpu_isr                                           /Users/user/Desktop/libopencm3/lib/libopencm3_stm32l4.a(vector.o)
gpio_clear                                        /Users/user/Desktop/libopencm3/lib/libopencm3_stm32l4.a(gpio_common_all.o)
                                                  build/esos_stm32l4_edub_4bit_lcd44780wo.o
gpio_get                                          /Users/user/Desktop/libopencm3/lib/libopencm3_stm32l4.a(gpio_common_all.o)
gpio_mode_setup                                   /Users/user/Desktop/libopencm3/lib/libopencm3_stm32l4.a(gpio_common_f0234.o)
                                                  build/esos_stm32l4_rs232.o
                                                  build/esos_stm32l4_edub_4bit_lcd44780wo.o
gpio_port_config_lock                             /Users/user/Desktop/libopencm3/lib/libopencm3_stm32l4.a(gpio_common_all.o)
gpio_port_read                                    /Users/user/Desktop/libopencm3/lib/libopencm3_stm32l4.a(gpio_common_all.o)
gpio_port_write                                   /Users/user/Desktop/libopencm3/lib/libopencm3_stm32l4.a(gpio_common_all.o)
gpio_set                                          /Users/user/Desktop/libopencm3/lib/libopencm3_stm32l4.a(gpio_common_all.o)
                                                  build/esos_stm32l4_edub_4bit_lcd44780wo.o
gpio_set_af                                       /Users/user/Desktop/libopencm3/lib/libopencm3_stm32l4.a(gpio_common_f0234.o)
                                                  build/esos_stm32l4_rs232.o
gpio_set_output_options                           /Users/user/Desktop/libopencm3/lib/libopencm3_stm32l4.a(gpio_common_f0234.o)
                                                  build/esos_stm32l4_rs232.o
                                                  build/esos_stm32l4_edub_4bit_lcd44780wo.o
gpio_toggle                                       /Users/user/Desktop/libopencm3/lib/libopencm3_stm32l4.a(gpio_common_all.o)
hard_fault_handler                                /Users/user/Desktop/libopencm3/lib/libopencm3_stm32l4.a(vector.o)
hash_crs_isr                                      /Users/user/Desktop/libopencm3/lib/libopencm3_stm32l4.a(vector.o)
i2c1_er_isr                                       /Users/user/Desktop/libopencm3/lib/libopencm3_stm32l4.a(vector.o)
i2c1_ev_isr                                       /Users/user/Desktop/libopencm3/lib/libopencm3_stm32l4.a(vector.o)
i2c2_er_isr                                       /Users/user/Desktop/libopencm3/lib/libopencm3_stm32l4.a(vector.o)
i2c2_ev_isr                                       /Users/user/Desktop/libopencm3/lib/libopencm3_stm32l4.a(vector.o)
i2c3_er_isr                                       /Users/user/Desktop/libopencm3/lib/libopencm3_stm32l4.a(vector.o)
i2c3_ev_isr                                       /Users/user/Desktop/libopencm3/lib/libopencm3_stm32l4.a(vector.o)
i2c4_er_isr                                       /Users/user/Desktop/libopencm3/lib/libopencm3_stm32l4.a(vector.o)
i2c4_ev_isr                                       /Users/user/Desktop/libopencm3/lib/libopencm3_stm32l4.a(vector.o)
lcd_isr                                           /Users/user/Desktop/libopencm3/lib/libopencm3_stm32l4.a(vector.o)
lcdtest                                           build/lcdtest_app.o
lptim1_isr                                        /Users/user/Desktop/libopencm3/lib/libopencm3_stm32l4.a(vector.o)
lptim2_isr                                        /Users/user/Desktop/libopencm3/lib/libopencm3_stm32l4.a(vector.o)
lpuart1_isr                                       /Users/user/Desktop/libopencm3/lib/libopencm3_stm32l4.a(vector.o)
main                                              build/esos.o
                                                  /Users/user/Desktop/libopencm3/lib/libopencm3_stm32l4.a(vector.o)
mem_manage_handler                                /Users/user/Desktop/libopencm3/lib/libopencm3_stm32l4.a(vector.o)
nmi_handler                                       /Users/user/Desktop/libopencm3/lib/libopencm3_stm32l4.a(vector.o)
null_handler                                      /Users/user/Desktop/libopencm3/lib/libopencm3_stm32l4.a(vector.o)
nvic_clear_pending_irq                            /Users/user/Desktop/libopencm3/lib/libopencm3_stm32l4.a(nvic.o)
nvic_disable_irq                                  /Users/user/Desktop/libopencm3/lib/libopencm3_stm32l4.a(nvic.o)
nvic_enable_irq                                   /Users/user/Desktop/libopencm3/lib/libopencm3_stm32l4.a(nvic.o)
                                                  build/esos_stm32l4_rs232.o
nvic_generate_software_interrupt                  /Users/user/Desktop/libopencm3/lib/libopencm3_stm32l4.a(nvic.o)
nvic_get_active_irq                               /Users/user/Desktop/libopencm3/lib/libopencm3_stm32l4.a(nvic.o)
nvic_get_irq_enabled                              /Users/user/Desktop/libopencm3/lib/libopencm3_stm32l4.a(nvic.o)
nvic_get_pending_irq                              /Users/user/Desktop/libopencm3/lib/libopencm3_stm32l4.a(nvic.o)
nvic_set_pending_irq                              /Users/user/Desktop/libopencm3/lib/libopencm3_stm32l4.a(nvic.o)
nvic_set_priority                                 /Users/user/Desktop/libopencm3/lib/libopencm3_stm32l4.a(nvic.o)
otg_fs_isr                                        /Users/user/Desktop/libopencm3/lib/libopencm3_stm32l4.a(vector.o)
pend_sv_handler                                   /Users/user/Desktop/libopencm3/lib/libopencm3_stm32l4.a(vector.o)
pvd_pvm_isr                                       /Users/user/Desktop/libopencm3/lib/libopencm3_stm32l4.a(vector.o)
pwr_disable_backup_domain_write_protect           /Users/user/Desktop/libopencm3/lib/libopencm3_stm32l4.a(pwr.o)
pwr_enable_backup_domain_write_protect            /Users/user/Desktop/libopencm3/lib/libopencm3_stm32l4.a(pwr.o)
pwr_set_vos_scale                                 /Users/user/Desktop/libopencm3/lib/libopencm3_stm32l4.a(pwr.o)
                                                  /Users/user/Desktop/libopencm3/lib/libopencm3_stm32l4.a(rcc.o)
quadspi_isr                                       /Users/user/Desktop/libopencm3/lib/libopencm3_stm32l4.a(vector.o)
rcc_ahb_frequency                                 /Users/user/Desktop/libopencm3/lib/libopencm3_stm32l4.a(rcc.o)
                                                  build/esos_stm32l4_tick.o
rcc_apb1_frequency                                /Users/user/Desktop/libopencm3/lib/libopencm3_stm32l4.a(rcc.o)
                                                  build/esos_stm32l4_tick.o
rcc_apb2_frequency                                /Users/user/Desktop/libopencm3/lib/libopencm3_stm32l4.a(rcc.o)
                                                  build/esos_stm32l4_tick.o
rcc_clock_setup_pll                               /Users/user/Desktop/libopencm3/lib/libopencm3_stm32l4.a(rcc.o)
rcc_css_disable                                   /Users/user/Desktop/libopencm3/lib/libopencm3_stm32l4.a(rcc.o)
rcc_css_enable                                    /Users/user/Desktop/libopencm3/lib/libopencm3_stm32l4.a(rcc.o)
rcc_css_int_clear                                 /Users/user/Desktop/libopencm3/lib/libopencm3_stm32l4.a(rcc.o)
rcc_css_int_flag                                  /Users/user/Desktop/libopencm3/lib/libopencm3_stm32l4.a(rcc.o)
rcc_disable_rtc_clock                             /Users/user/Desktop/libopencm3/lib/libopencm3_stm32l4.a(rcc.o)
rcc_enable_rtc_clock                              /Users/user/Desktop/libopencm3/lib/libopencm3_stm32l4.a(rcc.o)
rcc_get_div_from_hpre                             /Users/user/Desktop/libopencm3/lib/libopencm3_stm32l4.a(rcc_common_all.o)
                                                  /Users/user/Desktop/libopencm3/lib/libopencm3_stm32l4.a(rcc.o)
rcc_get_i2c_clk_freq                              /Users/user/Desktop/libopencm3/lib/libopencm3_stm32l4.a(rcc.o)
rcc_get_spi_clk_freq                              /Users/user/Desktop/libopencm3/lib/libopencm3_stm32l4.a(rcc.o)
rcc_get_timer_clk_freq                            /Users/user/Desktop/libopencm3/lib/libopencm3_stm32l4.a(rcc.o)
rcc_get_usart_clk_freq                            /Users/user/Desktop/libopencm3/lib/libopencm3_stm32l4.a(rcc.o)
                                                  /Users/user/Desktop/libopencm3/lib/libopencm3_stm32l4.a(usart_common_all.o)
rcc_hsi16_configs                                 /Users/user/Desktop/libopencm3/lib/libopencm3_stm32l4.a(rcc.o)
rcc_is_osc_ready                                  /Users/user/Desktop/libopencm3/lib/libopencm3_stm32l4.a(rcc.o)
rcc_isr                                           /Users/user/Desktop/libopencm3/lib/libopencm3_stm32l4.a(vector.o)
rcc_osc_bypass_disable                            /Users/user/Desktop/libopencm3/lib/libopencm3_stm32l4.a(rcc_common_all.o)
rcc_osc_bypass_enable                             /Users/user/Desktop/libopencm3/lib/libopencm3_stm32l4.a(rcc_common_all.o)
rcc_osc_off                                       /Users/user/Desktop/libopencm3/lib/libopencm3_stm32l4.a(rcc.o)
rcc_osc_on                                        /Users/user/Desktop/libopencm3/lib/libopencm3_stm32l4.a(rcc.o)
                                                  build/esos_stm32l4_tick.o
rcc_osc_ready_int_clear                           /Users/user/Desktop/libopencm3/lib/libopencm3_stm32l4.a(rcc.o)
rcc_osc_ready_int_disable                         /Users/user/Desktop/libopencm3/lib/libopencm3_stm32l4.a(rcc.o)
rcc_osc_ready_int_enable                          /Users/user/Desktop/libopencm3/lib/libopencm3_stm32l4.a(rcc.o)
rcc_osc_ready_int_flag                            /Users/user/Desktop/libopencm3/lib/libopencm3_stm32l4.a(rcc.o)
rcc_periph_clock_disable                          /Users/user/Desktop/libopencm3/lib/libopencm3_stm32l4.a(rcc_common_all.o)
rcc_periph_clock_enable                           /Users/user/Desktop/libopencm3/lib/libopencm3_stm32l4.a(rcc_common_all.o)
                                                  /Users/user/Desktop/libopencm3/lib/libopencm3_stm32l4.a(rcc.o)
                                                  build/esos_stm32l4_rs232.o
                                                  build/esos_stm32l4_tick.o
rcc_periph_reset_hold                             /Users/user/Desktop/libopencm3/lib/libopencm3_stm32l4.a(rcc_common_all.o)
rcc_periph_reset_pulse                            /Users/user/Desktop/libopencm3/lib/libopencm3_stm32l4.a(rcc_common_all.o)
rcc_periph_reset_release                          /Users/user/Desktop/libopencm3/lib/libopencm3_stm32l4.a(rcc_common_all.o)
rcc_peripheral_clear_reset                        /Users/user/Desktop/libopencm3/lib/libopencm3_stm32l4.a(rcc_common_all.o)
rcc_peripheral_disable_clock                      /Users/user/Desktop/libopencm3/lib/libopencm3_stm32l4.a(rcc_common_all.o)
rcc_peripheral_enable_clock                       /Users/user/Desktop/libopencm3/lib/libopencm3_stm32l4.a(rcc_common_all.o)
rcc_peripheral_reset                              /Users/user/Desktop/libopencm3/lib/libopencm3_stm32l4.a(rcc_common_all.o)
rcc_pll_output_enable                             /Users/user/Desktop/libopencm3/lib/libopencm3_stm32l4.a(rcc.o)
rcc_set_clock48_source                            /Users/user/Desktop/libopencm3/lib/libopencm3_stm32l4.a(rcc.o)